 mexOMPMask

 Timestamp is 58907c33 (Tue Jan 31 13:59:47 2017)

 Preferred load address is 0000000180000000

 Start         Length     Name                   Class
 0001:00000000 00019ea4H .text                   CODE
 0001:00019eb0 000015c0H .text$x                 CODE
 0001:0001b470 0000010cH .text$yc                CODE
 0001:0001b580 00000055H .text$yd                CODE
 0002:00000000 00000340H .idata$5                DATA
 0002:00000340 00000008H .CRT$XCA                DATA
 0002:00000348 00000038H .CRT$XCU                DATA
 0002:00000380 00000008H .CRT$XCZ                DATA
 0002:00000388 00000008H .CRT$XIA                DATA
 0002:00000390 00000008H .CRT$XIAA               DATA
 0002:00000398 00000008H .CRT$XIC                DATA
 0002:000003a0 00000008H .CRT$XIZ                DATA
 0002:000003b0 000019c0H .rdata                  DATA
 0002:00001d70 000011e4H .rdata$r                DATA
 0002:00002f58 00000008H .rtc$IAA                DATA
 0002:00002f60 00000008H .rtc$IZZ                DATA
 0002:00002f68 00000008H .rtc$TAA                DATA
 0002:00002f70 00000008H .rtc$TZZ                DATA
 0002:00002f78 00001bd8H .xdata                  DATA
 0002:00004b50 00000078H .idata$2                DATA
 0002:00004bc8 00000014H .idata$3                DATA
 0002:00004be0 00000340H .idata$4                DATA
 0002:00004f20 000009f8H .idata$6                DATA
 0002:00005920 00000050H .edata                  DATA
 0003:00000000 00000530H .data                   DATA
 0003:00000530 00000088H .bss                    DATA
 0004:00000000 00001cbcH .pdata                  DATA

  Address         Publics by Value              Rva+Base               Lib:Object

 0000:00000000       ___safe_se_handler_table   0000000000000000     <absolute>
 0000:00000000       ___safe_se_handler_count   0000000000000000     <absolute>
 0000:00000000       __ImageBase                0000000180000000     <linker-defined>
 0001:00000000       mexFunction                0000000180001000 f   mexOMPMask.obj
 0001:000000a0       ?gettimeofday@@YAHPEAUtimeval@@PEAUtimezone@@@Z 00000001800010a0 f   mexOMPMask.obj
 0001:000001e0       ?cblas_transpose@@YAPEADW4CBLAS_TRANSPOSE@@@Z 00000001800011e0 f   mexOMPMask.obj
 0001:00000260       ?cblas_uplo@@YAPEADW4CBLAS_UPLO@@@Z 0000000180001260 f   mexOMPMask.obj
 0001:000002c0       ?cblas_diag@@YAPEADW4CBLAS_DIAG@@@Z 00000001800012c0 f   mexOMPMask.obj
 0001:00000320       ?cblas_side@@YAPEADW4CBLAS_SIDE@@@Z 0000000180001320 f   mexOMPMask.obj
 0001:00000380       ??0Timer@@QEAA@XZ          0000000180001380 f   mexOMPMask.obj
 0001:000003e0       ??1Timer@@QEAA@XZ          00000001800013e0 f   mexOMPMask.obj
 0001:00000420       ?checkSize@@YA_NPEBUmxArray_tag@@HH@Z 0000000180001420 f   mexOMPMask.obj
 0001:000004b0       ?super_flush@@YAXAEAV?$basic_ostream@DU?$char_traits@D@std@@@std@@@Z 00000001800014b0 f   mexOMPMask.obj
 0001:00000980       ??$?6DU?$char_traits@D@std@@V?$allocator@D@1@@std@@YAAEAV?$basic_ostream@DU?$char_traits@D@std@@@0@AEAV10@AEBV?$basic_string@DU?$char_traits@D@std@@V?$allocator@D@2@@0@@Z 0000000180001980 f i mexOMPMask.obj
 0001:00000d40       ??$?6U?$char_traits@D@std@@@std@@YAAEAV?$basic_ostream@DU?$char_traits@D@std@@@0@AEAV10@PEBD@Z 0000000180001d40 f i mexOMPMask.obj
 0001:00001100       ??$_Allocate@D@std@@YAPEAD_KPEAD@Z 0000000180002100 f i mexOMPMask.obj
 0001:00001150       ??$abs@M@@YAMM@Z           0000000180002150 f i mexOMPMask.obj
 0001:00001170       ??$abs@N@@YANN@Z           0000000180002170 f i mexOMPMask.obj
 0001:00001190       ?_Nextnode@?$_List_val@U?$_List_simple_types@_J@std@@@std@@SAAEAPEAU?$_List_node@_JPEAX@2@PEAU32@@Z 0000000180002190 f i mexOMPMask.obj
 0001:00001190       ??$forward@AEAPEAD@std@@YAAEAPEADAEAPEAD@Z 0000000180002190 f i mexOMPMask.obj
 0001:00001190       ??0?$allocator@D@std@@QEAA@XZ 0000000180002190 f i mexOMPMask.obj
 0001:00001190       ??$addressof@D@std@@YAPEADAEAD@Z 0000000180002190 f i mexOMPMask.obj
 0001:000011a0       ??$callFunction@M@@YAXQEAPEAUmxArray_tag@@QEAPEBU0@H@Z 00000001800021a0 f i mexOMPMask.obj
 0001:00001af0       ??$callFunction@N@@YAXQEAPEAUmxArray_tag@@QEAPEBU0@H@Z 0000000180002af0 f i mexOMPMask.obj
 0001:00002440       ??$cblas_axpy@M@@YAX_JMPEAM010@Z 0000000180003440 f i mexOMPMask.obj
 0001:00002490       ??$cblas_axpy@N@@YAX_JNPEAN010@Z 0000000180003490 f i mexOMPMask.obj
 0001:000024e0       ??$cblas_axpy@_J@@YAX_J0PEA_J010@Z 00000001800034e0 f i mexOMPMask.obj
 0001:00002550       ??$cblas_axpy@_N@@YAX_J_NPEA_N020@Z 0000000180003550 f i mexOMPMask.obj
 0001:000025b0       ??$cblas_copy@M@@YAX_JPEAM010@Z 00000001800035b0 f i mexOMPMask.obj
 0001:000025f0       ??$cblas_copy@N@@YAX_JPEAN010@Z 00000001800035f0 f i mexOMPMask.obj
 0001:00002630       ??$cblas_copy@_J@@YAX_JPEA_J010@Z 0000000180003630 f i mexOMPMask.obj
 0001:000026a0       ??$cblas_copy@_N@@YAX_JPEA_N010@Z 00000001800036a0 f i mexOMPMask.obj
 0001:00002710       ??$cblas_dot@M@@YAM_JPEAM010@Z 0000000180003710 f i mexOMPMask.obj
 0001:00002750       ??$cblas_dot@N@@YAN_JPEAN010@Z 0000000180003750 f i mexOMPMask.obj
 0001:00002790       ??$cblas_dot@_J@@YA_J_JPEA_J010@Z 0000000180003790 f i mexOMPMask.obj
 0001:00002830       ??$cblas_dot@_N@@YA_N_JPEA_N010@Z 0000000180003830 f i mexOMPMask.obj
 0001:00002850       ??$cblas_gemm@M@@YAXW4CBLAS_ORDER@@W4CBLAS_TRANSPOSE@@1_J22MPEAM232M32@Z 0000000180003850 f i mexOMPMask.obj
 0001:00002930       ??$cblas_gemm@N@@YAXW4CBLAS_ORDER@@W4CBLAS_TRANSPOSE@@1_J22NPEAN232N32@Z 0000000180003930 f i mexOMPMask.obj
 0001:00002a10       ??$cblas_gemv@M@@YAXW4CBLAS_ORDER@@W4CBLAS_TRANSPOSE@@_J2MPEAM232M32@Z 0000000180003a10 f i mexOMPMask.obj
 0001:00002ab0       ??$cblas_gemv@N@@YAXW4CBLAS_ORDER@@W4CBLAS_TRANSPOSE@@_J2NPEAN232N32@Z 0000000180003ab0 f i mexOMPMask.obj
 0001:00002b50       ??$cblas_gemv@_J@@YAXW4CBLAS_ORDER@@W4CBLAS_TRANSPOSE@@_J22PEA_J232232@Z 0000000180003b50 f i mexOMPMask.obj
 0001:00002b50       ??$cblas_gemv@_N@@YAXW4CBLAS_ORDER@@W4CBLAS_TRANSPOSE@@_J2_NPEA_N242342@Z 0000000180003b50 f i mexOMPMask.obj
 0001:00002b70       ??$cblas_iamax@M@@YA_J_JPEAM0@Z 0000000180003b70 f i mexOMPMask.obj
 0001:00002ba0       ??$cblas_iamax@N@@YA_J_JPEAN0@Z 0000000180003ba0 f i mexOMPMask.obj
 0001:00002bd0       ??$cblas_scal@M@@YAX_JMPEAM0@Z 0000000180003bd0 f i mexOMPMask.obj
 0001:00002c10       ??$cblas_scal@N@@YAX_JNPEAN0@Z 0000000180003c10 f i mexOMPMask.obj
 0001:00002c50       ??$cblas_scal@_J@@YAX_J0PEA_J0@Z 0000000180003c50 f i mexOMPMask.obj
 0001:00002cc0       ??$cblas_scal@_N@@YAX_J_NPEA_N0@Z 0000000180003cc0 f i mexOMPMask.obj
 0001:00002ce0       ??$cblas_syrk@M@@YAXW4CBLAS_ORDER@@W4CBLAS_UPLO@@W4CBLAS_TRANSPOSE@@_J3MPEAM3M43@Z 0000000180003ce0 f i mexOMPMask.obj
 0001:00002d90       ??$cblas_syrk@N@@YAXW4CBLAS_ORDER@@W4CBLAS_UPLO@@W4CBLAS_TRANSPOSE@@_J3NPEAN3N43@Z 0000000180003d90 f i mexOMPMask.obj
 0001:00002e40       ??$cblas_gemm@_N@@YAXW4CBLAS_ORDER@@W4CBLAS_TRANSPOSE@@1_J22_NPEA_N242342@Z 0000000180003e40 f i mexOMPMask.obj
 0001:00002e40       ??$cblas_gemm@_J@@YAXW4CBLAS_ORDER@@W4CBLAS_TRANSPOSE@@1_J222PEA_J232232@Z 0000000180003e40 f i mexOMPMask.obj
 0001:00002e40       ??$cblas_syrk@_J@@YAXW4CBLAS_ORDER@@W4CBLAS_UPLO@@W4CBLAS_TRANSPOSE@@_J33PEA_J3343@Z 0000000180003e40 f i mexOMPMask.obj
 0001:00002e40       ??$cblas_syrk@_N@@YAXW4CBLAS_ORDER@@W4CBLAS_UPLO@@W4CBLAS_TRANSPOSE@@_J3_NPEA_N3453@Z 0000000180003e40 f i mexOMPMask.obj
 0001:00002e60       ??$cblas_trmv@M@@YAXW4CBLAS_ORDER@@W4CBLAS_UPLO@@W4CBLAS_TRANSPOSE@@W4CBLAS_DIAG@@_JPEAM454@Z 0000000180003e60 f i mexOMPMask.obj
 0001:00002f00       ??$cblas_trmv@N@@YAXW4CBLAS_ORDER@@W4CBLAS_UPLO@@W4CBLAS_TRANSPOSE@@W4CBLAS_DIAG@@_JPEAN454@Z 0000000180003f00 f i mexOMPMask.obj
 0001:00002fa0       ??$construct@PEADAEAPEAD@?$_Wrap_alloc@V?$allocator@D@std@@@std@@QEAAXPEAPEADAEAPEAD@Z 0000000180003fa0 f i mexOMPMask.obj
 0001:00002fe0       ??$construct@PEADAEAPEAD@?$allocator@D@std@@QEAAXPEAPEADAEAPEAD@Z 0000000180003fe0 f i mexOMPMask.obj
 0001:00003060       ??$construct@PEADAEAPEAD@?$allocator_traits@V?$allocator@D@std@@@std@@SAXAEAV?$allocator@D@1@PEAPEADAEAPEAD@Z 0000000180004060 f i mexOMPMask.obj
 0001:000030a0       ??$convertSpMatrix@M_J@@YAXAEAPEAUmxArray_tag@@_J111PEBMPEB_J3@Z 00000001800040a0 f i mexOMPMask.obj
 0001:00003200       ??$convertSpMatrix@N_J@@YAXAEAPEAUmxArray_tag@@_J111PEBNPEB_J3@Z 0000000180004200 f i mexOMPMask.obj
 0001:00003360       ??$coreORMP@M@@YAXAEAV?$Vector@M@@00AEAV?$Matrix@M@@1110AEBV?$AbstractMatrix@M@@AEAV?$Vector@_J@@0AEAMPEBMPEBH5PEAM@Z 0000000180004360 f i mexOMPMask.obj
 0001:00003c90       ??$coreORMP@N@@YAXAEAV?$Vector@N@@00AEAV?$Matrix@N@@1110AEBV?$AbstractMatrix@N@@AEAV?$Vector@_J@@0AEANPEBNPEBH5PEAN@Z 0000000180004c90 f i mexOMPMask.obj
 0001:000045c0       ??$createMatrix@M@@YAPEAUmxArray_tag@@HH@Z 00000001800055c0 f i mexOMPMask.obj
 0001:000045f0       ??$createMatrix@N@@YAPEAUmxArray_tag@@HH@Z 00000001800055f0 f i mexOMPMask.obj
 0001:00004620       ??$destroy@PEAD@?$_Wrap_alloc@V?$allocator@D@std@@@std@@QEAAXPEAPEAD@Z 0000000180005620 f i mexOMPMask.obj
 0001:00004650       ??$destroy@PEAD@?$allocator_traits@V?$allocator@D@std@@@std@@SAXAEAV?$allocator@D@1@PEAPEAD@Z 0000000180005650 f i mexOMPMask.obj
 0001:00004680       ??$getScalarStructDef@H@@YAHPEBUmxArray_tag@@PEBDH@Z 0000000180005680 f i mexOMPMask.obj
 0001:000046e0       ??$mexCheckType@H@@YA_NPEBUmxArray_tag@@@Z 00000001800056e0 f i mexOMPMask.obj
 0001:00004730       ??$mexCheckType@M@@YA_NPEBUmxArray_tag@@@Z 0000000180005730 f i mexOMPMask.obj
 0001:00004780       ??$mexCheckType@N@@YA_NPEBUmxArray_tag@@@Z 0000000180005780 f i mexOMPMask.obj
 0001:000047d0       ??$mexCheckType@_N@@YA_NPEBUmxArray_tag@@@Z 00000001800057d0 f i mexOMPMask.obj
 0001:00004820       ??$omp_mask@M@@YAXAEBV?$Matrix@M@@0AEAV?$SpMatrix@M@@AEBV?$Matrix@_N@@PEBHPEBM4_N55HPEAV0@@Z 0000000180005820 f i mexOMPMask.obj
 0001:000067c0       ??$omp_mask@N@@YAXAEBV?$Matrix@N@@0AEAV?$SpMatrix@N@@AEBV?$Matrix@_N@@PEBHPEBN4_N55HPEAV0@@Z 00000001800077c0 f i mexOMPMask.obj
 0001:00008760       ??$vDiv@M@@YAX_JPEAM11@Z   0000000180009760 f i mexOMPMask.obj
 0001:000087d0       ??$vDiv@N@@YAX_JPEAN11@Z   00000001800097d0 f i mexOMPMask.obj
 0001:00008840       ??$vSqr@M@@YAX_JPEAM1@Z    0000000180009840 f i mexOMPMask.obj
 0001:000088b0       ??$vSqr@N@@YAX_JPEAN1@Z    00000001800098b0 f i mexOMPMask.obj
 0001:00008920       ??$vSub@M@@YAX_JPEAM11@Z   0000000180009920 f i mexOMPMask.obj
 0001:00008990       ??$vSub@N@@YAX_JPEAN11@Z   0000000180009990 f i mexOMPMask.obj
 0001:00008a00       ??0?$AbstractMatrix@M@@QEAA@XZ 0000000180009a00 f i mexOMPMask.obj
 0001:00008a20       ??0?$AbstractMatrix@N@@QEAA@XZ 0000000180009a20 f i mexOMPMask.obj
 0001:00008a40       ??0?$AbstractMatrix@_J@@QEAA@XZ 0000000180009a40 f i mexOMPMask.obj
 0001:00008a60       ??0?$AbstractMatrix@_N@@QEAA@XZ 0000000180009a60 f i mexOMPMask.obj
 0001:00008a80       ??0?$AbstractMatrixB@M@@QEAA@XZ 0000000180009a80 f i mexOMPMask.obj
 0001:00008aa0       ??0?$AbstractMatrixB@N@@QEAA@XZ 0000000180009aa0 f i mexOMPMask.obj
 0001:00008ac0       ??0?$AbstractMatrixB@_J@@QEAA@XZ 0000000180009ac0 f i mexOMPMask.obj
 0001:00008ae0       ??0?$AbstractMatrixB@_N@@QEAA@XZ 0000000180009ae0 f i mexOMPMask.obj
 0001:00008b00       ??0?$Data@M@@QEAA@XZ       0000000180009b00 f i mexOMPMask.obj
 0001:00008b20       ??0?$Data@N@@QEAA@XZ       0000000180009b20 f i mexOMPMask.obj
 0001:00008b40       ??0?$Data@_J@@QEAA@XZ      0000000180009b40 f i mexOMPMask.obj
 0001:00008b60       ??0?$Data@_N@@QEAA@XZ      0000000180009b60 f i mexOMPMask.obj
 0001:00008b80       ??0?$Matrix@M@@QEAA@PEAM_J1@Z 0000000180009b80 f i mexOMPMask.obj
 0001:00008c30       ??0?$Matrix@M@@QEAA@XZ     0000000180009c30 f i mexOMPMask.obj
 0001:00008cd0       ??0?$Matrix@M@@QEAA@_J0@Z  0000000180009cd0 f i mexOMPMask.obj
 0001:00008dd0       ??0?$Matrix@N@@QEAA@PEAN_J1@Z 0000000180009dd0 f i mexOMPMask.obj
 0001:00008e80       ??0?$Matrix@N@@QEAA@XZ     0000000180009e80 f i mexOMPMask.obj
 0001:00008f20       ??0?$Matrix@N@@QEAA@_J0@Z  0000000180009f20 f i mexOMPMask.obj
 0001:00009020       ??0?$Matrix@_J@@QEAA@_J0@Z 000000018000a020 f i mexOMPMask.obj
 0001:00009120       ??0?$Matrix@_N@@QEAA@PEA_N_J1@Z 000000018000a120 f i mexOMPMask.obj
 0001:000091d0       ??0?$ProdMatrix@M@@QEAA@AEBV?$Matrix@M@@_N@Z 000000018000a1d0 f i mexOMPMask.obj
 0001:00009280       ??0?$ProdMatrix@M@@QEAA@XZ 000000018000a280 f i mexOMPMask.obj
 0001:00009310       ??0?$ProdMatrix@N@@QEAA@AEBV?$Matrix@N@@_N@Z 000000018000a310 f i mexOMPMask.obj
 0001:000093c0       ??0?$ProdMatrix@N@@QEAA@XZ 000000018000a3c0 f i mexOMPMask.obj
 0001:00009450       ??0?$SpMatrix@M@@QEAA@XZ   000000018000a450 f i mexOMPMask.obj
 0001:00009510       ??0?$SpMatrix@N@@QEAA@XZ   000000018000a510 f i mexOMPMask.obj
 0001:000095d0       ??0?$SpVector@_N@@QEAA@XZ  000000018000a5d0 f i mexOMPMask.obj
 0001:000095d0       ??0?$SpVector@N@@QEAA@XZ   000000018000a5d0 f i mexOMPMask.obj
 0001:000095d0       ??0?$SpVector@M@@QEAA@XZ   000000018000a5d0 f i mexOMPMask.obj
 0001:000095d0       ??0?$SpVector@_J@@QEAA@XZ  000000018000a5d0 f i mexOMPMask.obj
 0001:00009620       ??0?$Vector@H@@QEAA@PEAH_J@Z 000000018000a620 f i mexOMPMask.obj
 0001:00009670       ??0?$Vector@M@@QEAA@PEAM_J@Z 000000018000a670 f i mexOMPMask.obj
 0001:000096c0       ??0?$Vector@M@@QEAA@XZ     000000018000a6c0 f i mexOMPMask.obj
 0001:00009700       ??0?$Vector@M@@QEAA@_J@Z   000000018000a700 f i mexOMPMask.obj
 0001:00009780       ??0?$Vector@N@@QEAA@PEAN_J@Z 000000018000a780 f i mexOMPMask.obj
 0001:000097d0       ??0?$Vector@N@@QEAA@XZ     000000018000a7d0 f i mexOMPMask.obj
 0001:00009810       ??0?$Vector@N@@QEAA@_J@Z   000000018000a810 f i mexOMPMask.obj
 0001:00009890       ??0?$Vector@_J@@QEAA@XZ    000000018000a890 f i mexOMPMask.obj
 0001:000098d0       ??0?$Vector@_J@@QEAA@_J@Z  000000018000a8d0 f i mexOMPMask.obj
 0001:00009950       ??0?$Vector@_N@@QEAA@XZ    000000018000a950 f i mexOMPMask.obj
 0001:00009990       ??0?$Vector@_N@@QEAA@_J@Z  000000018000a990 f i mexOMPMask.obj
 0001:000099f0       ??0?$_List_const_iterator@V?$_List_val@U?$_List_simple_types@_J@std@@@std@@@std@@QEAA@PEAU?$_List_node@_JPEAX@1@PEBV?$_List_val@U?$_List_simple_types@_J@std@@@1@@Z 000000018000a9f0 f i mexOMPMask.obj
 0001:00009a30       ??0?$_List_unchecked_const_iterator@V?$_List_val@U?$_List_simple_types@_J@std@@@std@@U_Iterator_base0@2@@std@@QEAA@PEAU?$_List_node@_JPEAX@1@PEBV?$_List_val@U?$_List_simple_types@_J@std@@@1@@Z 000000018000aa30 f i mexOMPMask.obj
 0001:00009a70       ??0?$_String_alloc@$0A@U?$_String_base_types@DV?$allocator@D@std@@@std@@@std@@QEAA@AEBV?$allocator@D@1@@Z 000000018000aa70 f i mexOMPMask.obj
 0001:00009aa0       ??0?$_String_val@U?$_Simple_types@D@std@@@std@@QEAA@XZ 000000018000aaa0 f i mexOMPMask.obj
 0001:00009ad0       ??0?$_Wrap_alloc@V?$allocator@D@std@@@std@@QEAA@XZ 000000018000aad0 f i mexOMPMask.obj
 0001:00009af0       ??0?$basic_string@DU?$char_traits@D@std@@V?$allocator@D@2@@std@@QEAA@PEBD@Z 000000018000aaf0 f i mexOMPMask.obj
 0001:00009b40       ??0_Generic_error_category@std@@QEAA@XZ 000000018000ab40 f i mexOMPMask.obj
 0001:00009b70       ??0_Iostream_error_category@std@@QEAA@XZ 000000018000ab70 f i mexOMPMask.obj
 0001:00009ba0       ??0_Sentry_base@?$basic_ostream@DU?$char_traits@D@std@@@std@@QEAA@AEAV12@@Z 000000018000aba0 f i mexOMPMask.obj
 0001:00009c40       ??0_System_error_category@std@@QEAA@XZ 000000018000ac40 f i mexOMPMask.obj
 0001:00009c70       ??0error_category@std@@QEAA@XZ 000000018000ac70 f i mexOMPMask.obj
 0001:00009c90       ??0error_condition@std@@QEAA@HAEBVerror_category@1@@Z 000000018000ac90 f i mexOMPMask.obj
 0001:00009cc0       ??0sentry@?$basic_ostream@DU?$char_traits@D@std@@@std@@QEAA@AEAV12@@Z 000000018000acc0 f i mexOMPMask.obj
 0001:00009d90       ??1?$AbstractMatrix@M@@UEAA@XZ 000000018000ad90 f i mexOMPMask.obj
 0001:00009db0       ??1?$AbstractMatrix@N@@UEAA@XZ 000000018000adb0 f i mexOMPMask.obj
 0001:00009dd0       ??1?$AbstractMatrix@_J@@UEAA@XZ 000000018000add0 f i mexOMPMask.obj
 0001:00009df0       ??1?$AbstractMatrix@_N@@UEAA@XZ 000000018000adf0 f i mexOMPMask.obj
 0001:00009e10       ??1?$AbstractMatrixB@M@@UEAA@XZ 000000018000ae10 f i mexOMPMask.obj
 0001:00009e30       ??1?$AbstractMatrixB@N@@UEAA@XZ 000000018000ae30 f i mexOMPMask.obj
 0001:00009e50       ??1?$AbstractMatrixB@_J@@UEAA@XZ 000000018000ae50 f i mexOMPMask.obj
 0001:00009e70       ??1?$AbstractMatrixB@_N@@UEAA@XZ 000000018000ae70 f i mexOMPMask.obj
 0001:00009e90       ??1?$Data@M@@UEAA@XZ       000000018000ae90 f i mexOMPMask.obj
 0001:00009eb0       ??1?$Data@N@@UEAA@XZ       000000018000aeb0 f i mexOMPMask.obj
 0001:00009ed0       ??1?$Data@_J@@UEAA@XZ      000000018000aed0 f i mexOMPMask.obj
 0001:00009ef0       ??1?$Data@_N@@UEAA@XZ      000000018000aef0 f i mexOMPMask.obj
 0001:00009f10       ??1?$Matrix@M@@UEAA@XZ     000000018000af10 f i mexOMPMask.obj
 0001:00009f90       ??1?$Matrix@N@@UEAA@XZ     000000018000af90 f i mexOMPMask.obj
 0001:0000a010       ??1?$Matrix@_J@@UEAA@XZ    000000018000b010 f i mexOMPMask.obj
 0001:0000a090       ??1?$Matrix@_N@@UEAA@XZ    000000018000b090 f i mexOMPMask.obj
 0001:0000a110       ??1?$ProdMatrix@M@@UEAA@XZ 000000018000b110 f i mexOMPMask.obj
 0001:0000a190       ??1?$ProdMatrix@N@@UEAA@XZ 000000018000b190 f i mexOMPMask.obj
 0001:0000a210       ??1?$SpMatrix@M@@UEAA@XZ   000000018000b210 f i mexOMPMask.obj
 0001:0000a270       ??1?$SpMatrix@N@@UEAA@XZ   000000018000b270 f i mexOMPMask.obj
 0001:0000a2d0       ??1?$SpVector@_N@@QEAA@XZ  000000018000b2d0 f i mexOMPMask.obj
 0001:0000a2d0       ??1?$SpVector@_J@@QEAA@XZ  000000018000b2d0 f i mexOMPMask.obj
 0001:0000a2d0       ??1?$SpVector@M@@QEAA@XZ   000000018000b2d0 f i mexOMPMask.obj
 0001:0000a2d0       ??1?$SpVector@N@@QEAA@XZ   000000018000b2d0 f i mexOMPMask.obj
 0001:0000a2f0       ??1?$Vector@H@@UEAA@XZ     000000018000b2f0 f i mexOMPMask.obj
 0001:0000a320       ??1?$Vector@M@@UEAA@XZ     000000018000b320 f i mexOMPMask.obj
 0001:0000a350       ??1?$Vector@N@@UEAA@XZ     000000018000b350 f i mexOMPMask.obj
 0001:0000a380       ??1?$Vector@_J@@UEAA@XZ    000000018000b380 f i mexOMPMask.obj
 0001:0000a3b0       ??1?$Vector@_N@@UEAA@XZ    000000018000b3b0 f i mexOMPMask.obj
 0001:0000a3e0       ??1_Generic_error_category@std@@UEAA@XZ 000000018000b3e0 f i mexOMPMask.obj
 0001:0000a400       ??1_Sentry_base@?$basic_ostream@DU?$char_traits@D@std@@@std@@QEAA@XZ 000000018000b400 f i mexOMPMask.obj
 0001:0000a490       ??1_Iostream_error_category@std@@UEAA@XZ 000000018000b490 f i mexOMPMask.obj
 0001:0000a490       ??1_System_error_category@std@@UEAA@XZ 000000018000b490 f i mexOMPMask.obj
 0001:0000a4b0       ??1error_category@std@@UEAA@XZ 000000018000b4b0 f i mexOMPMask.obj
 0001:0000a4d0       ??1sentry@?$basic_ostream@DU?$char_traits@D@std@@@std@@QEAA@XZ 000000018000b4d0 f i mexOMPMask.obj
 0001:0000a510       ??2@YAPEAX_KPEAX@Z         000000018000b510 f i mexOMPMask.obj
 0001:0000a520       ??8?$_List_const_iterator@V?$_List_val@U?$_List_simple_types@_J@std@@@std@@@std@@QEBA_NAEBV01@@Z 000000018000b520 f i mexOMPMask.obj
 0001:0000a560       ??8error_category@std@@QEBA_NAEBV01@@Z 000000018000b560 f i mexOMPMask.obj
 0001:0000a5a0       ??8error_condition@std@@QEBA_NAEBV01@@Z 000000018000b5a0 f i mexOMPMask.obj
 0001:0000a620       ??9?$_List_const_iterator@V?$_List_val@U?$_List_simple_types@_J@std@@@std@@@std@@QEBA_NAEBV01@@Z 000000018000b620 f i mexOMPMask.obj
 0001:0000a660       ??A?$Matrix@M@@QEAAAEAM_J@Z 000000018000b660 f i mexOMPMask.obj
 0001:0000a680       ??A?$Matrix@M@@UEBAM_J@Z   000000018000b680 f i mexOMPMask.obj
 0001:0000a6a0       ??A?$Matrix@N@@QEAAAEAN_J@Z 000000018000b6a0 f i mexOMPMask.obj
 0001:0000a6c0       ??A?$Matrix@N@@UEBAN_J@Z   000000018000b6c0 f i mexOMPMask.obj
 0001:0000a6e0       ??A?$Matrix@_J@@UEBA_J_J@Z 000000018000b6e0 f i mexOMPMask.obj
 0001:0000a700       ??A?$Matrix@_N@@UEBA_N_J@Z 000000018000b700 f i mexOMPMask.obj
 0001:0000a720       ??A?$SpMatrix@M@@UEBAM_J@Z 000000018000b720 f i mexOMPMask.obj
 0001:0000a7f0       ??A?$SpMatrix@N@@UEBAN_J@Z 000000018000b7f0 f i mexOMPMask.obj
 0001:0000a8c0       ??A?$Vector@M@@QEAAAEAM_J@Z 000000018000b8c0 f i mexOMPMask.obj
 0001:0000a8e0       ??A?$Vector@M@@QEBAM_J@Z   000000018000b8e0 f i mexOMPMask.obj
 0001:0000a900       ??A?$Vector@_J@@QEAAAEA_J_J@Z 000000018000b900 f i mexOMPMask.obj
 0001:0000a900       ??A?$Vector@N@@QEAAAEAN_J@Z 000000018000b900 f i mexOMPMask.obj
 0001:0000a920       ??A?$Vector@N@@QEBAN_J@Z   000000018000b920 f i mexOMPMask.obj
 0001:0000a940       ??A?$Vector@_N@@QEAAAEA_N_J@Z 000000018000b940 f i mexOMPMask.obj
 0001:0000a960       ??A?$Vector@_N@@QEBA_N_J@Z 000000018000b960 f i mexOMPMask.obj
 0001:0000a980       ??A?$vector@V?$list@_JV?$allocator@_J@std@@@std@@V?$allocator@V?$list@_JV?$allocator@_J@std@@@std@@@2@@std@@QEBAAEBV?$list@_JV?$allocator@_J@std@@@1@_K@Z 000000018000b980 f i mexOMPMask.obj
 0001:0000a9a0       ??Bsentry@?$basic_ostream@DU?$char_traits@D@std@@@std@@QEBAPEQ?$_Bool_struct@V?$basic_ostream@DU?$char_traits@D@std@@@std@@@2@HXZ 000000018000b9a0 f i mexOMPMask.obj
 0001:0000a9d0       ??D?$_List_const_iterator@V?$_List_val@U?$_List_simple_types@_J@std@@@std@@@std@@QEBAAEB_JXZ 000000018000b9d0 f i mexOMPMask.obj
 0001:0000a9f0       ??E?$_List_const_iterator@V?$_List_val@U?$_List_simple_types@_J@std@@@std@@@std@@QEAAAEAV01@XZ 000000018000b9f0 f i mexOMPMask.obj
 0001:0000aa20       ??R?$Matrix@M@@QEAAAEAM_J0@Z 000000018000ba20 f i mexOMPMask.obj
 0001:0000aa60       ??R?$Matrix@M@@UEBAM_J0@Z  000000018000ba60 f i mexOMPMask.obj
 0001:0000aaa0       ??R?$Matrix@N@@QEAAAEAN_J0@Z 000000018000baa0 f i mexOMPMask.obj
 0001:0000aae0       ??R?$Matrix@N@@UEBAN_J0@Z  000000018000bae0 f i mexOMPMask.obj
 0001:0000ab20       ??R?$Matrix@_J@@UEBA_J_J0@Z 000000018000bb20 f i mexOMPMask.obj
 0001:0000ab60       ??R?$Matrix@_N@@UEBA_N_J0@Z 000000018000bb60 f i mexOMPMask.obj
 0001:0000aba0       ??R?$ProdMatrix@M@@UEBAM_J0@Z 000000018000bba0 f i mexOMPMask.obj
 0001:0000ac90       ??R?$ProdMatrix@N@@UEBAN_J0@Z 000000018000bc90 f i mexOMPMask.obj
 0001:0000ad80       ??_E?$Matrix@M@@UEAAPEAXI@Z 000000018000bd80 f i mexOMPMask.obj
 0001:0000ae08       ??_E?$Matrix@M@@W7EAAPEAXI@Z 000000018000be08 f i mexOMPMask.obj
 0001:0000ae14       ??_E?$Matrix@M@@WBA@EAAPEAXI@Z 000000018000be14 f i mexOMPMask.obj
 0001:0000ae20       ??_E?$Matrix@N@@UEAAPEAXI@Z 000000018000be20 f i mexOMPMask.obj
 0001:0000aea8       ??_E?$Matrix@N@@W7EAAPEAXI@Z 000000018000bea8 f i mexOMPMask.obj
 0001:0000aeb4       ??_E?$Matrix@N@@WBA@EAAPEAXI@Z 000000018000beb4 f i mexOMPMask.obj
 0001:0000aec0       ??_E?$Matrix@_J@@W7EAAPEAXI@Z 000000018000bec0 f i mexOMPMask.obj
 0001:0000aecc       ??_E?$Matrix@_J@@WBA@EAAPEAXI@Z 000000018000becc f i mexOMPMask.obj
 0001:0000aed8       ??_E?$Matrix@_N@@W7EAAPEAXI@Z 000000018000bed8 f i mexOMPMask.obj
 0001:0000aee4       ??_E?$Matrix@_N@@WBA@EAAPEAXI@Z 000000018000bee4 f i mexOMPMask.obj
 0001:0000aef0       ??_E?$ProdMatrix@M@@UEAAPEAXI@Z 000000018000bef0 f i mexOMPMask.obj
 0001:0000af80       ??_E?$ProdMatrix@N@@UEAAPEAXI@Z 000000018000bf80 f i mexOMPMask.obj
 0001:0000b008       ??_E?$SpMatrix@M@@W7EAAPEAXI@Z 000000018000c008 f i mexOMPMask.obj
 0001:0000b014       ??_E?$SpMatrix@N@@W7EAAPEAXI@Z 000000018000c014 f i mexOMPMask.obj
 0001:0000b020       ??_E?$Vector@M@@UEAAPEAXI@Z 000000018000c020 f i mexOMPMask.obj
 0001:0000b0b0       ??_E?$Vector@N@@UEAAPEAXI@Z 000000018000c0b0 f i mexOMPMask.obj
 0001:0000b140       ??_E?$AbstractMatrix@M@@UEAAPEAXI@Z 000000018000c140 f i mexOMPMask.obj
 0001:0000b140       ??_G?$AbstractMatrix@M@@UEAAPEAXI@Z 000000018000c140 f i mexOMPMask.obj
 0001:0000b180       ??_G?$AbstractMatrix@N@@UEAAPEAXI@Z 000000018000c180 f i mexOMPMask.obj
 0001:0000b180       ??_E?$AbstractMatrix@N@@UEAAPEAXI@Z 000000018000c180 f i mexOMPMask.obj
 0001:0000b1c0       ??_G?$AbstractMatrix@_J@@UEAAPEAXI@Z 000000018000c1c0 f i mexOMPMask.obj
 0001:0000b1c0       ??_E?$AbstractMatrix@_J@@UEAAPEAXI@Z 000000018000c1c0 f i mexOMPMask.obj
 0001:0000b200       ??_G?$AbstractMatrix@_N@@UEAAPEAXI@Z 000000018000c200 f i mexOMPMask.obj
 0001:0000b200       ??_E?$AbstractMatrix@_N@@UEAAPEAXI@Z 000000018000c200 f i mexOMPMask.obj
 0001:0000b240       ??_E?$AbstractMatrixB@M@@UEAAPEAXI@Z 000000018000c240 f i mexOMPMask.obj
 0001:0000b240       ??_G?$AbstractMatrixB@M@@UEAAPEAXI@Z 000000018000c240 f i mexOMPMask.obj
 0001:0000b280       ??_G?$AbstractMatrixB@N@@UEAAPEAXI@Z 000000018000c280 f i mexOMPMask.obj
 0001:0000b280       ??_E?$AbstractMatrixB@N@@UEAAPEAXI@Z 000000018000c280 f i mexOMPMask.obj
 0001:0000b2c0       ??_E?$AbstractMatrixB@_J@@UEAAPEAXI@Z 000000018000c2c0 f i mexOMPMask.obj
 0001:0000b2c0       ??_G?$AbstractMatrixB@_J@@UEAAPEAXI@Z 000000018000c2c0 f i mexOMPMask.obj
 0001:0000b300       ??_G?$AbstractMatrixB@_N@@UEAAPEAXI@Z 000000018000c300 f i mexOMPMask.obj
 0001:0000b300       ??_E?$AbstractMatrixB@_N@@UEAAPEAXI@Z 000000018000c300 f i mexOMPMask.obj
 0001:0000b340       ??_E?$Data@M@@UEAAPEAXI@Z  000000018000c340 f i mexOMPMask.obj
 0001:0000b340       ??_G?$Data@M@@UEAAPEAXI@Z  000000018000c340 f i mexOMPMask.obj
 0001:0000b380       ??_G?$Data@N@@UEAAPEAXI@Z  000000018000c380 f i mexOMPMask.obj
 0001:0000b380       ??_E?$Data@N@@UEAAPEAXI@Z  000000018000c380 f i mexOMPMask.obj
 0001:0000b3c0       ??_E?$Data@_J@@UEAAPEAXI@Z 000000018000c3c0 f i mexOMPMask.obj
 0001:0000b3c0       ??_G?$Data@_J@@UEAAPEAXI@Z 000000018000c3c0 f i mexOMPMask.obj
 0001:0000b400       ??_E?$Data@_N@@UEAAPEAXI@Z 000000018000c400 f i mexOMPMask.obj
 0001:0000b400       ??_G?$Data@_N@@UEAAPEAXI@Z 000000018000c400 f i mexOMPMask.obj
 0001:0000b440       ??_E?$Matrix@_J@@UEAAPEAXI@Z 000000018000c440 f i mexOMPMask.obj
 0001:0000b440       ??_G?$Matrix@_J@@UEAAPEAXI@Z 000000018000c440 f i mexOMPMask.obj
 0001:0000b480       ??_G?$Matrix@_N@@UEAAPEAXI@Z 000000018000c480 f i mexOMPMask.obj
 0001:0000b480       ??_E?$Matrix@_N@@UEAAPEAXI@Z 000000018000c480 f i mexOMPMask.obj
 0001:0000b4c0       ??_G?$SpMatrix@M@@UEAAPEAXI@Z 000000018000c4c0 f i mexOMPMask.obj
 0001:0000b4c0       ??_E?$SpMatrix@M@@UEAAPEAXI@Z 000000018000c4c0 f i mexOMPMask.obj
 0001:0000b500       ??_E?$SpMatrix@N@@UEAAPEAXI@Z 000000018000c500 f i mexOMPMask.obj
 0001:0000b500       ??_G?$SpMatrix@N@@UEAAPEAXI@Z 000000018000c500 f i mexOMPMask.obj
 0001:0000b540       ??_E?$Vector@H@@UEAAPEAXI@Z 000000018000c540 f i mexOMPMask.obj
 0001:0000b540       ??_G?$Vector@H@@UEAAPEAXI@Z 000000018000c540 f i mexOMPMask.obj
 0001:0000b580       ??_G?$Vector@_J@@UEAAPEAXI@Z 000000018000c580 f i mexOMPMask.obj
 0001:0000b580       ??_E?$Vector@_J@@UEAAPEAXI@Z 000000018000c580 f i mexOMPMask.obj
 0001:0000b5c0       ??_G?$Vector@_N@@UEAAPEAXI@Z 000000018000c5c0 f i mexOMPMask.obj
 0001:0000b5c0       ??_E?$Vector@_N@@UEAAPEAXI@Z 000000018000c5c0 f i mexOMPMask.obj
 0001:0000b600       ??_E_Generic_error_category@std@@UEAAPEAXI@Z 000000018000c600 f i mexOMPMask.obj
 0001:0000b600       ??_G_Generic_error_category@std@@UEAAPEAXI@Z 000000018000c600 f i mexOMPMask.obj
 0001:0000b640       ??_E_Iostream_error_category@std@@UEAAPEAXI@Z 000000018000c640 f i mexOMPMask.obj
 0001:0000b640       ??_G_Iostream_error_category@std@@UEAAPEAXI@Z 000000018000c640 f i mexOMPMask.obj
 0001:0000b640       ??_E_System_error_category@std@@UEAAPEAXI@Z 000000018000c640 f i mexOMPMask.obj
 0001:0000b640       ??_G_System_error_category@std@@UEAAPEAXI@Z 000000018000c640 f i mexOMPMask.obj
 0001:0000b680       ??_Gerror_category@std@@UEAAPEAXI@Z 000000018000c680 f i mexOMPMask.obj
 0001:0000b680       ??_Eerror_category@std@@UEAAPEAXI@Z 000000018000c680 f i mexOMPMask.obj
 0001:0000b6c0       ?V@?$Matrix@M@@UEBA_JXZ    000000018000c6c0 f i mexOMPMask.obj
 0001:0000b6c0       ?V@?$Matrix@_J@@UEBA_JXZ   000000018000c6c0 f i mexOMPMask.obj
 0001:0000b6c0       ?V@?$Matrix@_N@@UEBA_JXZ   000000018000c6c0 f i mexOMPMask.obj
 0001:0000b6c0       ?V@?$SpMatrix@N@@UEBA_JXZ  000000018000c6c0 f i mexOMPMask.obj
 0001:0000b6c0       ?V@?$Matrix@N@@UEBA_JXZ    000000018000c6c0 f i mexOMPMask.obj
 0001:0000b6c0       ?V@?$SpMatrix@M@@UEBA_JXZ  000000018000c6c0 f i mexOMPMask.obj
 0001:0000b6d0       ?X@?$Matrix@N@@QEBAPEBNXZ  000000018000c6d0 f i mexOMPMask.obj
 0001:0000b6d0       ?rawX@?$Matrix@M@@QEBAPEAMXZ 000000018000c6d0 f i mexOMPMask.obj
 0001:0000b6d0       ?rawX@?$Matrix@N@@QEBAPEANXZ 000000018000c6d0 f i mexOMPMask.obj
 0001:0000b6d0       ?r@?$SpMatrix@M@@QEBAPEA_JXZ 000000018000c6d0 f i mexOMPMask.obj
 0001:0000b6d0       ?X@?$Matrix@M@@QEBAPEBMXZ  000000018000c6d0 f i mexOMPMask.obj
 0001:0000b6d0       ?X@?$Matrix@_J@@QEBAPEB_JXZ 000000018000c6d0 f i mexOMPMask.obj
 0001:0000b6d0       ?r@?$SpMatrix@N@@QEBAPEA_JXZ 000000018000c6d0 f i mexOMPMask.obj
 0001:0000b6e0       ?XtX@?$Matrix@M@@UEBAXAEAV1@@Z 000000018000c6e0 f i mexOMPMask.obj
 0001:0000b7a0       ?XtX@?$Matrix@N@@UEBAXAEAV1@@Z 000000018000c7a0 f i mexOMPMask.obj
 0001:0000b860       ?XtX@?$Matrix@_J@@UEBAXAEAV1@@Z 000000018000c860 f i mexOMPMask.obj
 0001:0000b920       ?XtX@?$Matrix@_N@@UEBAXAEAV1@@Z 000000018000c920 f i mexOMPMask.obj
 0001:0000b9d0       ?XtX@?$SpMatrix@M@@UEBAXAEAV?$Matrix@M@@@Z 000000018000c9d0 f i mexOMPMask.obj
 0001:0000baf0       ?XtX@?$SpMatrix@N@@UEBAXAEAV?$Matrix@N@@@Z 000000018000caf0 f i mexOMPMask.obj
 0001:0000bc10       ?_Copy@?$basic_string@DU?$char_traits@D@std@@V?$allocator@D@2@@std@@QEAAX_K0@Z 000000018000cc10 f i mexOMPMask.obj
 0001:0000be00       ?_Eos@?$basic_string@DU?$char_traits@D@std@@V?$allocator@D@2@@std@@QEAAX_K@Z 000000018000ce00 f i mexOMPMask.obj
 0001:0000be50       ?_Getal@?$_String_alloc@$0A@U?$_String_base_types@DV?$allocator@D@std@@@std@@@std@@QEBA?AU?$_Wrap_alloc@V?$allocator@D@std@@@2@XZ 000000018000ce50 f i mexOMPMask.obj
 0001:0000be80       ?_Grow@?$basic_string@DU?$char_traits@D@std@@V?$allocator@D@2@@std@@QEAA_N_K_N@Z 000000018000ce80 f i mexOMPMask.obj
 0001:0000bf60       ?_Inside@?$basic_string@DU?$char_traits@D@std@@V?$allocator@D@2@@std@@QEAA_NPEBD@Z 000000018000cf60 f i mexOMPMask.obj
 0001:0000bfb0       ?_Myptr@?$_String_val@U?$_Simple_types@D@std@@@std@@QEBAPEBDXZ 000000018000cfb0 f i mexOMPMask.obj
 0001:0000bfb0       ?_Myptr@?$_String_val@U?$_Simple_types@D@std@@@std@@QEAAPEADXZ 000000018000cfb0 f i mexOMPMask.obj
 0001:0000bff0       ?_Myval@?$_List_val@U?$_List_simple_types@_J@std@@@std@@SAAEA_JPEAU?$_List_node@_JPEAX@2@@Z 000000018000cff0 f i mexOMPMask.obj
 0001:0000c000       ?_Tidy@?$basic_string@DU?$char_traits@D@std@@V?$allocator@D@2@@std@@QEAAX_N_K@Z 000000018000d000 f i mexOMPMask.obj
 0001:0000c0e0       ?_Xlen@?$basic_string@DU?$char_traits@D@std@@V?$allocator@D@2@@std@@QEBAXXZ 000000018000d0e0 f i mexOMPMask.obj
 0001:0000c100       ?_Xran@?$basic_string@DU?$char_traits@D@std@@V?$allocator@D@2@@std@@QEBAXXZ 000000018000d100 f i mexOMPMask.obj
 0001:0000c120       ?add@?$Vector@M@@QEAAXAEBV1@M@Z 000000018000d120 f i mexOMPMask.obj
 0001:0000c180       ?add@?$Vector@N@@QEAAXAEBV1@N@Z 000000018000d180 f i mexOMPMask.obj
 0001:0000c1e0       ?add@?$Vector@_J@@QEAAXAEBV1@_J@Z 000000018000d1e0 f i mexOMPMask.obj
 0001:0000c240       ?add@?$Vector@_N@@QEAAXAEBV1@_N@Z 000000018000d240 f i mexOMPMask.obj
 0001:0000c2a0       ?addDiag@?$Matrix@M@@QEAAXM@Z 000000018000d2a0 f i mexOMPMask.obj
 0001:0000c360       ?addDiag@?$Matrix@N@@QEAAXN@Z 000000018000d360 f i mexOMPMask.obj
 0001:0000c420       ?addDiag@?$ProdMatrix@M@@QEAAXM@Z 000000018000d420 f i mexOMPMask.obj
 0001:0000c480       ?addDiag@?$ProdMatrix@N@@QEAAXN@Z 000000018000d480 f i mexOMPMask.obj
 0001:0000c4e0       ?addRow@?$Matrix@M@@QEAAX_JAEBV?$Vector@M@@M@Z 000000018000d4e0 f i mexOMPMask.obj
 0001:0000c670       ?addRow@?$Matrix@N@@QEAAX_JAEBV?$Vector@N@@N@Z 000000018000d670 f i mexOMPMask.obj
 0001:0000c800       ?addRow@?$Matrix@_J@@QEAAX_JAEBV?$Vector@_J@@0@Z 000000018000d800 f i mexOMPMask.obj
 0001:0000c980       ?addRow@?$Matrix@_N@@QEAAX_JAEBV?$Vector@_N@@_N@Z 000000018000d980 f i mexOMPMask.obj
 0001:0000cb30       ?add_rawCol@?$Matrix@M@@UEBAX_JPEAMM@Z 000000018000db30 f i mexOMPMask.obj
 0001:0000cba0       ?add_rawCol@?$Matrix@N@@UEBAX_JPEANN@Z 000000018000dba0 f i mexOMPMask.obj
 0001:0000cc10       ?add_rawCol@?$Matrix@_J@@UEBAX_JPEA_J0@Z 000000018000dc10 f i mexOMPMask.obj
 0001:0000cc80       ?add_rawCol@?$Matrix@_N@@UEBAX_JPEA_N_N@Z 000000018000dc80 f i mexOMPMask.obj
 0001:0000ccf0       ?add_rawCol@?$ProdMatrix@M@@UEBAX_JPEAMM@Z 000000018000dcf0 f i mexOMPMask.obj
 0001:0000ce90       ?add_rawCol@?$ProdMatrix@N@@UEBAX_JPEANN@Z 000000018000de90 f i mexOMPMask.obj
 0001:0000d030       ?allfalse@?$Vector@_N@@QEBA_NXZ 000000018000e030 f i mexOMPMask.obj
 0001:0000d080       ?allocate@?$_Wrap_alloc@V?$allocator@D@std@@@std@@QEAAPEAD_K@Z 000000018000e080 f i mexOMPMask.obj
 0001:0000d0b0       ?allocate@?$allocator@D@std@@QEAAPEAD_K@Z 000000018000e0b0 f i mexOMPMask.obj
 0001:0000d0d0       ?alltrue@?$Vector@_N@@QEBA_NXZ 000000018000e0d0 f i mexOMPMask.obj
 0001:0000d120       ?assign@?$basic_string@DU?$char_traits@D@std@@V?$allocator@D@2@@std@@QEAAAEAV12@AEBV12@_K1@Z 000000018000e120 f i mexOMPMask.obj
 0001:0000d220       ?assign@?$basic_string@DU?$char_traits@D@std@@V?$allocator@D@2@@std@@QEAAAEAV12@PEBD@Z 000000018000e220 f i mexOMPMask.obj
 0001:0000d250       ?assign@?$basic_string@DU?$char_traits@D@std@@V?$allocator@D@2@@std@@QEAAAEAV12@PEBD_K@Z 000000018000e250 f i mexOMPMask.obj
 0001:0000d300       ?assign@?$char_traits@D@std@@SAXAEADAEBD@Z 000000018000e300 f i mexOMPMask.obj
 0001:0000d320       ?begin@?$list@_JV?$allocator@_J@std@@@std@@QEBA?AV?$_List_const_iterator@V?$_List_val@U?$_List_simple_types@_J@std@@@std@@@2@XZ 000000018000e320 f i mexOMPMask.obj
 0001:0000d360       ?c_str@?$basic_string@DU?$char_traits@D@std@@V?$allocator@D@2@@std@@QEBAPEBDXZ 000000018000e360 f i mexOMPMask.obj
 0001:0000d380       ?clear@?$Matrix@N@@QEAAXXZ 000000018000e380 f i mexOMPMask.obj
 0001:0000d380       ?clear@?$Matrix@M@@QEAAXXZ 000000018000e380 f i mexOMPMask.obj
 0001:0000d380       ?clear@?$Matrix@_N@@QEAAXXZ 000000018000e380 f i mexOMPMask.obj
 0001:0000d380       ?clear@?$Matrix@_J@@QEAAXXZ 000000018000e380 f i mexOMPMask.obj
 0001:0000d3f0       ?clear@?$SpMatrix@N@@QEAAXXZ 000000018000e3f0 f i mexOMPMask.obj
 0001:0000d3f0       ?clear@?$SpMatrix@M@@QEAAXXZ 000000018000e3f0 f i mexOMPMask.obj
 0001:0000d4c0       ?clear@?$SpVector@_J@@QEAAXXZ 000000018000e4c0 f i mexOMPMask.obj
 0001:0000d4c0       ?clear@?$SpVector@N@@QEAAXXZ 000000018000e4c0 f i mexOMPMask.obj
 0001:0000d4c0       ?clear@?$SpVector@M@@QEAAXXZ 000000018000e4c0 f i mexOMPMask.obj
 0001:0000d4c0       ?clear@?$SpVector@_N@@QEAAXXZ 000000018000e4c0 f i mexOMPMask.obj
 0001:0000d550       ?clear@?$Vector@_J@@QEAAXXZ 000000018000e550 f i mexOMPMask.obj
 0001:0000d550       ?clear@?$Vector@_N@@QEAAXXZ 000000018000e550 f i mexOMPMask.obj
 0001:0000d550       ?clear@?$Vector@M@@QEAAXXZ 000000018000e550 f i mexOMPMask.obj
 0001:0000d550       ?clear@?$Vector@H@@QEAAXXZ 000000018000e550 f i mexOMPMask.obj
 0001:0000d550       ?clear@?$Vector@N@@QEAAXXZ 000000018000e550 f i mexOMPMask.obj
 0001:0000d5b0       ?convert@?$SpMatrix@M@@QEAAXAEBV?$Matrix@M@@AEBV?$Matrix@_J@@_J@Z 000000018000e5b0 f i mexOMPMask.obj
 0001:0000d830       ?convert@?$SpMatrix@N@@QEAAXAEBV?$Matrix@N@@AEBV?$Matrix@_J@@_J@Z 000000018000e830 f i mexOMPMask.obj
 0001:0000dab0       ?copy@?$Matrix@M@@QEAAXAEBV1@@Z 000000018000eab0 f i mexOMPMask.obj
 0001:0000db20       ?copy@?$Matrix@_J@@QEAAXAEBV1@@Z 000000018000eb20 f i mexOMPMask.obj
 0001:0000db20       ?copy@?$Matrix@N@@QEAAXAEBV1@@Z 000000018000eb20 f i mexOMPMask.obj
 0001:0000db90       ?copy@?$Matrix@_N@@QEAAXAEBV1@@Z 000000018000eb90 f i mexOMPMask.obj
 0001:0000dbf0       ?copy@?$Vector@M@@QEAAXAEBV1@@Z 000000018000ebf0 f i mexOMPMask.obj
 0001:0000dc50       ?copy@?$Vector@N@@QEAAXAEBV1@@Z 000000018000ec50 f i mexOMPMask.obj
 0001:0000dcb0       ?copy@?$char_traits@D@std@@SAPEADPEADPEBD_K@Z 000000018000ecb0 f i mexOMPMask.obj
 0001:0000dd00       ?copyCol@?$Matrix@M@@UEBAX_JAEAV?$Vector@M@@@Z 000000018000ed00 f i mexOMPMask.obj
 0001:0000dd80       ?copyCol@?$Matrix@N@@UEBAX_JAEAV?$Vector@N@@@Z 000000018000ed80 f i mexOMPMask.obj
 0001:0000de00       ?copyCol@?$Matrix@_J@@UEBAX_JAEAV?$Vector@_J@@@Z 000000018000ee00 f i mexOMPMask.obj
 0001:0000de80       ?copyCol@?$Matrix@_N@@UEBAX_JAEAV?$Vector@_N@@@Z 000000018000ee80 f i mexOMPMask.obj
 0001:0000def0       ?copyCol@?$ProdMatrix@M@@UEBAX_JAEAV?$Vector@M@@@Z 000000018000eef0 f i mexOMPMask.obj
 0001:0000e020       ?copyCol@?$ProdMatrix@N@@UEBAX_JAEAV?$Vector@N@@@Z 000000018000f020 f i mexOMPMask.obj
 0001:0000e150       ?copyMask@?$Matrix@M@@QEBAXAEAV1@AEAV?$Vector@_N@@@Z 000000018000f150 f i mexOMPMask.obj
 0001:0000e2e0       ?copyMask@?$Matrix@N@@QEBAXAEAV1@AEAV?$Vector@_N@@@Z 000000018000f2e0 f i mexOMPMask.obj
 0001:0000e470       ?copyMask@?$Vector@M@@QEBAXAEAV1@AEAV?$Vector@_N@@@Z 000000018000f470 f i mexOMPMask.obj
 0001:0000e530       ?copyMask@?$Vector@N@@QEBAXAEAV1@AEAV?$Vector@_N@@@Z 000000018000f530 f i mexOMPMask.obj
 0001:0000e5f0       ?copyRow@?$Matrix@M@@UEBAX_JAEAV?$Vector@M@@@Z 000000018000f5f0 f i mexOMPMask.obj
 0001:0000e660       ?copyRow@?$Matrix@N@@UEBAX_JAEAV?$Vector@N@@@Z 000000018000f660 f i mexOMPMask.obj
 0001:0000e6d0       ?copyRow@?$Matrix@_J@@UEBAX_JAEAV?$Vector@_J@@@Z 000000018000f6d0 f i mexOMPMask.obj
 0001:0000e740       ?copyRow@?$Matrix@_N@@UEBAX_JAEAV?$Vector@_N@@@Z 000000018000f740 f i mexOMPMask.obj
 0001:0000e7b0       ?copyRow@?$SpMatrix@M@@UEBAX_JAEAV?$Vector@M@@@Z 000000018000f7b0 f i mexOMPMask.obj
 0001:0000e8c0       ?copyRow@?$SpMatrix@N@@UEBAX_JAEAV?$Vector@N@@@Z 000000018000f8c0 f i mexOMPMask.obj
 0001:0000e9d0       ?copyTo@?$Matrix@M@@UEBAXAEAV1@@Z 000000018000f9d0 f i mexOMPMask.obj
 0001:0000ea00       ?copyTo@?$Matrix@_J@@UEBAXAEAV1@@Z 000000018000fa00 f i mexOMPMask.obj
 0001:0000ea00       ?copyTo@?$Matrix@N@@UEBAXAEAV1@@Z 000000018000fa00 f i mexOMPMask.obj
 0001:0000ea30       ?copyTo@?$Matrix@_N@@UEBAXAEAV1@@Z 000000018000fa30 f i mexOMPMask.obj
 0001:0000ea60       ?copyTo@?$SpMatrix@M@@UEBAXAEAV?$Matrix@M@@@Z 000000018000fa60 f i mexOMPMask.obj
 0001:0000ea90       ?copyTo@?$SpMatrix@N@@UEBAXAEAV?$Matrix@N@@@Z 000000018000fa90 f i mexOMPMask.obj
 0001:0000eac0       ?deallocate@?$_Wrap_alloc@V?$allocator@D@std@@@std@@QEAAXPEAD_K@Z 000000018000fac0 f i mexOMPMask.obj
 0001:0000eaf0       ?deallocate@?$allocator@D@std@@QEAAXPEAD_K@Z 000000018000faf0 f i mexOMPMask.obj
 0001:0000eb20       ?default_error_condition@_System_error_category@std@@UEBA?AVerror_condition@2@H@Z 000000018000fb20 f i mexOMPMask.obj
 0001:0000eb90       ?default_error_condition@error_category@std@@UEBA?AVerror_condition@2@H@Z 000000018000fb90 f i mexOMPMask.obj
 0001:0000ebc0       ?diag@?$Matrix@M@@UEBAXAEAV?$Vector@M@@@Z 000000018000fbc0 f i mexOMPMask.obj
 0001:0000ec90       ?diag@?$Matrix@N@@UEBAXAEAV?$Vector@N@@@Z 000000018000fc90 f i mexOMPMask.obj
 0001:0000ed60       ?diag@?$Matrix@_J@@UEBAXAEAV?$Vector@_J@@@Z 000000018000fd60 f i mexOMPMask.obj
 0001:0000ee30       ?diag@?$Matrix@_N@@UEBAXAEAV?$Vector@_N@@@Z 000000018000fe30 f i mexOMPMask.obj
 0001:0000ef00       ?diag@?$ProdMatrix@M@@UEBAXAEAV?$Vector@M@@@Z 000000018000ff00 f i mexOMPMask.obj
 0001:0000f050       ?diag@?$ProdMatrix@N@@UEBAXAEAV?$Vector@N@@@Z 0000000180010050 f i mexOMPMask.obj
 0001:0000f1a0       ?div@?$Vector@M@@QEAAXAEBV1@@Z 00000001800101a0 f i mexOMPMask.obj
 0001:0000f1e0       ?div@?$Vector@N@@QEAAXAEBV1@@Z 00000001800101e0 f i mexOMPMask.obj
 0001:0000f220       ?dot@?$Matrix@M@@UEBAMAEBV1@@Z 0000000180010220 f i mexOMPMask.obj
 0001:0000f270       ?dot@?$Matrix@N@@UEBANAEBV1@@Z 0000000180010270 f i mexOMPMask.obj
 0001:0000f2c0       ?dot@?$Matrix@_J@@UEBA_JAEBV1@@Z 00000001800102c0 f i mexOMPMask.obj
 0001:0000f310       ?dot@?$Matrix@_N@@UEBA_NAEBV1@@Z 0000000180010310 f i mexOMPMask.obj
 0001:0000f360       ?dot@?$SpMatrix@M@@UEBAMAEBV?$Matrix@M@@@Z 0000000180010360 f i mexOMPMask.obj
 0001:0000f470       ?dot@?$SpMatrix@N@@UEBANAEBV?$Matrix@N@@@Z 0000000180010470 f i mexOMPMask.obj
 0001:0000f580       ?dot@?$SpVector@M@@QEBAMAEBV1@@Z 0000000180010580 f i mexOMPMask.obj
 0001:0000f6a0       ?dot@?$SpVector@N@@QEBANAEBV1@@Z 00000001800106a0 f i mexOMPMask.obj
 0001:0000f7c0       ?dot@?$Vector@M@@QEBAMAEBV1@@Z 00000001800107c0 f i mexOMPMask.obj
 0001:0000f810       ?dot@?$Vector@M@@QEBAMAEBV?$SpVector@M@@@Z 0000000180010810 f i mexOMPMask.obj
 0001:0000f8c0       ?dot@?$Vector@N@@QEBANAEBV1@@Z 00000001800108c0 f i mexOMPMask.obj
 0001:0000f910       ?dot@?$Vector@N@@QEBANAEBV?$SpVector@N@@@Z 0000000180010910 f i mexOMPMask.obj
 0001:0000f9c0       ?dot@?$Vector@_J@@QEBA_JAEBV?$SpVector@_J@@@Z 00000001800109c0 f i mexOMPMask.obj
 0001:0000fa70       ?dot@?$Vector@_N@@QEBA_NAEBV?$SpVector@_N@@@Z 0000000180010a70 f i mexOMPMask.obj
 0001:0000fb30       ?end@?$list@_JV?$allocator@_J@std@@@std@@QEBA?AV?$_List_const_iterator@V?$_List_val@U?$_List_simple_types@_J@std@@@std@@@2@XZ 0000000180010b30 f i mexOMPMask.obj
 0001:0000fb60       ?eof@?$char_traits@D@std@@SAHXZ 0000000180010b60 f i mexOMPMask.obj
 0001:0000fb70       ?eq_int_type@?$char_traits@D@std@@SA_NAEBH0@Z 0000000180010b70 f i mexOMPMask.obj
 0001:0000fbb0       ?equivalent@error_category@std@@UEBA_NAEBVerror_code@2@H@Z 0000000180010bb0 f i mexOMPMask.obj
 0001:0000fc10       ?equivalent@error_category@std@@UEBA_NHAEBVerror_condition@2@@Z 0000000180010c10 f i mexOMPMask.obj
 0001:0000fc50       ?erase@?$basic_string@DU?$char_traits@D@std@@V?$allocator@D@2@@std@@QEAAAEAV12@_K0@Z 0000000180010c50 f i mexOMPMask.obj
 0001:0000fd30       ?erase@?$basic_string@DU?$char_traits@D@std@@V?$allocator@D@2@@std@@QEAAAEAV12@_K@Z 0000000180010d30 f i mexOMPMask.obj
 0001:0000fd80       ?extract_rawCol@?$Matrix@M@@UEBAX_JPEAM@Z 0000000180010d80 f i mexOMPMask.obj
 0001:0000fde0       ?extract_rawCol@?$Matrix@N@@UEBAX_JPEAN@Z 0000000180010de0 f i mexOMPMask.obj
 0001:0000fe40       ?extract_rawCol@?$Matrix@_J@@UEBAX_JPEA_J@Z 0000000180010e40 f i mexOMPMask.obj
 0001:0000fea0       ?extract_rawCol@?$Matrix@_N@@UEBAX_JPEA_N@Z 0000000180010ea0 f i mexOMPMask.obj
 0001:0000ff00       ?extract_rawCol@?$ProdMatrix@M@@UEBAX_JPEAM@Z 0000000180010f00 f i mexOMPMask.obj
 0001:00010080       ?extract_rawCol@?$ProdMatrix@N@@UEBAX_JPEAN@Z 0000000180011080 f i mexOMPMask.obj
 0001:00010200       ?fillSymmetric@?$Matrix@M@@QEAAXXZ 0000000180011200 f i mexOMPMask.obj
 0001:000102b0       ?fillSymmetric@?$Matrix@N@@QEAAXXZ 00000001800112b0 f i mexOMPMask.obj
 0001:00010360       ?fillSymmetric@?$Matrix@_J@@QEAAXXZ 0000000180011360 f i mexOMPMask.obj
 0001:00010410       ?fillSymmetric@?$Matrix@_N@@QEAAXXZ 0000000180011410 f i mexOMPMask.obj
 0001:000104c0       ?fmax@?$Vector@M@@QEBA_JXZ 00000001800114c0 f i mexOMPMask.obj
 0001:000104f0       ?fmax@?$Vector@N@@QEBA_JXZ 00000001800114f0 f i mexOMPMask.obj
 0001:00010520       ?generic_category@std@@YAAEBVerror_category@1@XZ 0000000180011520 f i mexOMPMask.obj
 0001:00010530       ?getData@?$Matrix@N@@UEBAXAEAV?$Vector@N@@_J@Z 0000000180011530 f i mexOMPMask.obj
 0001:00010530       ?getData@?$Matrix@M@@UEBAXAEAV?$Vector@M@@_J@Z 0000000180011530 f i mexOMPMask.obj
 0001:00010530       ?getData@?$Matrix@_J@@UEBAXAEAV?$Vector@_J@@_J@Z 0000000180011530 f i mexOMPMask.obj
 0001:00010530       ?getData@?$Matrix@_N@@UEBAXAEAV?$Vector@_N@@_J@Z 0000000180011530 f i mexOMPMask.obj
 0001:00010580       ?getData@?$SpMatrix@M@@UEBAXAEAV?$Vector@M@@_J@Z 0000000180011580 f i mexOMPMask.obj
 0001:00010640       ?getData@?$SpMatrix@N@@UEBAXAEAV?$Vector@N@@_J@Z 0000000180011640 f i mexOMPMask.obj
 0001:00010700       ?getGroup@?$Matrix@M@@UEBAXAEAV1@AEBV?$vector@V?$list@_JV?$allocator@_J@std@@@std@@V?$allocator@V?$list@_JV?$allocator@_J@std@@@std@@@2@@std@@_J@Z 0000000180011700 f i mexOMPMask.obj
 0001:00010830       ?getGroup@?$Matrix@N@@UEBAXAEAV1@AEBV?$vector@V?$list@_JV?$allocator@_J@std@@@std@@V?$allocator@V?$list@_JV?$allocator@_J@std@@@std@@@2@@std@@_J@Z 0000000180011830 f i mexOMPMask.obj
 0001:00010960       ?getGroup@?$Matrix@_J@@UEBAXAEAV1@AEBV?$vector@V?$list@_JV?$allocator@_J@std@@@std@@V?$allocator@V?$list@_JV?$allocator@_J@std@@@std@@@2@@std@@_J@Z 0000000180011960 f i mexOMPMask.obj
 0001:00010a90       ?getGroup@?$Matrix@_N@@UEBAXAEAV1@AEBV?$vector@V?$list@_JV?$allocator@_J@std@@@std@@V?$allocator@V?$list@_JV?$allocator@_J@std@@@std@@@2@@std@@_J@Z 0000000180011a90 f i mexOMPMask.obj
 0001:00010bc0       ?getGroup@?$SpMatrix@M@@UEBAXAEAV?$Matrix@M@@AEBV?$vector@V?$list@_JV?$allocator@_J@std@@@std@@V?$allocator@V?$list@_JV?$allocator@_J@std@@@std@@@2@@std@@_J@Z 0000000180011bc0 f i mexOMPMask.obj
 0001:00010cf0       ?getGroup@?$SpMatrix@N@@UEBAXAEAV?$Matrix@N@@AEBV?$vector@V?$list@_JV?$allocator@_J@std@@@std@@V?$allocator@V?$list@_JV?$allocator@_J@std@@@std@@@2@@std@@_J@Z 0000000180011cf0 f i mexOMPMask.obj
 0001:00010e20       ?length@?$char_traits@D@std@@SA_KPEBD@Z 0000000180011e20 f i mexOMPMask.obj
 0001:00010e60       ?m@?$Matrix@_J@@UEBA_JXZ   0000000180011e60 f i mexOMPMask.obj
 0001:00010e60       ?n@?$ProdMatrix@M@@UEBA_JXZ 0000000180011e60 f i mexOMPMask.obj
 0001:00010e60       ?m@?$Matrix@_N@@UEBA_JXZ   0000000180011e60 f i mexOMPMask.obj
 0001:00010e60       ?pB@?$SpMatrix@M@@QEBAPEA_JXZ 0000000180011e60 f i mexOMPMask.obj
 0001:00010e60       ?pB@?$SpMatrix@N@@QEBAPEA_JXZ 0000000180011e60 f i mexOMPMask.obj
 0001:00010e60       ?n@?$ProdMatrix@N@@UEBA_JXZ 0000000180011e60 f i mexOMPMask.obj
 0001:00010e60       ?m@?$Matrix@M@@UEBA_JXZ    0000000180011e60 f i mexOMPMask.obj
 0001:00010e60       ?m@?$Matrix@N@@UEBA_JXZ    0000000180011e60 f i mexOMPMask.obj
 0001:00010e70       ?m@?$Matrix@N@@W7EBA_JXZ   0000000180011e70 f i mexOMPMask.obj
 0001:00010e70       ?m@?$Matrix@_J@@W7EBA_JXZ  0000000180011e70 f i mexOMPMask.obj
 0001:00010e70       ?m@?$Matrix@_N@@W7EBA_JXZ  0000000180011e70 f i mexOMPMask.obj
 0001:00010e70       ?m@?$Matrix@M@@W7EBA_JXZ   0000000180011e70 f i mexOMPMask.obj
 0001:00010e7c       ?m@?$Matrix@M@@WBA@EBA_JXZ 0000000180011e7c f i mexOMPMask.obj
 0001:00010e7c       ?m@?$Matrix@N@@WBA@EBA_JXZ 0000000180011e7c f i mexOMPMask.obj
 0001:00010e7c       ?m@?$Matrix@_N@@WBA@EBA_JXZ 0000000180011e7c f i mexOMPMask.obj
 0001:00010e7c       ?m@?$Matrix@_J@@WBA@EBA_JXZ 0000000180011e7c f i mexOMPMask.obj
 0001:00010e90       ?m@?$SpMatrix@M@@UEBA_JXZ  0000000180011e90 f i mexOMPMask.obj
 0001:00010e90       ?m@?$SpMatrix@N@@UEBA_JXZ  0000000180011e90 f i mexOMPMask.obj
 0001:00010ea0       ?m@?$SpMatrix@M@@W7EBA_JXZ 0000000180011ea0 f i mexOMPMask.obj
 0001:00010ea0       ?m@?$SpMatrix@N@@W7EBA_JXZ 0000000180011ea0 f i mexOMPMask.obj
 0001:00010eb0       ?max@?$Vector@H@@QEBA_JXZ  0000000180011eb0 f i mexOMPMask.obj
 0001:00010f40       ?max_size@?$_Wrap_alloc@V?$allocator@D@std@@@std@@QEBA_KXZ 0000000180011f40 f i mexOMPMask.obj
 0001:00010f60       ?max_size@?$allocator@D@std@@QEBA_KXZ 0000000180011f60 f i mexOMPMask.obj
 0001:00010f70       ?max_size@?$allocator_traits@V?$allocator@D@std@@@std@@SA_KAEBV?$allocator@D@2@@Z 0000000180011f70 f i mexOMPMask.obj
 0001:00010f90       ?max_size@?$basic_string@DU?$char_traits@D@std@@V?$allocator@D@2@@std@@QEBA_KXZ 0000000180011f90 f i mexOMPMask.obj
 0001:00010fe0       ?maxval@?$Vector@H@@QEBAHXZ 0000000180011fe0 f i mexOMPMask.obj
 0001:00011010       ?message@_Generic_error_category@std@@UEBA?AV?$basic_string@DU?$char_traits@D@std@@V?$allocator@D@2@@2@H@Z 0000000180012010 f i mexOMPMask.obj
 0001:00011080       ?message@_Iostream_error_category@std@@UEBA?AV?$basic_string@DU?$char_traits@D@std@@V?$allocator@D@2@@2@H@Z 0000000180012080 f i mexOMPMask.obj
 0001:000110f0       ?message@_System_error_category@std@@UEBA?AV?$basic_string@DU?$char_traits@D@std@@V?$allocator@D@2@@2@H@Z 00000001800120f0 f i mexOMPMask.obj
 0001:00011160       ?move@?$char_traits@D@std@@SAPEADPEADPEBD_K@Z 0000000180012160 f i mexOMPMask.obj
 0001:000111b0       ?mult@?$Matrix@M@@UEBAXAEBV1@AEAV1@_N2MM@Z 00000001800121b0 f i mexOMPMask.obj
 0001:00011360       ?mult@?$Matrix@M@@UEBAXAEBV?$SpMatrix@M@@AEAV1@_N2MM@Z 0000000180012360 f i mexOMPMask.obj
 0001:00011930       ?mult@?$Matrix@M@@UEBAXAEBV?$SpVector@M@@AEAV?$Vector@M@@MM@Z 0000000180012930 f i mexOMPMask.obj
 0001:00011af0       ?mult@?$Matrix@M@@UEBAXAEBV?$Vector@M@@AEAV2@MM@Z 0000000180012af0 f i mexOMPMask.obj
 0001:00011bb0       ?mult@?$Matrix@N@@UEBAXAEBV1@AEAV1@_N2NN@Z 0000000180012bb0 f i mexOMPMask.obj
 0001:00011d60       ?mult@?$Matrix@N@@UEBAXAEBV?$SpMatrix@N@@AEAV1@_N2NN@Z 0000000180012d60 f i mexOMPMask.obj
 0001:00012330       ?mult@?$Matrix@N@@UEBAXAEBV?$SpVector@N@@AEAV?$Vector@N@@NN@Z 0000000180013330 f i mexOMPMask.obj
 0001:000124f0       ?mult@?$Matrix@N@@UEBAXAEBV?$Vector@N@@AEAV2@NN@Z 00000001800134f0 f i mexOMPMask.obj
 0001:000125b0       ?mult@?$Matrix@_J@@UEBAXAEBV1@AEAV1@_N2_J3@Z 00000001800135b0 f i mexOMPMask.obj
 0001:00012750       ?mult@?$Matrix@_J@@UEBAXAEBV?$SpMatrix@_J@@AEAV1@_N2_J3@Z 0000000180013750 f i mexOMPMask.obj
 0001:00012ce0       ?mult@?$Matrix@_J@@UEBAXAEBV?$SpVector@_J@@AEAV?$Vector@_J@@_J2@Z 0000000180013ce0 f i mexOMPMask.obj
 0001:00012e90       ?mult@?$Matrix@_J@@UEBAXAEBV?$Vector@_J@@AEAV2@_J2@Z 0000000180013e90 f i mexOMPMask.obj
 0001:00012f50       ?mult@?$Matrix@_N@@UEBAXAEBV1@AEAV1@_N222@Z 0000000180013f50 f i mexOMPMask.obj
 0001:000130f0       ?mult@?$Matrix@_N@@UEBAXAEBV?$SpMatrix@_N@@AEAV1@_N222@Z 00000001800140f0 f i mexOMPMask.obj
 0001:00013680       ?mult@?$Matrix@_N@@UEBAXAEBV?$SpVector@_N@@AEAV?$Vector@_N@@_N2@Z 0000000180014680 f i mexOMPMask.obj
 0001:00013850       ?mult@?$Matrix@_N@@UEBAXAEBV?$Vector@_N@@AEAV2@_N2@Z 0000000180014850 f i mexOMPMask.obj
 0001:00013910       ?mult@?$SpMatrix@M@@UEBAXAEBV1@AEAV?$Matrix@M@@_N2MM@Z 0000000180014910 f i mexOMPMask.obj
 0001:00013ee0       ?mult@?$SpMatrix@M@@UEBAXAEBV?$Matrix@M@@AEAV2@_N2MM@Z 0000000180014ee0 f i mexOMPMask.obj
 0001:00014520       ?mult@?$SpMatrix@M@@UEBAXAEBV?$SpVector@M@@AEAV?$Vector@M@@MM@Z 0000000180015520 f i mexOMPMask.obj
 0001:000146a0       ?mult@?$SpMatrix@M@@UEBAXAEBV?$Vector@M@@AEAV2@MM@Z 00000001800156a0 f i mexOMPMask.obj
 0001:00014800       ?mult@?$SpMatrix@N@@UEBAXAEBV1@AEAV?$Matrix@N@@_N2NN@Z 0000000180015800 f i mexOMPMask.obj
 0001:00014de0       ?mult@?$SpMatrix@N@@UEBAXAEBV?$Matrix@N@@AEAV2@_N2NN@Z 0000000180015de0 f i mexOMPMask.obj
 0001:00015420       ?mult@?$SpMatrix@N@@UEBAXAEBV?$SpVector@N@@AEAV?$Vector@N@@NN@Z 0000000180016420 f i mexOMPMask.obj
 0001:000155a0       ?mult@?$SpMatrix@N@@UEBAXAEBV?$Vector@N@@AEAV2@NN@Z 00000001800165a0 f i mexOMPMask.obj
 0001:00015700       ?multSwitch@?$Matrix@M@@UEBAXAEBV1@AEAV1@_N2MM@Z 0000000180016700 f i mexOMPMask.obj
 0001:00015780       ?multSwitch@?$Matrix@N@@UEBAXAEBV1@AEAV1@_N2NN@Z 0000000180016780 f i mexOMPMask.obj
 0001:00015800       ?multSwitch@?$Matrix@_J@@UEBAXAEBV1@AEAV1@_N2_J3@Z 0000000180016800 f i mexOMPMask.obj
 0001:00015880       ?multSwitch@?$Matrix@_N@@UEBAXAEBV1@AEAV1@_N222@Z 0000000180016880 f i mexOMPMask.obj
 0001:00015900       ?multSwitch@?$SpMatrix@M@@UEBAXAEBV?$Matrix@M@@AEAV2@_N2MM@Z 0000000180016900 f i mexOMPMask.obj
 0001:00015980       ?multSwitch@?$SpMatrix@N@@UEBAXAEBV?$Matrix@N@@AEAV2@_N2NN@Z 0000000180016980 f i mexOMPMask.obj
 0001:00015a00       ?multTrans@?$Matrix@M@@QEBAXAEBV?$SpVector@M@@AEAV?$Vector@M@@MM@Z 0000000180016a00 f i mexOMPMask.obj
 0001:00015b90       ?multTrans@?$Matrix@M@@UEBAXAEBV?$Vector@M@@AEAV2@MM@Z 0000000180016b90 f i mexOMPMask.obj
 0001:00015c50       ?multTrans@?$Matrix@N@@QEBAXAEBV?$SpVector@N@@AEAV?$Vector@N@@NN@Z 0000000180016c50 f i mexOMPMask.obj
 0001:00015de0       ?multTrans@?$Matrix@N@@UEBAXAEBV?$Vector@N@@AEAV2@NN@Z 0000000180016de0 f i mexOMPMask.obj
 0001:00015ea0       ?multTrans@?$Matrix@_J@@QEBAXAEBV?$SpVector@_J@@AEAV?$Vector@_J@@_J2@Z 0000000180016ea0 f i mexOMPMask.obj
 0001:00016020       ?multTrans@?$Matrix@_J@@UEBAXAEBV?$Vector@_J@@AEAV2@_J2@Z 0000000180017020 f i mexOMPMask.obj
 0001:000160e0       ?multTrans@?$Matrix@_N@@QEBAXAEBV?$SpVector@_N@@AEAV?$Vector@_N@@_N2@Z 00000001800170e0 f i mexOMPMask.obj
 0001:000162b0       ?multTrans@?$Matrix@_N@@UEBAXAEBV?$Vector@_N@@AEAV2@_N2@Z 00000001800172b0 f i mexOMPMask.obj
 0001:00016370       ?multTrans@?$SpMatrix@M@@QEBAXAEBV?$SpVector@M@@AEAV?$Vector@M@@MM@Z 0000000180017370 f i mexOMPMask.obj
 0001:00016490       ?multTrans@?$SpMatrix@M@@UEBAXAEBV?$Vector@M@@AEAV2@MM@Z 0000000180017490 f i mexOMPMask.obj
 0001:00016600       ?multTrans@?$SpMatrix@N@@QEBAXAEBV?$SpVector@N@@AEAV?$Vector@N@@NN@Z 0000000180017600 f i mexOMPMask.obj
 0001:00016720       ?multTrans@?$SpMatrix@N@@UEBAXAEBV?$Vector@N@@AEAV2@NN@Z 0000000180017720 f i mexOMPMask.obj
 0001:00016890       ?n@?$Matrix@_J@@UEBA_JXZ   0000000180017890 f i mexOMPMask.obj
 0001:00016890       ?n@?$Matrix@N@@UEBA_JXZ    0000000180017890 f i mexOMPMask.obj
 0001:00016890       ?m@?$ProdMatrix@M@@UEBA_JXZ 0000000180017890 f i mexOMPMask.obj
 0001:00016890       ?n@?$Matrix@_N@@UEBA_JXZ   0000000180017890 f i mexOMPMask.obj
 0001:00016890       ?m@?$ProdMatrix@N@@UEBA_JXZ 0000000180017890 f i mexOMPMask.obj
 0001:00016890       ?n@?$Matrix@M@@UEBA_JXZ    0000000180017890 f i mexOMPMask.obj
 0001:000168a0       ?n@?$Matrix@_J@@W7EBA_JXZ  00000001800178a0 f i mexOMPMask.obj
 0001:000168a0       ?n@?$Matrix@N@@W7EBA_JXZ   00000001800178a0 f i mexOMPMask.obj
 0001:000168a0       ?n@?$Matrix@M@@W7EBA_JXZ   00000001800178a0 f i mexOMPMask.obj
 0001:000168a0       ?n@?$Matrix@_N@@W7EBA_JXZ  00000001800178a0 f i mexOMPMask.obj
 0001:000168ac       ?n@?$Matrix@M@@WBA@EBA_JXZ 00000001800178ac f i mexOMPMask.obj
 0001:000168ac       ?n@?$Matrix@_J@@WBA@EBA_JXZ 00000001800178ac f i mexOMPMask.obj
 0001:000168ac       ?n@?$Matrix@N@@WBA@EBA_JXZ 00000001800178ac f i mexOMPMask.obj
 0001:000168ac       ?n@?$Matrix@_N@@WBA@EBA_JXZ 00000001800178ac f i mexOMPMask.obj
 0001:000168c0       ?n@?$SpMatrix@M@@UEBA_JXZ  00000001800178c0 f i mexOMPMask.obj
 0001:000168c0       ?n@?$SpMatrix@N@@UEBA_JXZ  00000001800178c0 f i mexOMPMask.obj
 0001:000168d0       ?n@?$SpMatrix@N@@W7EBA_JXZ 00000001800178d0 f i mexOMPMask.obj
 0001:000168d0       ?n@?$SpMatrix@M@@W7EBA_JXZ 00000001800178d0 f i mexOMPMask.obj
 0001:000168e0       ?v@?$SpMatrix@N@@QEBAPEANXZ 00000001800178e0 f i mexOMPMask.obj
 0001:000168e0       ?L@?$SpVector@M@@QEBA_JXZ  00000001800178e0 f i mexOMPMask.obj
 0001:000168e0       ?L@?$SpVector@N@@QEBA_JXZ  00000001800178e0 f i mexOMPMask.obj
 0001:000168e0       ?n@?$Vector@_N@@QEBA_JXZ   00000001800178e0 f i mexOMPMask.obj
 0001:000168e0       ?n@?$Vector@N@@QEBA_JXZ    00000001800178e0 f i mexOMPMask.obj
 0001:000168e0       ?n@?$Vector@M@@QEBA_JXZ    00000001800178e0 f i mexOMPMask.obj
 0001:000168e0       ?v@?$SpMatrix@M@@QEBAPEAMXZ 00000001800178e0 f i mexOMPMask.obj
 0001:000168f0       ?name@_Generic_error_category@std@@UEBAPEBDXZ 00000001800178f0 f i mexOMPMask.obj
 0001:00016900       ?name@_Iostream_error_category@std@@UEBAPEBDXZ 0000000180017900 f i mexOMPMask.obj
 0001:00016910       ?name@_System_error_category@std@@UEBAPEBDXZ 0000000180017910 f i mexOMPMask.obj
 0001:00016920       ??3@YAXPEAX0@Z             0000000180017920 f i mexOMPMask.obj
 0001:00016920       ??$destroy@PEAD@?$allocator@D@std@@QEAAXPEAPEAD@Z 0000000180017920 f i mexOMPMask.obj
 0001:00016920       ?_Adopt@_Iterator_base0@std@@QEAAXPEBX@Z 0000000180017920 f i mexOMPMask.obj
 0001:00016920       ?norm_2sq_cols@?$Data@_N@@UEBAXAEAV?$Vector@_N@@@Z 0000000180017920 f i mexOMPMask.obj
 0001:00016920       ?norm_2sq_cols@?$Data@M@@UEBAXAEAV?$Vector@M@@@Z 0000000180017920 f i mexOMPMask.obj
 0001:00016920       ?norm_2sq_cols@?$Data@N@@UEBAXAEAV?$Vector@N@@@Z 0000000180017920 f i mexOMPMask.obj
 0001:00016920       ?norm_2sq_cols@?$Data@_J@@UEBAXAEAV?$Vector@_J@@@Z 0000000180017920 f i mexOMPMask.obj
 0001:00016930       ?norm_2sq_cols@?$Matrix@M@@UEBAXAEAV?$Vector@M@@@Z 0000000180017930 f i mexOMPMask.obj
 0001:000169e0       ?norm_2sq_cols@?$Matrix@N@@UEBAXAEAV?$Vector@N@@@Z 00000001800179e0 f i mexOMPMask.obj
 0001:00016a90       ?norm_2sq_cols@?$Matrix@_J@@UEBAXAEAV?$Vector@_J@@@Z 0000000180017a90 f i mexOMPMask.obj
 0001:00016b40       ?norm_2sq_cols@?$Matrix@_N@@UEBAXAEAV?$Vector@_N@@@Z 0000000180017b40 f i mexOMPMask.obj
 0001:00016bf0       ?norm_2sq_cols@?$SpMatrix@M@@UEBAXAEAV?$Vector@M@@@Z 0000000180017bf0 f i mexOMPMask.obj
 0001:00016ca0       ?norm_2sq_cols@?$SpMatrix@N@@UEBAXAEAV?$Vector@N@@@Z 0000000180017ca0 f i mexOMPMask.obj
 0001:00016d50       ?nrm2sq@?$SpVector@M@@QEBAMXZ 0000000180017d50 f i mexOMPMask.obj
 0001:00016d90       ?nrm2sq@?$SpVector@N@@QEBANXZ 0000000180017d90 f i mexOMPMask.obj
 0001:00016dd0       ?nrm2sq@?$Vector@M@@QEBAMXZ 0000000180017dd0 f i mexOMPMask.obj
 0001:00016e10       ?nrm2sq@?$Vector@N@@QEBANXZ 0000000180017e10 f i mexOMPMask.obj
 0001:00016e50       ?nrm2sq@?$Vector@_J@@QEBA_JXZ 0000000180017e50 f i mexOMPMask.obj
 0001:00016e90       ?nrm2sq@?$Vector@_N@@QEBA_NXZ 0000000180017e90 f i mexOMPMask.obj
 0001:00016ed0       ?nzmax@?$SpMatrix@N@@QEBA_JXZ 0000000180017ed0 f i mexOMPMask.obj
 0001:00016ed0       ?nzmax@?$SpMatrix@M@@QEBA_JXZ 0000000180017ed0 f i mexOMPMask.obj
 0001:00016ee0       ?print@?$Matrix@M@@UEBAXAEBV?$basic_string@DU?$char_traits@D@std@@V?$allocator@D@2@@std@@@Z 0000000180017ee0 f i mexOMPMask.obj
 0001:00017010       ?print@?$Matrix@N@@UEBAXAEBV?$basic_string@DU?$char_traits@D@std@@V?$allocator@D@2@@std@@@Z 0000000180018010 f i mexOMPMask.obj
 0001:00017130       ?print@?$Matrix@_J@@UEBAXAEBV?$basic_string@DU?$char_traits@D@std@@V?$allocator@D@2@@std@@@Z 0000000180018130 f i mexOMPMask.obj
 0001:00017260       ?print@?$Matrix@_N@@UEBAXAEBV?$basic_string@DU?$char_traits@D@std@@V?$allocator@D@2@@std@@@Z 0000000180018260 f i mexOMPMask.obj
 0001:00017390       ?print@?$SpMatrix@M@@UEBAXAEBV?$basic_string@DU?$char_traits@D@std@@V?$allocator@D@2@@std@@@Z 0000000180018390 f i mexOMPMask.obj
 0001:00017540       ?print@?$SpMatrix@N@@UEBAXAEBV?$basic_string@DU?$char_traits@D@std@@V?$allocator@D@2@@std@@@Z 0000000180018540 f i mexOMPMask.obj
 0001:000176f0       ?r@?$SpVector@M@@QEBA_J_J@Z 00000001800186f0 f i mexOMPMask.obj
 0001:000176f0       ??A?$Vector@_J@@QEBA_J_J@Z 00000001800186f0 f i mexOMPMask.obj
 0001:000176f0       ?r@?$SpVector@N@@QEBA_J_J@Z 00000001800186f0 f i mexOMPMask.obj
 0001:00017710       ?rank1Update@?$Matrix@M@@QEAAXAEBV?$SpVector@M@@0M@Z 0000000180018710 f i mexOMPMask.obj
 0001:00017970       ?rank1Update@?$Matrix@M@@QEAAXAEBV?$Vector@M@@AEBV?$SpVector@M@@M@Z 0000000180018970 f i mexOMPMask.obj
 0001:00017a50       ?rank1Update@?$Matrix@N@@QEAAXAEBV?$SpVector@N@@0N@Z 0000000180018a50 f i mexOMPMask.obj
 0001:00017cb0       ?rank1Update@?$Matrix@N@@QEAAXAEBV?$Vector@N@@AEBV?$SpVector@N@@N@Z 0000000180018cb0 f i mexOMPMask.obj
 0001:00017d90       ?rank1Update@?$Matrix@_J@@QEAAXAEBV?$Vector@_J@@AEBV?$SpVector@_J@@_J@Z 0000000180018d90 f i mexOMPMask.obj
 0001:00017e60       ?rank1Update@?$Matrix@_N@@QEAAXAEBV?$Vector@_N@@AEBV?$SpVector@_N@@_N@Z 0000000180018e60 f i mexOMPMask.obj
 0001:00017f60       ?rawX@?$Vector@M@@QEBAPEAMXZ 0000000180018f60 f i mexOMPMask.obj
 0001:00017f60       ?size@?$basic_string@DU?$char_traits@D@std@@V?$allocator@D@2@@std@@QEBA_KXZ 0000000180018f60 f i mexOMPMask.obj
 0001:00017f60       ?rawR@?$SpVector@_N@@QEBAPEA_JXZ 0000000180018f60 f i mexOMPMask.obj
 0001:00017f60       ?rawX@?$Vector@_N@@QEBAPEA_NXZ 0000000180018f60 f i mexOMPMask.obj
 0001:00017f60       ?rawR@?$SpVector@M@@QEBAPEA_JXZ 0000000180018f60 f i mexOMPMask.obj
 0001:00017f60       ?rawX@?$Vector@_J@@QEBAPEA_JXZ 0000000180018f60 f i mexOMPMask.obj
 0001:00017f60       ?rawR@?$SpVector@N@@QEBAPEA_JXZ 0000000180018f60 f i mexOMPMask.obj
 0001:00017f60       ?rawX@?$Vector@N@@QEBAPEANXZ 0000000180018f60 f i mexOMPMask.obj
 0001:00017f60       ?rawR@?$SpVector@_J@@QEBAPEA_JXZ 0000000180018f60 f i mexOMPMask.obj
 0001:00017f70       ?rawX@?$SpVector@N@@QEBAPEANXZ 0000000180018f70 f i mexOMPMask.obj
 0001:00017f70       ?rawX@?$SpVector@M@@QEBAPEAMXZ 0000000180018f70 f i mexOMPMask.obj
 0001:00017f70       ?category@error_code@std@@QEBAAEBVerror_category@2@XZ 0000000180018f70 f i mexOMPMask.obj
 0001:00017f70       ?rawX@?$SpVector@_J@@QEBAPEA_JXZ 0000000180018f70 f i mexOMPMask.obj
 0001:00017f70       ?size@?$list@_JV?$allocator@_J@std@@@std@@QEBA_KXZ 0000000180018f70 f i mexOMPMask.obj
 0001:00017f70       ?rawX@?$SpVector@_N@@QEBAPEA_NXZ 0000000180018f70 f i mexOMPMask.obj
 0001:00017f70       ?category@error_condition@std@@QEBAAEBVerror_category@2@XZ 0000000180018f70 f i mexOMPMask.obj
 0001:00017f80       ?refCol@?$Matrix@M@@QEBAX_JAEAV?$Vector@M@@@Z 0000000180018f80 f i mexOMPMask.obj
 0001:00017ff0       ?refCol@?$Matrix@N@@QEBAX_JAEAV?$Vector@N@@@Z 0000000180018ff0 f i mexOMPMask.obj
 0001:00017ff0       ?refCol@?$Matrix@_J@@QEBAX_JAEAV?$Vector@_J@@@Z 0000000180018ff0 f i mexOMPMask.obj
 0001:00018060       ?refCol@?$Matrix@_N@@QEBAX_JAEAV?$Vector@_N@@@Z 0000000180019060 f i mexOMPMask.obj
 0001:000180d0       ?refCol@?$SpMatrix@M@@QEBAX_JAEAV?$SpVector@M@@@Z 00000001800190d0 f i mexOMPMask.obj
 0001:000181a0       ?refCol@?$SpMatrix@_J@@QEBAX_JAEAV?$SpVector@_J@@@Z 00000001800191a0 f i mexOMPMask.obj
 0001:000181a0       ?refCol@?$SpMatrix@N@@QEBAX_JAEAV?$SpVector@N@@@Z 00000001800191a0 f i mexOMPMask.obj
 0001:00018270       ?refCol@?$SpMatrix@_N@@QEBAX_JAEAV?$SpVector@_N@@@Z 0000000180019270 f i mexOMPMask.obj
 0001:00018340       ?resize@?$Matrix@M@@QEAAX_J0_N@Z 0000000180019340 f i mexOMPMask.obj
 0001:00018410       ?resize@?$Matrix@N@@QEAAX_J0_N@Z 0000000180019410 f i mexOMPMask.obj
 0001:00018410       ?resize@?$Matrix@_J@@QEAAX_J0_N@Z 0000000180019410 f i mexOMPMask.obj
 0001:000184e0       ?resize@?$Matrix@_N@@QEAAX_J0_N@Z 00000001800194e0 f i mexOMPMask.obj
 0001:00018590       ?resize@?$SpMatrix@M@@QEAAX_J00@Z 0000000180019590 f i mexOMPMask.obj
 0001:00018720       ?resize@?$SpMatrix@N@@QEAAX_J00@Z 0000000180019720 f i mexOMPMask.obj
 0001:000188b0       ?resize@?$Vector@M@@QEAAX_J@Z 00000001800198b0 f i mexOMPMask.obj
 0001:00018930       ?resize@?$Vector@N@@QEAAX_J@Z 0000000180019930 f i mexOMPMask.obj
 0001:00018930       ?resize@?$Vector@_J@@QEAAX_J@Z 0000000180019930 f i mexOMPMask.obj
 0001:000189b0       ?resize@?$Vector@_N@@QEAAX_J@Z 00000001800199b0 f i mexOMPMask.obj
 0001:00018a20       ?scal@?$Matrix@M@@QEAAXM@Z 0000000180019a20 f i mexOMPMask.obj
 0001:00018a70       ?scal@?$Matrix@N@@QEAAXN@Z 0000000180019a70 f i mexOMPMask.obj
 0001:00018ac0       ?scal@?$Matrix@_J@@QEAAX_J@Z 0000000180019ac0 f i mexOMPMask.obj
 0001:00018b10       ?scal@?$Matrix@_N@@QEAAX_N@Z 0000000180019b10 f i mexOMPMask.obj
 0001:00018b60       ?scal@?$Vector@M@@QEAAXM@Z 0000000180019b60 f i mexOMPMask.obj
 0001:00018ba0       ?scal@?$Vector@N@@QEAAXN@Z 0000000180019ba0 f i mexOMPMask.obj
 0001:00018be0       ?scal@?$Vector@_J@@QEAAX_J@Z 0000000180019be0 f i mexOMPMask.obj
 0001:00018c20       ?scal@?$Vector@_N@@QEAAX_N@Z 0000000180019c20 f i mexOMPMask.obj
 0001:00018c60       ?set@?$Vector@M@@QEAAXM@Z  0000000180019c60 f i mexOMPMask.obj
 0001:00018cc0       ?set@?$Vector@N@@QEAAXN@Z  0000000180019cc0 f i mexOMPMask.obj
 0001:00018d20       ?set@?$Vector@_J@@QEAAX_J@Z 0000000180019d20 f i mexOMPMask.obj
 0001:00018d70       ?setMatrices@?$ProdMatrix@M@@QEAAXAEBV?$Matrix@M@@_N@Z 0000000180019d70 f i mexOMPMask.obj
 0001:00018e40       ?setMatrices@?$ProdMatrix@N@@QEAAXAEBV?$Matrix@N@@_N@Z 0000000180019e40 f i mexOMPMask.obj
 0001:00018f10       ?setZeros@?$Matrix@M@@QEAAXXZ 0000000180019f10 f i mexOMPMask.obj
 0001:00018f50       ?setZeros@?$Matrix@N@@QEAAXXZ 0000000180019f50 f i mexOMPMask.obj
 0001:00018f50       ?setZeros@?$Matrix@_J@@QEAAXXZ 0000000180019f50 f i mexOMPMask.obj
 0001:00018f90       ?setZeros@?$Matrix@_N@@QEAAXXZ 0000000180019f90 f i mexOMPMask.obj
 0001:00018fd0       ?setZeros@?$Vector@M@@QEAAXXZ 0000000180019fd0 f i mexOMPMask.obj
 0001:00019000       ?setZeros@?$Vector@N@@QEAAXXZ 000000018001a000 f i mexOMPMask.obj
 0001:00019000       ?setZeros@?$Vector@_J@@QEAAXXZ 000000018001a000 f i mexOMPMask.obj
 0001:00019030       ?setZeros@?$Vector@_N@@QEAAXXZ 000000018001a030 f i mexOMPMask.obj
 0001:00019060       ?setm@?$Matrix@M@@QEAAX_J@Z 000000018001a060 f i mexOMPMask.obj
 0001:00019060       ?setm@?$Matrix@N@@QEAAX_J@Z 000000018001a060 f i mexOMPMask.obj
 0001:00019080       ?setn@?$Matrix@M@@QEAAX_J@Z 000000018001a080 f i mexOMPMask.obj
 0001:00019080       ?setn@?$Matrix@N@@QEAAX_J@Z 000000018001a080 f i mexOMPMask.obj
 0001:000190a0       ?setn@?$Vector@M@@QEAAX_J@Z 000000018001a0a0 f i mexOMPMask.obj
 0001:000190a0       ?setn@?$Vector@N@@QEAAX_J@Z 000000018001a0a0 f i mexOMPMask.obj
 0001:000190c0       ?sqr@?$Vector@M@@QEAAXAEBV1@@Z 000000018001a0c0 f i mexOMPMask.obj
 0001:00019110       ?sqr@?$Vector@N@@QEAAXAEBV1@@Z 000000018001a110 f i mexOMPMask.obj
 0001:00019160       ?sqrt@@YAMM@Z              000000018001a160 f i mexOMPMask.obj
 0001:00019180       ?sub@?$Vector@M@@QEAAXAEBV1@@Z 000000018001a180 f i mexOMPMask.obj
 0001:000191c0       ?sub@?$Vector@N@@QEAAXAEBV1@@Z 000000018001a1c0 f i mexOMPMask.obj
 0001:00019200       ?system_category@std@@YAAEBVerror_category@1@XZ 000000018001a200 f i mexOMPMask.obj
 0001:00019210       ?toFull@?$SpMatrix@M@@QEBAXAEAV?$Matrix@M@@@Z 000000018001a210 f i mexOMPMask.obj
 0001:00019310       ?toFull@?$SpMatrix@N@@QEBAXAEAV?$Matrix@N@@@Z 000000018001a310 f i mexOMPMask.obj
 0001:00019410       ?v@?$SpVector@M@@QEBAM_J@Z 000000018001a410 f i mexOMPMask.obj
 0001:00019430       ?v@?$SpVector@N@@QEBAN_J@Z 000000018001a430 f i mexOMPMask.obj
 0001:00019450       ?value@error_code@std@@QEBAHXZ 000000018001a450 f i mexOMPMask.obj
 0001:00019450       ?value@error_condition@std@@QEBAHXZ 000000018001a450 f i mexOMPMask.obj
 0001:00019460       fabsf                      000000018001a460 f i mexOMPMask.obj
 0001:0001947e       mxGetClassID               000000018001a47e f   libmx:libmx.dll
 0001:00019484       mxIsStruct                 000000018001a484 f   libmx:libmx.dll
 0001:0001948a       mxIsComplex                000000018001a48a f   libmx:libmx.dll
 0001:00019490       mxIsSparse                 000000018001a490 f   libmx:libmx.dll
 0001:00019496       mxGetDimensions_730        000000018001a496 f   libmx:libmx.dll
 0001:0001949c       mxGetPr                    000000018001a49c f   libmx:libmx.dll
 0001:000194a2       mxGetScalar                000000018001a4a2 f   libmx:libmx.dll
 0001:000194a8       mxGetIr_730                000000018001a4a8 f   libmx:libmx.dll
 0001:000194ae       mxGetJc_730                000000018001a4ae f   libmx:libmx.dll
 0001:000194b4       mxGetField_730             000000018001a4b4 f   libmx:libmx.dll
 0001:000194ba       mxCreateNumericMatrix_730  000000018001a4ba f   libmx:libmx.dll
 0001:000194c0       mxCreateSparse_730         000000018001a4c0 f   libmx:libmx.dll
 0001:000194c6       mexErrMsgTxt               000000018001a4c6 f   libmex:libmex.dll
 0001:000194cc       mexPrintf                  000000018001a4cc f   libmex:libmex.dll
 0001:000194d2       mexEvalString              000000018001a4d2 f   libmex:libmex.dll
 0001:000194d8       dcopy                      000000018001a4d8 f   libmwblas:libmwblas.dll
 0001:000194de       scopy                      000000018001a4de f   libmwblas:libmwblas.dll
 0001:000194e4       daxpy                      000000018001a4e4 f   libmwblas:libmwblas.dll
 0001:000194ea       saxpy                      000000018001a4ea f   libmwblas:libmwblas.dll
 0001:000194f0       dscal                      000000018001a4f0 f   libmwblas:libmwblas.dll
 0001:000194f6       sscal                      000000018001a4f6 f   libmwblas:libmwblas.dll
 0001:000194fc       ddot                       000000018001a4fc f   libmwblas:libmwblas.dll
 0001:00019502       sdot                       000000018001a502 f   libmwblas:libmwblas.dll
 0001:00019508       dgemv                      000000018001a508 f   libmwblas:libmwblas.dll
 0001:0001950e       sgemv                      000000018001a50e f   libmwblas:libmwblas.dll
 0001:00019514       dtrmv                      000000018001a514 f   libmwblas:libmwblas.dll
 0001:0001951a       strmv                      000000018001a51a f   libmwblas:libmwblas.dll
 0001:00019520       dgemm                      000000018001a520 f   libmwblas:libmwblas.dll
 0001:00019526       sgemm                      000000018001a526 f   libmwblas:libmwblas.dll
 0001:0001952c       dsyrk                      000000018001a52c f   libmwblas:libmwblas.dll
 0001:00019532       ssyrk                      000000018001a532 f   libmwblas:libmwblas.dll
 0001:00019538       idamax                     000000018001a538 f   libmwblas:libmwblas.dll
 0001:0001953e       isamax                     000000018001a53e f   libmwblas:libmwblas.dll
 0001:00019544       ??_U@YAPEAX_K@Z            000000018001a544 f   msvcprt:newaop_s.obj
 0001:0001954c       ??_L@YAXPEAX_KHP6AX0@Z2@Z  000000018001a54c f   MSVCRT:ehvecctr.obj
 0001:000195b0       ??_M@YAXPEAX_KHP6AX0@Z@Z   000000018001a5b0 f   MSVCRT:ehvecdtr.obj
 0001:00019610       ?__ArrayUnwind@@YAXPEAX_KHP6AX0@Z@Z 000000018001a610 f   MSVCRT:ehvecdtr.obj
 0001:0001965a       _purecall                  000000018001a65a f   MSVCRT:MSVCR110.dll
 0001:00019660       ??2@YAPEAX_K@Z             000000018001a660 f   MSVCRT:MSVCR110.dll
 0001:00019666       ??3@YAXPEAX@Z              000000018001a666 f   MSVCRT:MSVCR110.dll
 0001:0001966c       __atonexitinit             000000018001a66c f   MSVCRT:atonexit.obj
 0001:000196bc       _onexit                    000000018001a6bc f   MSVCRT:atonexit.obj
 0001:0001976c       atexit                     000000018001a76c f   MSVCRT:atonexit.obj
 0001:00019784       memcpy                     000000018001a784 f   MSVCRT:MSVCR110.dll
 0001:0001978a       memset                     000000018001a78a f   MSVCRT:MSVCR110.dll
 0001:00019790       strlen                     000000018001a790 f   MSVCRT:MSVCR110.dll
 0001:00019796       fabs                       000000018001a796 f   MSVCRT:MSVCR110.dll
 0001:0001979c       sqrt                       000000018001a79c f   MSVCRT:MSVCR110.dll
 0001:000197a2       ??_V@YAXPEAX@Z             000000018001a7a2 f   MSVCRT:MSVCR110.dll
 0001:000197a8       _CxxThrowException         000000018001a7a8 f   MSVCRT:MSVCR110.dll
 0001:000197ae       __CxxFrameHandler3         000000018001a7ae f   MSVCRT:MSVCR110.dll
 0001:000197b4       ??_Etype_info@@UEAAPEAXI@Z 000000018001a7b4 f i MSVCRT:ti_inst.obj
 0001:00019880       _CRT_INIT                  000000018001a880 f   MSVCRT:crtdll.obj
 0001:00019acc       _DllMainCRTStartup         000000018001aacc f   MSVCRT:crtdll.obj
 0001:00019c42       __C_specific_handler       000000018001ac42 f   MSVCRT:MSVCR110.dll
 0001:00019c48       ?terminate@@YAXXZ          000000018001ac48 f   MSVCRT:MSVCR110.dll
 0001:00019c4e       _lock                      000000018001ac4e f   MSVCRT:MSVCR110.dll
 0001:00019c54       _unlock                    000000018001ac54 f   MSVCRT:MSVCR110.dll
 0001:00019c5a       __dllonexit                000000018001ac5a f   MSVCRT:MSVCR110.dll
 0001:00019c60       __CppXcptFilter            000000018001ac60 f   MSVCRT:MSVCR110.dll
 0001:00019c66       _amsg_exit                 000000018001ac66 f   MSVCRT:MSVCR110.dll
 0001:00019c70       _FindPESection             000000018001ac70 f   MSVCRT:pesect.obj
 0001:00019cc0       _IsNonwritableInCurrentImage 000000018001acc0 f   MSVCRT:pesect.obj
 0001:00019d10       _ValidateImageBase         000000018001ad10 f   MSVCRT:pesect.obj
 0001:00019d40       __security_init_cookie     000000018001ad40 f   MSVCRT:gs_support.obj
 0001:00019dec       DllMain                    000000018001adec f   MSVCRT:dllmain.obj
 0001:00019e10       _RTC_Initialize            000000018001ae10 f   MSVCRT:initsect.obj
 0001:00019e48       _RTC_Terminate             000000018001ae48 f   MSVCRT:initsect.obj
 0001:00019e80       _initterm                  000000018001ae80 f   MSVCRT:MSVCR110.dll
 0001:00019e86       _initterm_e                000000018001ae86 f   MSVCRT:MSVCR110.dll
 0001:00019e8c       __clean_type_info_names    000000018001ae8c f   MSVCRT:tncleanup.obj
 0001:00019e98       ??1type_info@@UEAA@XZ      000000018001ae98 f   MSVCRT:MSVCR110.dll
 0001:00019e98       ?_type_info_dtor_internal_method@type_info@@QEAAXXZ 000000018001ae98 f   MSVCRT:MSVCR110.dll
 0001:00019e9e       __clean_type_info_names_internal 000000018001ae9e f   MSVCRT:MSVCR110.dll
 0002:00000000       __imp_DisableThreadLibraryCalls 000000018001d000     kernel32:KERNEL32.dll
 0002:00000008       __imp_GetCurrentThreadId   000000018001d008     kernel32:KERNEL32.dll
 0002:00000010       __imp_GetCurrentProcessId  000000018001d010     kernel32:KERNEL32.dll
 0002:00000018       __imp_QueryPerformanceCounter 000000018001d018     kernel32:KERNEL32.dll
 0002:00000020       __imp_DecodePointer        000000018001d020     kernel32:KERNEL32.dll
 0002:00000028       __imp_EncodePointer        000000018001d028     kernel32:KERNEL32.dll
 0002:00000030       __imp_GetSystemTimeAsFileTime 000000018001d030     kernel32:KERNEL32.dll
 0002:00000038       \177KERNEL32_NULL_THUNK_DATA 000000018001d038     kernel32:KERNEL32.dll
 0002:00000040       __imp_?flush@std@@YAAEAV?$basic_ostream@DU?$char_traits@D@std@@@1@AEAV21@@Z 000000018001d040     msvcprt:MSVCP110.dll
 0002:00000048       __imp_?cerr@std@@3V?$basic_ostream@DU?$char_traits@D@std@@@1@A 000000018001d048     msvcprt:MSVCP110.dll
 0002:00000050       __imp_?flush@?$basic_ostream@DU?$char_traits@D@std@@@std@@QEAAAEAV12@XZ 000000018001d050     msvcprt:MSVCP110.dll
 0002:00000058       __imp_??6?$basic_ostream@DU?$char_traits@D@std@@@std@@QEAAAEAV01@N@Z 000000018001d058     msvcprt:MSVCP110.dll
 0002:00000060       __imp_??6?$basic_ostream@DU?$char_traits@D@std@@@std@@QEAAAEAV01@M@Z 000000018001d060     msvcprt:MSVCP110.dll
 0002:00000068       __imp_??6?$basic_ostream@DU?$char_traits@D@std@@@std@@QEAAAEAV01@_J@Z 000000018001d068     msvcprt:MSVCP110.dll
 0002:00000070       __imp_??6?$basic_ostream@DU?$char_traits@D@std@@@std@@QEAAAEAV01@P6AAEAV01@AEAV01@@Z@Z 000000018001d070     msvcprt:MSVCP110.dll
 0002:00000078       __imp_?_Osfx@?$basic_ostream@DU?$char_traits@D@std@@@std@@QEAAXXZ 000000018001d078     msvcprt:MSVCP110.dll
 0002:00000080       __imp_?fill@?$basic_ios@DU?$char_traits@D@std@@@std@@QEBADXZ 000000018001d080     msvcprt:MSVCP110.dll
 0002:00000088       __imp_?endl@std@@YAAEAV?$basic_ostream@DU?$char_traits@D@std@@@1@AEAV21@@Z 000000018001d088     msvcprt:MSVCP110.dll
 0002:00000090       __imp_?rdbuf@?$basic_ios@DU?$char_traits@D@std@@@std@@QEBAPEAV?$basic_streambuf@DU?$char_traits@D@std@@@2@XZ 000000018001d090     msvcprt:MSVCP110.dll
 0002:00000098       __imp_?tie@?$basic_ios@DU?$char_traits@D@std@@@std@@QEBAPEAV?$basic_ostream@DU?$char_traits@D@std@@@2@XZ 000000018001d098     msvcprt:MSVCP110.dll
 0002:000000a0       __imp_?setstate@?$basic_ios@DU?$char_traits@D@std@@@std@@QEAAXH_N@Z 000000018001d0a0     msvcprt:MSVCP110.dll
 0002:000000a8       __imp_?sputn@?$basic_streambuf@DU?$char_traits@D@std@@@std@@QEAA_JPEBD_J@Z 000000018001d0a8     msvcprt:MSVCP110.dll
 0002:000000b0       __imp_?sputc@?$basic_streambuf@DU?$char_traits@D@std@@@std@@QEAAHD@Z 000000018001d0b0     msvcprt:MSVCP110.dll
 0002:000000b8       __imp_?width@ios_base@std@@QEAA_J_J@Z 000000018001d0b8     msvcprt:MSVCP110.dll
 0002:000000c0       __imp_?width@ios_base@std@@QEBA_JXZ 000000018001d0c0     msvcprt:MSVCP110.dll
 0002:000000c8       __imp_?flags@ios_base@std@@QEBAHXZ 000000018001d0c8     msvcprt:MSVCP110.dll
 0002:000000d0       __imp_?good@ios_base@std@@QEBA_NXZ 000000018001d0d0     msvcprt:MSVCP110.dll
 0002:000000d8       __imp_?_Winerror_map@std@@YAPEBDH@Z 000000018001d0d8     msvcprt:MSVCP110.dll
 0002:000000e0       __imp_?_Syserror_map@std@@YAPEBDH@Z 000000018001d0e0     msvcprt:MSVCP110.dll
 0002:000000e8       __imp_??0id@locale@std@@QEAA@_K@Z 000000018001d0e8     msvcprt:MSVCP110.dll
 0002:000000f0       __imp_?_Xout_of_range@std@@YAXPEBD@Z 000000018001d0f0     msvcprt:MSVCP110.dll
 0002:000000f8       __imp_?_Xlength_error@std@@YAXPEBD@Z 000000018001d0f8     msvcprt:MSVCP110.dll
 0002:00000100       __imp_?_Xbad_alloc@std@@YAXXZ 000000018001d100     msvcprt:MSVCP110.dll
 0002:00000108       __imp_?uncaught_exception@std@@YA_NXZ 000000018001d108     msvcprt:MSVCP110.dll
 0002:00000110       \177MSVCP110_NULL_THUNK_DATA 000000018001d110     msvcprt:MSVCP110.dll
 0002:00000118       __imp_malloc               000000018001d118     MSVCRT:MSVCR110.dll
 0002:00000120       __imp__onexit              000000018001d120     MSVCRT:MSVCR110.dll
 0002:00000128       __imp___dllonexit          000000018001d128     MSVCRT:MSVCR110.dll
 0002:00000130       __imp__calloc_crt          000000018001d130     MSVCRT:MSVCR110.dll
 0002:00000138       __imp__unlock              000000018001d138     MSVCRT:MSVCR110.dll
 0002:00000140       __imp__lock                000000018001d140     MSVCRT:MSVCR110.dll
 0002:00000148       __imp_?terminate@@YAXXZ    000000018001d148     MSVCRT:MSVCR110.dll
 0002:00000150       __imp___C_specific_handler 000000018001d150     MSVCRT:MSVCR110.dll
 0002:00000158       __imp___CxxFrameHandler3   000000018001d158     MSVCRT:MSVCR110.dll
 0002:00000160       __imp__CxxThrowException   000000018001d160     MSVCRT:MSVCR110.dll
 0002:00000168       __imp__tzset               000000018001d168     MSVCRT:MSVCR110.dll
 0002:00000170       __imp___timezone           000000018001d170     MSVCRT:MSVCR110.dll
 0002:00000178       __imp___daylight           000000018001d178     MSVCRT:MSVCR110.dll
 0002:00000180       __imp_??_V@YAXPEAX@Z       000000018001d180     MSVCRT:MSVCR110.dll
 0002:00000188       __imp_sqrtf                000000018001d188     MSVCRT:MSVCR110.dll
 0002:00000190       __imp_sqrt                 000000018001d190     MSVCRT:MSVCR110.dll
 0002:00000198       __imp_fabs                 000000018001d198     MSVCRT:MSVCR110.dll
 0002:000001a0       __imp_memmove              000000018001d1a0     MSVCRT:MSVCR110.dll
 0002:000001a8       __imp_strlen               000000018001d1a8     MSVCRT:MSVCR110.dll
 0002:000001b0       __imp_memset               000000018001d1b0     MSVCRT:MSVCR110.dll
 0002:000001b8       __imp_memcpy               000000018001d1b8     MSVCRT:MSVCR110.dll
 0002:000001c0       __imp_free                 000000018001d1c0     MSVCRT:MSVCR110.dll
 0002:000001c8       __imp_??3@YAXPEAX@Z        000000018001d1c8     MSVCRT:MSVCR110.dll
 0002:000001d0       __imp___clean_type_info_names_internal 000000018001d1d0     MSVCRT:MSVCR110.dll
 0002:000001d8       __imp_?_type_info_dtor_internal_method@type_info@@QEAAXXZ 000000018001d1d8     MSVCRT:MSVCR110.dll
 0002:000001e0       __imp__initterm_e          000000018001d1e0     MSVCRT:MSVCR110.dll
 0002:000001e8       __imp__initterm            000000018001d1e8     MSVCRT:MSVCR110.dll
 0002:000001f0       __imp__malloc_crt          000000018001d1f0     MSVCRT:MSVCR110.dll
 0002:000001f8       __imp__amsg_exit           000000018001d1f8     MSVCRT:MSVCR110.dll
 0002:00000200       __imp__purecall            000000018001d200     MSVCRT:MSVCR110.dll
 0002:00000208       __imp_??2@YAPEAX_K@Z       000000018001d208     MSVCRT:MSVCR110.dll
 0002:00000210       __imp___CppXcptFilter      000000018001d210     MSVCRT:MSVCR110.dll
 0002:00000218       \177MSVCR110_NULL_THUNK_DATA 000000018001d218     MSVCRT:MSVCR110.dll
 0002:00000220       __imp_mexPrintf            000000018001d220     libmex:libmex.dll
 0002:00000228       __imp_mexErrMsgTxt         000000018001d228     libmex:libmex.dll
 0002:00000230       __imp_mexEvalString        000000018001d230     libmex:libmex.dll
 0002:00000238       \177libmex_NULL_THUNK_DATA 000000018001d238     libmex:libmex.dll
[...]
 0004:00001620       $pdata$?dtor$1@?0???0?$Matrix@M@@QEAA@_J0@Z@4HA 0000000180025620     mexOMPMask.obj
 0004:0000162c       $pdata$?dtor$2@?0???0?$Matrix@M@@QEAA@_J0@Z@4HA 000000018002562c     mexOMPMask.obj
 0004:00001638       $pdata$?dtor$0@?0???0?$Matrix@N@@QEAA@_J0@Z@4HA 0000000180025638     mexOMPMask.obj
 0004:00001644       $pdata$?dtor$1@?0???0?$Matrix@N@@QEAA@_J0@Z@4HA 0000000180025644     mexOMPMask.obj
 0004:00001650       $pdata$?dtor$2@?0???0?$Matrix@N@@QEAA@_J0@Z@4HA 0000000180025650     mexOMPMask.obj
 0004:0000165c       $pdata$?dtor$0@?0???0?$Matrix@_J@@QEAA@_J0@Z@4HA 000000018002565c     mexOMPMask.obj
 0004:00001668       $pdata$?dtor$1@?0???0?$Matrix@_J@@QEAA@_J0@Z@4HA 0000000180025668     mexOMPMask.obj
 0004:00001674       $pdata$?dtor$2@?0???0?$Matrix@_J@@QEAA@_J0@Z@4HA 0000000180025674     mexOMPMask.obj
 0004:00001680       $pdata$?dtor$0@?0???0?$ProdMatrix@M@@QEAA@AEBV?$Matrix@M@@_N@Z@4HA 0000000180025680     mexOMPMask.obj
 0004:0000168c       $pdata$?dtor$1@?0???0?$ProdMatrix@M@@QEAA@AEBV?$Matrix@M@@_N@Z@4HA 000000018002568c     mexOMPMask.obj
 0004:00001698       $pdata$?dtor$0@?0???0?$ProdMatrix@N@@QEAA@AEBV?$Matrix@N@@_N@Z@4HA 0000000180025698     mexOMPMask.obj
 0004:000016a4       $pdata$?dtor$1@?0???0?$ProdMatrix@N@@QEAA@AEBV?$Matrix@N@@_N@Z@4HA 00000001800256a4     mexOMPMask.obj
 0004:000016b0       $pdata$?dtor$0@?0???0sentry@?$basic_ostream@DU?$char_traits@D@std@@@std@@QEAA@AEAV12@@Z@4HA 00000001800256b0     mexOMPMask.obj
 0004:000016bc       $pdata$?dtor$0@?0???1?$Matrix@M@@UEAA@XZ@4HA 00000001800256bc     mexOMPMask.obj
 0004:000016c8       $pdata$?dtor$1@?0???1?$Matrix@M@@UEAA@XZ@4HA 00000001800256c8     mexOMPMask.obj
 0004:000016d4       $pdata$?dtor$2@?0???1?$Matrix@M@@UEAA@XZ@4HA 00000001800256d4     mexOMPMask.obj
 0004:000016e0       $pdata$?dtor$0@?0???1?$Matrix@N@@UEAA@XZ@4HA 00000001800256e0     mexOMPMask.obj
 0004:000016ec       $pdata$?dtor$1@?0???1?$Matrix@N@@UEAA@XZ@4HA 00000001800256ec     mexOMPMask.obj
 0004:000016f8       $pdata$?dtor$2@?0???1?$Matrix@N@@UEAA@XZ@4HA 00000001800256f8     mexOMPMask.obj
 0004:00001704       $pdata$?dtor$0@?0???1?$Matrix@_J@@UEAA@XZ@4HA 0000000180025704     mexOMPMask.obj
 0004:00001710       $pdata$?dtor$1@?0???1?$Matrix@_J@@UEAA@XZ@4HA 0000000180025710     mexOMPMask.obj
 0004:0000171c       $pdata$?dtor$2@?0???1?$Matrix@_J@@UEAA@XZ@4HA 000000018002571c     mexOMPMask.obj
 0004:00001728       $pdata$?dtor$0@?0???1?$Matrix@_N@@UEAA@XZ@4HA 0000000180025728     mexOMPMask.obj
 0004:00001734       $pdata$?dtor$1@?0???1?$Matrix@_N@@UEAA@XZ@4HA 0000000180025734     mexOMPMask.obj
 0004:00001740       $pdata$?dtor$2@?0???1?$Matrix@_N@@UEAA@XZ@4HA 0000000180025740     mexOMPMask.obj
 0004:0000174c       $pdata$?dtor$0@?0???1?$ProdMatrix@M@@UEAA@XZ@4HA 000000018002574c     mexOMPMask.obj
 0004:00001758       $pdata$?dtor$0@?0???1?$ProdMatrix@N@@UEAA@XZ@4HA 0000000180025758     mexOMPMask.obj
 0004:00001764       $pdata$?dtor$0@?0???1?$SpMatrix@M@@UEAA@XZ@4HA 0000000180025764     mexOMPMask.obj
 0004:00001770       $pdata$?dtor$1@?0???1?$SpMatrix@M@@UEAA@XZ@4HA 0000000180025770     mexOMPMask.obj
 0004:0000177c       $pdata$?dtor$0@?0???1?$SpMatrix@N@@UEAA@XZ@4HA 000000018002577c     mexOMPMask.obj
 0004:00001788       $pdata$?dtor$1@?0???1?$SpMatrix@N@@UEAA@XZ@4HA 0000000180025788     mexOMPMask.obj
 0004:00001794       $pdata$?dtor$0@?0???R?$ProdMatrix@M@@UEBAM_J0@Z@4HA 0000000180025794     mexOMPMask.obj
 0004:000017a0       $pdata$?dtor$1@?0???R?$ProdMatrix@M@@UEBAM_J0@Z@4HA 00000001800257a0     mexOMPMask.obj
 0004:000017ac       $pdata$?dtor$0@?0???R?$ProdMatrix@N@@UEBAN_J0@Z@4HA 00000001800257ac     mexOMPMask.obj
 0004:000017b8       $pdata$?dtor$1@?0???R?$ProdMatrix@N@@UEBAN_J0@Z@4HA 00000001800257b8     mexOMPMask.obj
 0004:000017c4       $pdata$?dtor$0@?0??XtX@?$SpMatrix@M@@UEBAXAEAV?$Matrix@M@@@Z@4HA 00000001800257c4     mexOMPMask.obj
 0004:000017d0       $pdata$?dtor$1@?0??XtX@?$SpMatrix@M@@UEBAXAEAV?$Matrix@M@@@Z@4HA 00000001800257d0     mexOMPMask.obj
 0004:000017dc       $pdata$?dtor$0@?0??XtX@?$SpMatrix@N@@UEBAXAEAV?$Matrix@N@@@Z@4HA 00000001800257dc     mexOMPMask.obj
 0004:000017e8       $pdata$?dtor$1@?0??XtX@?$SpMatrix@N@@UEBAXAEAV?$Matrix@N@@@Z@4HA 00000001800257e8     mexOMPMask.obj
 0004:000017f4       $pdata$?catch$1@?0??_Copy@?$basic_string@DU?$char_traits@D@std@@V?$allocator@D@2@@std@@QEAAX_K0@Z@4HA 00000001800257f4     mexOMPMask.obj
 0004:00001800       $pdata$?catch$0@?0??_Copy@?$basic_string@DU?$char_traits@D@std@@V?$allocator@D@2@@std@@QEAAX_K0@Z@4HA 0000000180025800     mexOMPMask.obj
 0004:0000180c       $pdata$?dtor$0@?0??add_rawCol@?$ProdMatrix@M@@UEBAX_JPEAMM@Z@4HA 000000018002580c     mexOMPMask.obj
 0004:0000180c       $pdata$?dtor$0@?0??extract_rawCol@?$ProdMatrix@M@@UEBAX_JPEAM@Z@4HA 000000018002580c     mexOMPMask.obj
 0004:00001818       $pdata$?dtor$1@?0??add_rawCol@?$ProdMatrix@M@@UEBAX_JPEAMM@Z@4HA 0000000180025818     mexOMPMask.obj
 0004:00001818       $pdata$?dtor$1@?0??extract_rawCol@?$ProdMatrix@M@@UEBAX_JPEAM@Z@4HA 0000000180025818     mexOMPMask.obj
 0004:00001824       $pdata$?dtor$0@?0??extract_rawCol@?$ProdMatrix@N@@UEBAX_JPEAN@Z@4HA 0000000180025824     mexOMPMask.obj
 0004:00001824       $pdata$?dtor$0@?0??add_rawCol@?$ProdMatrix@N@@UEBAX_JPEANN@Z@4HA 0000000180025824     mexOMPMask.obj
 0004:00001830       $pdata$?dtor$1@?0??add_rawCol@?$ProdMatrix@N@@UEBAX_JPEANN@Z@4HA 0000000180025830     mexOMPMask.obj
 0004:00001830       $pdata$?dtor$1@?0??extract_rawCol@?$ProdMatrix@N@@UEBAX_JPEAN@Z@4HA 0000000180025830     mexOMPMask.obj
 0004:0000183c       $pdata$?dtor$0@?0??multTrans@?$Matrix@N@@QEBAXAEBV?$SpVector@N@@AEAV?$Vector@N@@NN@Z@4HA 000000018002583c     mexOMPMask.obj
 0004:0000183c       $pdata$?dtor$0@?0??rank1Update@?$Matrix@N@@QEAAXAEBV?$Vector@N@@AEBV?$SpVector@N@@N@Z@4HA 000000018002583c     mexOMPMask.obj
 0004:0000183c       $pdata$?dtor$0@?0??copyCol@?$ProdMatrix@N@@UEBAX_JAEAV?$Vector@N@@@Z@4HA 000000018002583c     mexOMPMask.obj
 0004:00001848       $pdata$?dtor$0@?0??diag@?$ProdMatrix@M@@UEBAXAEAV?$Vector@M@@@Z@4HA 0000000180025848     mexOMPMask.obj
 0004:00001854       $pdata$?dtor$1@?0??diag@?$ProdMatrix@M@@UEBAXAEAV?$Vector@M@@@Z@4HA 0000000180025854     mexOMPMask.obj
 0004:00001860       $pdata$?dtor$0@?0??diag@?$ProdMatrix@N@@UEBAXAEAV?$Vector@N@@@Z@4HA 0000000180025860     mexOMPMask.obj
 0004:0000186c       $pdata$?dtor$1@?0??diag@?$ProdMatrix@N@@UEBAXAEAV?$Vector@N@@@Z@4HA 000000018002586c     mexOMPMask.obj
 0004:00001878       $pdata$?dtor$0@?0??getGroup@?$SpMatrix@M@@UEBAXAEAV?$Matrix@M@@AEBV?$vector@V?$list@_JV?$allocator@_J@std@@@std@@V?$allocator@V?$list@_JV?$allocator@_J@std@@@std@@@2@@std@@_J@Z@4HA 0000000180025878     mexOMPMask.obj
 0004:00001884       $pdata$?dtor$0@?0??getGroup@?$SpMatrix@N@@UEBAXAEAV?$Matrix@N@@AEBV?$vector@V?$list@_JV?$allocator@_J@std@@@std@@V?$allocator@V?$list@_JV?$allocator@_J@std@@@std@@@2@@std@@_J@Z@4HA 0000000180025884     mexOMPMask.obj
 0004:00001890       $pdata$?dtor$0@?0??mult@?$Matrix@M@@UEBAXAEBV?$SpMatrix@M@@AEAV1@_N2MM@Z@4HA 0000000180025890     mexOMPMask.obj
 0004:0000189c       $pdata$?dtor$1@?0??mult@?$Matrix@M@@UEBAXAEBV?$SpMatrix@M@@AEAV1@_N2MM@Z@4HA 000000018002589c     mexOMPMask.obj
 0004:000018a8       $pdata$?dtor$2@?0??mult@?$Matrix@M@@UEBAXAEBV?$SpMatrix@M@@AEAV1@_N2MM@Z@4HA 00000001800258a8     mexOMPMask.obj
 0004:000018b4       $pdata$?dtor$3@?0??mult@?$Matrix@M@@UEBAXAEBV?$SpMatrix@M@@AEAV1@_N2MM@Z@4HA 00000001800258b4     mexOMPMask.obj
 0004:000018c0       $pdata$?dtor$4@?0??mult@?$Matrix@M@@UEBAXAEBV?$SpMatrix@M@@AEAV1@_N2MM@Z@4HA 00000001800258c0     mexOMPMask.obj
 0004:000018cc       $pdata$?dtor$5@?0??mult@?$Matrix@M@@UEBAXAEBV?$SpMatrix@M@@AEAV1@_N2MM@Z@4HA 00000001800258cc     mexOMPMask.obj
 0004:000018d8       $pdata$?dtor$6@?0??mult@?$Matrix@M@@UEBAXAEBV?$SpMatrix@M@@AEAV1@_N2MM@Z@4HA 00000001800258d8     mexOMPMask.obj
 0004:000018e4       $pdata$?dtor$7@?0??mult@?$Matrix@M@@UEBAXAEBV?$SpMatrix@M@@AEAV1@_N2MM@Z@4HA 00000001800258e4     mexOMPMask.obj
 0004:000018f0       $pdata$?dtor$0@?0??mult@?$Matrix@N@@UEBAXAEBV?$SpMatrix@N@@AEAV1@_N2NN@Z@4HA 00000001800258f0     mexOMPMask.obj
 0004:000018fc       $pdata$?dtor$1@?0??mult@?$Matrix@N@@UEBAXAEBV?$SpMatrix@N@@AEAV1@_N2NN@Z@4HA 00000001800258fc     mexOMPMask.obj
 0004:00001908       $pdata$?dtor$2@?0??mult@?$Matrix@N@@UEBAXAEBV?$SpMatrix@N@@AEAV1@_N2NN@Z@4HA 0000000180025908     mexOMPMask.obj
 0004:00001914       $pdata$?dtor$3@?0??mult@?$Matrix@N@@UEBAXAEBV?$SpMatrix@N@@AEAV1@_N2NN@Z@4HA 0000000180025914     mexOMPMask.obj
 0004:00001920       $pdata$?dtor$4@?0??mult@?$Matrix@N@@UEBAXAEBV?$SpMatrix@N@@AEAV1@_N2NN@Z@4HA 0000000180025920     mexOMPMask.obj
 0004:0000192c       $pdata$?dtor$5@?0??mult@?$Matrix@N@@UEBAXAEBV?$SpMatrix@N@@AEAV1@_N2NN@Z@4HA 000000018002592c     mexOMPMask.obj
 0004:00001938       $pdata$?dtor$6@?0??mult@?$Matrix@N@@UEBAXAEBV?$SpMatrix@N@@AEAV1@_N2NN@Z@4HA 0000000180025938     mexOMPMask.obj
 0004:00001944       $pdata$?dtor$7@?0??mult@?$Matrix@N@@UEBAXAEBV?$SpMatrix@N@@AEAV1@_N2NN@Z@4HA 0000000180025944     mexOMPMask.obj
 0004:00001950       $pdata$?dtor$0@?0??mult@?$Matrix@_J@@UEBAXAEBV?$SpMatrix@_J@@AEAV1@_N2_J3@Z@4HA 0000000180025950     mexOMPMask.obj
 0004:0000195c       $pdata$?dtor$1@?0??mult@?$Matrix@_J@@UEBAXAEBV?$SpMatrix@_J@@AEAV1@_N2_J3@Z@4HA 000000018002595c     mexOMPMask.obj
 0004:00001968       $pdata$?dtor$2@?0??mult@?$Matrix@_J@@UEBAXAEBV?$SpMatrix@_J@@AEAV1@_N2_J3@Z@4HA 0000000180025968     mexOMPMask.obj
 0004:00001974       $pdata$?dtor$3@?0??mult@?$Matrix@_J@@UEBAXAEBV?$SpMatrix@_J@@AEAV1@_N2_J3@Z@4HA 0000000180025974     mexOMPMask.obj
 0004:00001980       $pdata$?dtor$4@?0??mult@?$Matrix@_J@@UEBAXAEBV?$SpMatrix@_J@@AEAV1@_N2_J3@Z@4HA 0000000180025980     mexOMPMask.obj
 0004:0000198c       $pdata$?dtor$5@?0??mult@?$Matrix@_J@@UEBAXAEBV?$SpMatrix@_J@@AEAV1@_N2_J3@Z@4HA 000000018002598c     mexOMPMask.obj
 0004:00001998       $pdata$?dtor$6@?0??mult@?$Matrix@_J@@UEBAXAEBV?$SpMatrix@_J@@AEAV1@_N2_J3@Z@4HA 0000000180025998     mexOMPMask.obj
 0004:000019a4       $pdata$?dtor$7@?0??mult@?$Matrix@_J@@UEBAXAEBV?$SpMatrix@_J@@AEAV1@_N2_J3@Z@4HA 00000001800259a4     mexOMPMask.obj
 0004:000019b0       $pdata$?dtor$0@?0??mult@?$Matrix@_N@@UEBAXAEBV?$SpMatrix@_N@@AEAV1@_N222@Z@4HA 00000001800259b0     mexOMPMask.obj
 0004:000019bc       $pdata$?dtor$1@?0??mult@?$Matrix@_N@@UEBAXAEBV?$SpMatrix@_N@@AEAV1@_N222@Z@4HA 00000001800259bc     mexOMPMask.obj
 0004:000019c8       $pdata$?dtor$2@?0??mult@?$Matrix@_N@@UEBAXAEBV?$SpMatrix@_N@@AEAV1@_N222@Z@4HA 00000001800259c8     mexOMPMask.obj
 0004:000019d4       $pdata$?dtor$3@?0??mult@?$Matrix@_N@@UEBAXAEBV?$SpMatrix@_N@@AEAV1@_N222@Z@4HA 00000001800259d4     mexOMPMask.obj
 0004:000019e0       $pdata$?dtor$4@?0??mult@?$Matrix@_N@@UEBAXAEBV?$SpMatrix@_N@@AEAV1@_N222@Z@4HA 00000001800259e0     mexOMPMask.obj
 0004:000019ec       $pdata$?dtor$5@?0??mult@?$Matrix@_N@@UEBAXAEBV?$SpMatrix@_N@@AEAV1@_N222@Z@4HA 00000001800259ec     mexOMPMask.obj
 0004:000019f8       $pdata$?dtor$6@?0??mult@?$Matrix@_N@@UEBAXAEBV?$SpMatrix@_N@@AEAV1@_N222@Z@4HA 00000001800259f8     mexOMPMask.obj
 0004:00001a04       $pdata$?dtor$7@?0??mult@?$Matrix@_N@@UEBAXAEBV?$SpMatrix@_N@@AEAV1@_N222@Z@4HA 0000000180025a04     mexOMPMask.obj
 0004:00001a10       $pdata$?dtor$0@?0??mult@?$SpMatrix@M@@UEBAXAEBV1@AEAV?$Matrix@M@@_N2MM@Z@4HA 0000000180025a10     mexOMPMask.obj
 0004:00001a1c       $pdata$?dtor$1@?0??mult@?$SpMatrix@M@@UEBAXAEBV1@AEAV?$Matrix@M@@_N2MM@Z@4HA 0000000180025a1c     mexOMPMask.obj
 0004:00001a28       $pdata$?dtor$2@?0??mult@?$SpMatrix@M@@UEBAXAEBV1@AEAV?$Matrix@M@@_N2MM@Z@4HA 0000000180025a28     mexOMPMask.obj
 0004:00001a34       $pdata$?dtor$3@?0??mult@?$SpMatrix@M@@UEBAXAEBV1@AEAV?$Matrix@M@@_N2MM@Z@4HA 0000000180025a34     mexOMPMask.obj
 0004:00001a40       $pdata$?dtor$4@?0??mult@?$SpMatrix@M@@UEBAXAEBV1@AEAV?$Matrix@M@@_N2MM@Z@4HA 0000000180025a40     mexOMPMask.obj
 0004:00001a4c       $pdata$?dtor$5@?0??mult@?$SpMatrix@M@@UEBAXAEBV1@AEAV?$Matrix@M@@_N2MM@Z@4HA 0000000180025a4c     mexOMPMask.obj
 0004:00001a58       $pdata$?dtor$6@?0??mult@?$SpMatrix@M@@UEBAXAEBV1@AEAV?$Matrix@M@@_N2MM@Z@4HA 0000000180025a58     mexOMPMask.obj
 0004:00001a64       $pdata$?dtor$7@?0??mult@?$SpMatrix@M@@UEBAXAEBV1@AEAV?$Matrix@M@@_N2MM@Z@4HA 0000000180025a64     mexOMPMask.obj
 0004:00001a70       $pdata$?dtor$0@?0??mult@?$SpMatrix@M@@UEBAXAEBV?$Matrix@M@@AEAV2@_N2MM@Z@4HA 0000000180025a70     mexOMPMask.obj
 0004:00001a7c       $pdata$?dtor$1@?0??mult@?$SpMatrix@M@@UEBAXAEBV?$Matrix@M@@AEAV2@_N2MM@Z@4HA 0000000180025a7c     mexOMPMask.obj
 0004:00001a88       $pdata$?dtor$2@?0??mult@?$SpMatrix@M@@UEBAXAEBV?$Matrix@M@@AEAV2@_N2MM@Z@4HA 0000000180025a88     mexOMPMask.obj
 0004:00001a94       $pdata$?dtor$3@?0??mult@?$SpMatrix@M@@UEBAXAEBV?$Matrix@M@@AEAV2@_N2MM@Z@4HA 0000000180025a94     mexOMPMask.obj
 0004:00001aa0       $pdata$?dtor$4@?0??mult@?$SpMatrix@M@@UEBAXAEBV?$Matrix@M@@AEAV2@_N2MM@Z@4HA 0000000180025aa0     mexOMPMask.obj
 0004:00001aac       $pdata$?dtor$5@?0??mult@?$SpMatrix@M@@UEBAXAEBV?$Matrix@M@@AEAV2@_N2MM@Z@4HA 0000000180025aac     mexOMPMask.obj
 0004:00001ab8       $pdata$?dtor$6@?0??mult@?$SpMatrix@M@@UEBAXAEBV?$Matrix@M@@AEAV2@_N2MM@Z@4HA 0000000180025ab8     mexOMPMask.obj
 0004:00001ac4       $pdata$?dtor$7@?0??mult@?$SpMatrix@M@@UEBAXAEBV?$Matrix@M@@AEAV2@_N2MM@Z@4HA 0000000180025ac4     mexOMPMask.obj
 0004:00001ad0       $pdata$?dtor$0@?0??mult@?$SpMatrix@N@@UEBAXAEBV1@AEAV?$Matrix@N@@_N2NN@Z@4HA 0000000180025ad0     mexOMPMask.obj
 0004:00001adc       $pdata$?dtor$1@?0??mult@?$SpMatrix@N@@UEBAXAEBV1@AEAV?$Matrix@N@@_N2NN@Z@4HA 0000000180025adc     mexOMPMask.obj
 0004:00001ae8       $pdata$?dtor$2@?0??mult@?$SpMatrix@N@@UEBAXAEBV1@AEAV?$Matrix@N@@_N2NN@Z@4HA 0000000180025ae8     mexOMPMask.obj
 0004:00001af4       $pdata$?dtor$3@?0??mult@?$SpMatrix@N@@UEBAXAEBV1@AEAV?$Matrix@N@@_N2NN@Z@4HA 0000000180025af4     mexOMPMask.obj
 0004:00001b00       $pdata$?dtor$4@?0??mult@?$SpMatrix@N@@UEBAXAEBV1@AEAV?$Matrix@N@@_N2NN@Z@4HA 0000000180025b00     mexOMPMask.obj
 0004:00001b0c       $pdata$?dtor$5@?0??mult@?$SpMatrix@N@@UEBAXAEBV1@AEAV?$Matrix@N@@_N2NN@Z@4HA 0000000180025b0c     mexOMPMask.obj
 0004:00001b18       $pdata$?dtor$6@?0??mult@?$SpMatrix@N@@UEBAXAEBV1@AEAV?$Matrix@N@@_N2NN@Z@4HA 0000000180025b18     mexOMPMask.obj
 0004:00001b24       $pdata$?dtor$7@?0??mult@?$SpMatrix@N@@UEBAXAEBV1@AEAV?$Matrix@N@@_N2NN@Z@4HA 0000000180025b24     mexOMPMask.obj
 0004:00001b30       $pdata$?dtor$0@?0??mult@?$SpMatrix@N@@UEBAXAEBV?$Matrix@N@@AEAV2@_N2NN@Z@4HA 0000000180025b30     mexOMPMask.obj
 0004:00001b3c       $pdata$?dtor$1@?0??mult@?$SpMatrix@N@@UEBAXAEBV?$Matrix@N@@AEAV2@_N2NN@Z@4HA 0000000180025b3c     mexOMPMask.obj
 0004:00001b48       $pdata$?dtor$2@?0??mult@?$SpMatrix@N@@UEBAXAEBV?$Matrix@N@@AEAV2@_N2NN@Z@4HA 0000000180025b48     mexOMPMask.obj
 0004:00001b54       $pdata$?dtor$3@?0??mult@?$SpMatrix@N@@UEBAXAEBV?$Matrix@N@@AEAV2@_N2NN@Z@4HA 0000000180025b54     mexOMPMask.obj
 0004:00001b60       $pdata$?dtor$4@?0??mult@?$SpMatrix@N@@UEBAXAEBV?$Matrix@N@@AEAV2@_N2NN@Z@4HA 0000000180025b60     mexOMPMask.obj
 0004:00001b6c       $pdata$?dtor$5@?0??mult@?$SpMatrix@N@@UEBAXAEBV?$Matrix@N@@AEAV2@_N2NN@Z@4HA 0000000180025b6c     mexOMPMask.obj
 0004:00001b78       $pdata$?dtor$6@?0??mult@?$SpMatrix@N@@UEBAXAEBV?$Matrix@N@@AEAV2@_N2NN@Z@4HA 0000000180025b78     mexOMPMask.obj
 0004:00001b84       $pdata$?dtor$7@?0??mult@?$SpMatrix@N@@UEBAXAEBV?$Matrix@N@@AEAV2@_N2NN@Z@4HA 0000000180025b84     mexOMPMask.obj
 0004:00001b90       $pdata$?dtor$0@?0??multTrans@?$Matrix@_N@@QEBAXAEBV?$SpVector@_N@@AEAV?$Vector@_N@@_N2@Z@4HA 0000000180025b90     mexOMPMask.obj
 0004:00001b90       $pdata$?dtor$0@?0??rank1Update@?$Matrix@_N@@QEAAXAEBV?$Vector@_N@@AEBV?$SpVector@_N@@_N@Z@4HA 0000000180025b90     mexOMPMask.obj
 0004:00001b9c       $pdata$?dtor$0@?0??multTrans@?$SpMatrix@N@@QEBAXAEBV?$SpVector@N@@AEAV?$Vector@N@@NN@Z@4HA 0000000180025b9c     mexOMPMask.obj
 0004:00001b9c       $pdata$?dtor$0@?0??multTrans@?$SpMatrix@M@@QEBAXAEBV?$SpVector@M@@AEAV?$Vector@M@@MM@Z@4HA 0000000180025b9c     mexOMPMask.obj
 0004:00001b9c       $pdata$?dtor$0@?0??norm_2sq_cols@?$SpMatrix@N@@UEBAXAEAV?$Vector@N@@@Z@4HA 0000000180025b9c     mexOMPMask.obj
 0004:00001b9c       $pdata$?dtor$0@?0??norm_2sq_cols@?$SpMatrix@M@@UEBAXAEAV?$Vector@M@@@Z@4HA 0000000180025b9c     mexOMPMask.obj
 0004:00001ba8       $pdata$?dtor$0@?0??norm_2sq_cols@?$Matrix@M@@UEBAXAEAV?$Vector@M@@@Z@4HA 0000000180025ba8     mexOMPMask.obj
 0004:00001bb4       $pdata$?dtor$0@?0??norm_2sq_cols@?$Matrix@N@@UEBAXAEAV?$Vector@N@@@Z@4HA 0000000180025bb4     mexOMPMask.obj
 0004:00001bc0       $pdata$?dtor$0@?0??norm_2sq_cols@?$Matrix@_J@@UEBAXAEAV?$Vector@_J@@@Z@4HA 0000000180025bc0     mexOMPMask.obj
 0004:00001bcc       $pdata$?dtor$0@?0??norm_2sq_cols@?$Matrix@_N@@UEBAXAEAV?$Vector@_N@@@Z@4HA 0000000180025bcc     mexOMPMask.obj
 0004:00001bd8       $pdata$?dtor$0@?0??rank1Update@?$Matrix@M@@QEAAXAEBV?$Vector@M@@AEBV?$SpVector@M@@M@Z@4HA 0000000180025bd8     mexOMPMask.obj
 0004:00001bd8       $pdata$?dtor$0@?0??copyCol@?$ProdMatrix@M@@UEBAX_JAEAV?$Vector@M@@@Z@4HA 0000000180025bd8     mexOMPMask.obj
 0004:00001bd8       $pdata$?dtor$0@?0??multTrans@?$Matrix@M@@QEBAXAEBV?$SpVector@M@@AEAV?$Vector@M@@MM@Z@4HA 0000000180025bd8     mexOMPMask.obj
 0004:00001be4       $pdata$?dtor$0@?0??multTrans@?$Matrix@_J@@QEBAXAEBV?$SpVector@_J@@AEAV?$Vector@_J@@_J2@Z@4HA 0000000180025be4     mexOMPMask.obj
 0004:00001be4       $pdata$?dtor$0@?0??rank1Update@?$Matrix@_J@@QEAAXAEBV?$Vector@_J@@AEBV?$SpVector@_J@@_J@Z@4HA 0000000180025be4     mexOMPMask.obj
 0004:00001bf0       $pdata$?fin$0@?0???_L@YAXPEAX_KHP6AX0@Z2@Z@4HA 0000000180025bf0     MSVCRT:ehvecctr.obj
 0004:00001bfc       $pdata$?fin$0@?0???_M@YAXPEAX_KHP6AX0@Z@Z@4HA 0000000180025bfc     MSVCRT:ehvecdtr.obj
 0004:00001c08       $pdata$?filt$0@?0??__ArrayUnwind@@YAXPEAX_KHP6AX0@Z@Z@4HA 0000000180025c08     MSVCRT:ehvecdtr.obj
 0004:00001c14       $pdata$_onexit$fin$0       0000000180025c14     MSVCRT:atonexit.obj
 0004:00001c20       $pdata$__DllMainCRTStartup$filt$0 0000000180025c20     MSVCRT:crtdll.obj
 0004:00001c2c       $pdata$__DllMainCRTStartup$fin$1 0000000180025c2c     MSVCRT:crtdll.obj
 0004:00001c38       $pdata$_IsNonwritableInCurrentImage$filt$0 0000000180025c38     MSVCRT:pesect.obj
 0004:00001c44       $pdata$??__E?_Generic_object@?$_Error_objects@H@std@@2V_Generic_error_category@2@A@@YAXXZ 0000000180025c44     mexOMPMask.obj
 0004:00001c50       $pdata$??__E?_Iostream_object@?$_Error_objects@H@std@@2V_Iostream_error_category@2@A@@YAXXZ 0000000180025c50     mexOMPMask.obj
 0004:00001c5c       $pdata$??__E?_System_object@?$_Error_objects@H@std@@2V_System_error_category@2@A@@YAXXZ 0000000180025c5c     mexOMPMask.obj
 0004:00001c68       $pdata$??__E?id@?$num_put@DV?$back_insert_iterator@V?$basic_string@DU?$char_traits@D@std@@V?$allocator@D@2@@std@@@std@@@std@@2V0locale@2@A@@YAXXZ 0000000180025c68     mexOMPMask.obj
 0004:00001c74       $pdata$??__E?id@?$num_put@_WV?$back_insert_iterator@V?$basic_string@_WU?$char_traits@_W@std@@V?$allocator@_W@2@@std@@@std@@@std@@2V0locale@2@A@@YAXXZ 0000000180025c74     mexOMPMask.obj
 0004:00001c80       $pdata$??__Eallocator_arg@std@@YAXXZ 0000000180025c80     mexOMPMask.obj
 0004:00001c8c       $pdata$??__Epiecewise_construct@std@@YAXXZ 0000000180025c8c     mexOMPMask.obj
 0004:00001c98       $pdata$??__F?_Generic_object@?$_Error_objects@H@std@@2V_Generic_error_category@2@A@@YAXXZ 0000000180025c98     mexOMPMask.obj
 0004:00001ca4       $pdata$??__F?_Iostream_object@?$_Error_objects@H@std@@2V_Iostream_error_category@2@A@@YAXXZ 0000000180025ca4     mexOMPMask.obj
 0004:00001cb0       $pdata$??__F?_System_object@?$_Error_objects@H@std@@2V_System_error_category@2@A@@YAXXZ 0000000180025cb0     mexOMPMask.obj
