 mexTrainDL_Memory

 Timestamp is 58907b88 (Tue Jan 31 13:56:56 2017)

 Preferred load address is 0000000180000000

 Start         Length     Name                   Class
 0001:00000000 00017e92H .text                   CODE
 0001:00017ea0 00001110H .text$x                 CODE
 0001:00018fb0 00000191H .text$yc                CODE
 0001:00019150 000000b5H .text$yd                CODE
 0002:00000000 000003c8H .idata$5                DATA
 0002:000003c8 00000008H .CRT$XCA                DATA
 0002:000003d0 00000050H .CRT$XCU                DATA
 0002:00000420 00000008H .CRT$XCZ                DATA
 0002:00000428 00000008H .CRT$XIA                DATA
 0002:00000430 00000008H .CRT$XIAA               DATA
 0002:00000438 00000008H .CRT$XIC                DATA
 0002:00000440 00000008H .CRT$XIZ                DATA
 0002:00000450 000017c0H .rdata                  DATA
 0002:00001c10 00000a04H .rdata$r                DATA
 0002:00002618 00000008H .rtc$IAA                DATA
 0002:00002620 00000008H .rtc$IZZ                DATA
 0002:00002628 00000008H .rtc$TAA                DATA
 0002:00002630 00000008H .rtc$TZZ                DATA
 0002:00002638 00001568H .xdata                  DATA
 0002:00003ba0 00000078H .idata$2                DATA
 0002:00003c18 00000014H .idata$3                DATA
 0002:00003c30 000003c8H .idata$4                DATA
 0002:00003ff8 00000b42H .idata$6                DATA
 0002:00004b40 00000057H .edata                  DATA
 0003:00000000 00000408H .data                   DATA
 0003:00000410 000007d0H .bss                    DATA
 0004:00000000 000017dcH .pdata                  DATA

  Address         Publics by Value              Rva+Base               Lib:Object

 0000:00000000       ___safe_se_handler_count   0000000000000000     <absolute>
 0000:00000000       ___safe_se_handler_table   0000000000000000     <absolute>
 0000:00000000       __ImageBase                0000000180000000     <linker-defined>
 0001:00000000       mexFunction                0000000180001000 f   mexTrainDL_Memory.obj
 0001:00000090       ?gettimeofday@@YAHPEAUtimeval@@PEAUtimezone@@@Z 0000000180001090 f   mexTrainDL_Memory.obj
 0001:000001d0       ?cblas_transpose@@YAPEADW4CBLAS_TRANSPOSE@@@Z 00000001800011d0 f   mexTrainDL_Memory.obj
 0001:00000250       ?cblas_uplo@@YAPEADW4CBLAS_UPLO@@@Z 0000000180001250 f   mexTrainDL_Memory.obj
 0001:000002b0       ?cblas_diag@@YAPEADW4CBLAS_DIAG@@@Z 00000001800012b0 f   mexTrainDL_Memory.obj
 0001:00000310       ?cblas_side@@YAPEADW4CBLAS_SIDE@@@Z 0000000180001310 f   mexTrainDL_Memory.obj
 0001:00000370       ??0Timer@@QEAA@XZ          0000000180001370 f   mexTrainDL_Memory.obj
 0001:000003d0       ??1Timer@@QEAA@XZ          00000001800013d0 f   mexTrainDL_Memory.obj
 0001:00000410       ?checkSize@@YA_NPEBUmxArray_tag@@HH@Z 0000000180001410 f   mexTrainDL_Memory.obj
 0001:000004a0       ?super_flush@@YAXAEAV?$basic_ostream@DU?$char_traits@D@std@@@std@@@Z 00000001800014a0 f   mexTrainDL_Memory.obj
 0001:000004d0       ?regul_from_string@FISTA@@YA?AW4regul_t@1@PEAD@Z 00000001800014d0 f   mexTrainDL_Memory.obj
 0001:000008e0       ?loss_from_string@FISTA@@YA?AW4loss_t@1@PEAD@Z 00000001800018e0 f   mexTrainDL_Memory.obj
 0001:000009e0       ?print_loss@FISTA@@YAXAEBW4loss_t@1@@Z 00000001800019e0 f   mexTrainDL_Memory.obj
 0001:00000ba0       ?loss_for_matrices@FISTA@@YA_NAEBW4loss_t@1@@Z 0000000180001ba0 f   mexTrainDL_Memory.obj
 0001:00000be0       ?print_regul@FISTA@@YAXAEBW4regul_t@1@@Z 0000000180001be0 f   mexTrainDL_Memory.obj
 0001:000011f0       ?regul_for_matrices@FISTA@@YA_NAEBW4regul_t@1@@Z 00000001800021f0 f   mexTrainDL_Memory.obj
 0001:00001280       ?regul_from_string@@YA?AW4regul_t@FISTA@@PEBD@Z 0000000180002280 f   mexTrainDL_Memory.obj
 0001:000012f0       ?regul_error@@YAXPEADHPEBD@Z 00000001800022f0 f   mexTrainDL_Memory.obj
 0001:00001db0       ??$?6DU?$char_traits@D@std@@V?$allocator@D@1@@std@@YAAEAV?$basic_ostream@DU?$char_traits@D@std@@@0@AEAV10@AEBV?$basic_string@DU?$char_traits@D@std@@V?$allocator@D@2@@0@@Z 0000000180002db0 f i mexTrainDL_Memory.obj
 0001:00002170       ??$?6U?$char_traits@D@std@@@std@@YAAEAV?$basic_ostream@DU?$char_traits@D@std@@@0@AEAV10@PEBD@Z 0000000180003170 f i mexTrainDL_Memory.obj
 0001:00002530       ??$_Allocate@D@std@@YAPEAD_KPEAD@Z 0000000180003530 f i mexTrainDL_Memory.obj
 0001:00002580       ??$abs@M@@YAMM@Z           0000000180003580 f i mexTrainDL_Memory.obj
 0001:00002580       ?fabs@@YAMM@Z              0000000180003580 f i mexTrainDL_Memory.obj
 0001:00002580       ?abs@@YAMM@Z               0000000180003580 f i mexTrainDL_Memory.obj
 0001:000025a0       ??$abs@N@@YANN@Z           00000001800035a0 f i mexTrainDL_Memory.obj
 0001:000025a0       ?abs@@YANN@Z               00000001800035a0 f i mexTrainDL_Memory.obj
 0001:000025c0       ?_Nextnode@?$_List_val@U?$_List_simple_types@_J@std@@@std@@SAAEAPEAU?$_List_node@_JPEAX@2@PEAU32@@Z 00000001800035c0 f i mexTrainDL_Memory.obj
 0001:000025c0       ??$addressof@D@std@@YAPEADAEAD@Z 00000001800035c0 f i mexTrainDL_Memory.obj
 0001:000025c0       ??$_Move@AEAM@std@@YA$$QEAMAEAM@Z 00000001800035c0 f i mexTrainDL_Memory.obj
 0001:000025c0       ??$forward@AEAPEAD@std@@YAAEAPEADAEAPEAD@Z 00000001800035c0 f i mexTrainDL_Memory.obj
 0001:000025c0       ??0?$allocator@D@std@@QEAA@XZ 00000001800035c0 f i mexTrainDL_Memory.obj
 0001:000025c0       ??$_Move@AEAN@std@@YA$$QEANAEAN@Z 00000001800035c0 f i mexTrainDL_Memory.obj
 0001:000025d0       ??$callFunction@M@@YAXQEAPEAUmxArray_tag@@QEAPEBU0@@Z 00000001800035d0 f i mexTrainDL_Memory.obj
 0001:00002cb0       ??$callFunction@N@@YAXQEAPEAUmxArray_tag@@QEAPEBU0@@Z 0000000180003cb0 f i mexTrainDL_Memory.obj
 0001:00003390       ??$cblas_asum@M@@YAM_JPEAM0@Z 0000000180004390 f i mexTrainDL_Memory.obj
 0001:000033c0       ??$cblas_asum@N@@YAN_JPEAN0@Z 00000001800043c0 f i mexTrainDL_Memory.obj
 0001:000033f0       ??$cblas_axpy@M@@YAX_JMPEAM010@Z 00000001800043f0 f i mexTrainDL_Memory.obj
 0001:00003440       ??$cblas_axpy@N@@YAX_JNPEAN010@Z 0000000180004440 f i mexTrainDL_Memory.obj
 0001:00003490       ??$cblas_copy@M@@YAX_JPEAM010@Z 0000000180004490 f i mexTrainDL_Memory.obj
 0001:000034d0       ??$cblas_copy@N@@YAX_JPEAN010@Z 00000001800044d0 f i mexTrainDL_Memory.obj
 0001:00003510       ??$cblas_dot@M@@YAM_JPEAM010@Z 0000000180004510 f i mexTrainDL_Memory.obj
 0001:00003550       ??$cblas_dot@N@@YAN_JPEAN010@Z 0000000180004550 f i mexTrainDL_Memory.obj
 0001:00003590       ??$cblas_gemm@M@@YAXW4CBLAS_ORDER@@W4CBLAS_TRANSPOSE@@1_J22MPEAM232M32@Z 0000000180004590 f i mexTrainDL_Memory.obj
 0001:00003670       ??$cblas_gemm@N@@YAXW4CBLAS_ORDER@@W4CBLAS_TRANSPOSE@@1_J22NPEAN232N32@Z 0000000180004670 f i mexTrainDL_Memory.obj
 0001:00003750       ??$cblas_gemv@M@@YAXW4CBLAS_ORDER@@W4CBLAS_TRANSPOSE@@_J2MPEAM232M32@Z 0000000180004750 f i mexTrainDL_Memory.obj
 0001:000037f0       ??$cblas_gemv@N@@YAXW4CBLAS_ORDER@@W4CBLAS_TRANSPOSE@@_J2NPEAN232N32@Z 00000001800047f0 f i mexTrainDL_Memory.obj
 0001:00003890       ??$cblas_iamax@M@@YA_J_JPEAM0@Z 0000000180004890 f i mexTrainDL_Memory.obj
 0001:000038c0       ??$cblas_iamax@N@@YA_J_JPEAN0@Z 00000001800048c0 f i mexTrainDL_Memory.obj
 0001:000038f0       ??$cblas_iamin@M@@YA_J_JPEAM0@Z 00000001800048f0 f i mexTrainDL_Memory.obj
 0001:000039a0       ??$cblas_iamin@N@@YA_J_JPEAN0@Z 00000001800049a0 f i mexTrainDL_Memory.obj
 0001:00003a50       ??$cblas_nrm2@M@@YAM_JPEAM0@Z 0000000180004a50 f i mexTrainDL_Memory.obj
 0001:00003a80       ??$cblas_nrm2@N@@YAN_JPEAN0@Z 0000000180004a80 f i mexTrainDL_Memory.obj
 0001:00003ab0       ??$cblas_scal@M@@YAX_JMPEAM0@Z 0000000180004ab0 f i mexTrainDL_Memory.obj
 0001:00003af0       ??$cblas_scal@N@@YAX_JNPEAN0@Z 0000000180004af0 f i mexTrainDL_Memory.obj
 0001:00003b30       ??$cblas_syrk@M@@YAXW4CBLAS_ORDER@@W4CBLAS_UPLO@@W4CBLAS_TRANSPOSE@@_J3MPEAM3M43@Z 0000000180004b30 f i mexTrainDL_Memory.obj
 0001:00003be0       ??$cblas_syrk@N@@YAXW4CBLAS_ORDER@@W4CBLAS_UPLO@@W4CBLAS_TRANSPOSE@@_J3NPEAN3N43@Z 0000000180004be0 f i mexTrainDL_Memory.obj
 0001:00003c90       ??$construct@PEADAEAPEAD@?$_Wrap_alloc@V?$allocator@D@std@@@std@@QEAAXPEAPEADAEAPEAD@Z 0000000180004c90 f i mexTrainDL_Memory.obj
 0001:00003cd0       ??$construct@PEADAEAPEAD@?$allocator@D@std@@QEAAXPEAPEADAEAPEAD@Z 0000000180004cd0 f i mexTrainDL_Memory.obj
 0001:00003d50       ??$construct@PEADAEAPEAD@?$allocator_traits@V?$allocator@D@std@@@std@@SAXAEAV?$allocator@D@1@PEAPEADAEAPEAD@Z 0000000180004d50 f i mexTrainDL_Memory.obj
 0001:00003d90       ??$coreIST@M@@YAXAEBV?$AbstractMatrix@M@@AEAV?$Vector@M@@1MHM@Z 0000000180004d90 f i mexTrainDL_Memory.obj
 0001:00004240       ??$coreIST@N@@YAXAEBV?$AbstractMatrix@N@@AEAV?$Vector@N@@1NHN@Z 0000000180005240 f i mexTrainDL_Memory.obj
 0001:00004710       ??$coreISTconstrained@M@@YAXAEBV?$AbstractMatrix@M@@AEAV?$Vector@M@@1MMHM@Z 0000000180005710 f i mexTrainDL_Memory.obj
 0001:00004d10       ??$coreISTconstrained@N@@YAXAEBV?$AbstractMatrix@N@@AEAV?$Vector@N@@1NNHN@Z 0000000180005d10 f i mexTrainDL_Memory.obj
 0001:00005360       ??$createMatrix@M@@YAPEAUmxArray_tag@@HH@Z 0000000180006360 f i mexTrainDL_Memory.obj
 0001:00005390       ??$createMatrix@N@@YAPEAUmxArray_tag@@HH@Z 0000000180006390 f i mexTrainDL_Memory.obj
 0001:000053c0       ??$destroy@PEAD@?$_Wrap_alloc@V?$allocator@D@std@@@std@@QEAAXPEAPEAD@Z 00000001800063c0 f i mexTrainDL_Memory.obj
 0001:000053f0       ??$destroy@PEAD@?$allocator_traits@V?$allocator@D@std@@@std@@SAXAEAV?$allocator@D@1@PEAPEAD@Z 00000001800063f0 f i mexTrainDL_Memory.obj
 0001:00005420       ??$getScalarStruct@H@@YAHPEBUmxArray_tag@@PEBD@Z 0000000180006420 f i mexTrainDL_Memory.obj
 0001:00005480       ??$getScalarStruct@M@@YAMPEBUmxArray_tag@@PEBD@Z 0000000180006480 f i mexTrainDL_Memory.obj
 0001:000054e0       ??$getScalarStruct@N@@YANPEBUmxArray_tag@@PEBD@Z 00000001800064e0 f i mexTrainDL_Memory.obj
 0001:00005540       ??$getScalarStructDef@H@@YAHPEBUmxArray_tag@@PEBDH@Z 0000000180006540 f i mexTrainDL_Memory.obj
 0001:000055a0       ??$getScalarStructDef@M@@YAMPEBUmxArray_tag@@PEBDM@Z 00000001800065a0 f i mexTrainDL_Memory.obj
 0001:00005600       ??$getScalarStructDef@N@@YANPEBUmxArray_tag@@PEBDN@Z 0000000180006600 f i mexTrainDL_Memory.obj
 0001:00005660       ??$getScalarStructDef@_N@@YA_NPEBUmxArray_tag@@PEBD_N@Z 0000000180006660 f i mexTrainDL_Memory.obj
 0001:000056e0       ??$mexCheckType@M@@YA_NPEBUmxArray_tag@@@Z 00000001800066e0 f i mexTrainDL_Memory.obj
 0001:00005730       ??$mexCheckType@N@@YA_NPEBUmxArray_tag@@@Z 0000000180006730 f i mexTrainDL_Memory.obj
 0001:00005780       ?sqrt@@YAMM@Z              0000000180006780 f i mexTrainDL_Memory.obj
 0001:00005780       ??$sqr_alt@M@@YAMM@Z       0000000180006780 f i mexTrainDL_Memory.obj
 0001:000057a0       ??$sqr_alt@N@@YANN@Z       00000001800067a0 f i mexTrainDL_Memory.obj
 0001:000057c0       ??$swap@M@std@@YAXAEAM0@Z  00000001800067c0 f i mexTrainDL_Memory.obj
 0001:00005820       ??$swap@N@std@@YAXAEAN0@Z  0000000180006820 f i mexTrainDL_Memory.obj
 0001:00005880       ??$vAbs@M@@YAX_JPEAM1@Z    0000000180006880 f i mexTrainDL_Memory.obj
 0001:000058f0       ??$vAbs@N@@YAX_JPEAN1@Z    00000001800068f0 f i mexTrainDL_Memory.obj
 0001:00005960       ??$vAdd@M@@YAX_JPEAM11@Z   0000000180006960 f i mexTrainDL_Memory.obj
 0001:000059d0       ??$vAdd@N@@YAX_JPEAN11@Z   00000001800069d0 f i mexTrainDL_Memory.obj
 0001:00005a40       ??$vSub@M@@YAX_JPEAM11@Z   0000000180006a40 f i mexTrainDL_Memory.obj
 0001:00005ab0       ??$vSub@N@@YAX_JPEAN11@Z   0000000180006ab0 f i mexTrainDL_Memory.obj
 0001:00005b20       ??0?$AbstractMatrix@M@@QEAA@XZ 0000000180006b20 f i mexTrainDL_Memory.obj
 0001:00005b40       ??0?$AbstractMatrix@N@@QEAA@XZ 0000000180006b40 f i mexTrainDL_Memory.obj
 0001:00005b60       ??0?$AbstractMatrixB@M@@QEAA@XZ 0000000180006b60 f i mexTrainDL_Memory.obj
 0001:00005b80       ??0?$AbstractMatrixB@N@@QEAA@XZ 0000000180006b80 f i mexTrainDL_Memory.obj
 0001:00005ba0       ??0?$Data@M@@QEAA@XZ       0000000180006ba0 f i mexTrainDL_Memory.obj
 0001:00005bc0       ??0?$Data@N@@QEAA@XZ       0000000180006bc0 f i mexTrainDL_Memory.obj
 0001:00005be0       ??0?$Matrix@M@@QEAA@PEAM_J1@Z 0000000180006be0 f i mexTrainDL_Memory.obj
 0001:00005c90       ??0?$Matrix@M@@QEAA@XZ     0000000180006c90 f i mexTrainDL_Memory.obj
 0001:00005d30       ??0?$Matrix@M@@QEAA@_J0@Z  0000000180006d30 f i mexTrainDL_Memory.obj
 0001:00005e30       ??0?$Matrix@N@@QEAA@PEAN_J1@Z 0000000180006e30 f i mexTrainDL_Memory.obj
 0001:00005ee0       ??0?$Matrix@N@@QEAA@XZ     0000000180006ee0 f i mexTrainDL_Memory.obj
 0001:00005f80       ??0?$Matrix@N@@QEAA@_J0@Z  0000000180006f80 f i mexTrainDL_Memory.obj
 0001:00006080       ??0?$ParamDictLearn@M@@QEAA@XZ 0000000180007080 f i mexTrainDL_Memory.obj
 0001:00006260       ??0?$ParamDictLearn@N@@QEAA@XZ 0000000180007260 f i mexTrainDL_Memory.obj
 0001:00006480       ??0?$SpVector@M@@QEAA@XZ   0000000180007480 f i mexTrainDL_Memory.obj
 0001:00006480       ??0?$SpVector@N@@QEAA@XZ   0000000180007480 f i mexTrainDL_Memory.obj
 0001:000064d0       ??0?$Trainer@M@@QEAA@AEBV?$Matrix@M@@HH@Z 00000001800074d0 f i mexTrainDL_Memory.obj
 0001:00006650       ??0?$Trainer@M@@QEAA@HHH@Z 0000000180007650 f i mexTrainDL_Memory.obj
 0001:00006710       ??0?$Trainer@N@@QEAA@AEBV?$Matrix@N@@HH@Z 0000000180007710 f i mexTrainDL_Memory.obj
 0001:00006890       ??0?$Trainer@N@@QEAA@HHH@Z 0000000180007890 f i mexTrainDL_Memory.obj
 0001:00006950       ??0?$Vector@H@@QEAA@XZ     0000000180007950 f i mexTrainDL_Memory.obj
 0001:00006990       ??0?$Vector@H@@QEAA@_J@Z   0000000180007990 f i mexTrainDL_Memory.obj
 0001:00006a10       ??0?$Vector@M@@QEAA@XZ     0000000180007a10 f i mexTrainDL_Memory.obj
 0001:00006a50       ??0?$Vector@M@@QEAA@_J@Z   0000000180007a50 f i mexTrainDL_Memory.obj
 0001:00006ad0       ??0?$Vector@N@@QEAA@XZ     0000000180007ad0 f i mexTrainDL_Memory.obj
 0001:00006b10       ??0?$Vector@N@@QEAA@_J@Z   0000000180007b10 f i mexTrainDL_Memory.obj
 0001:00006b90       ??0?$Vector@_J@@QEAA@_J@Z  0000000180007b90 f i mexTrainDL_Memory.obj
 0001:00006c10       ??0?$Vector@_N@@QEAA@_J@Z  0000000180007c10 f i mexTrainDL_Memory.obj
 0001:00006c70       ??0?$_List_const_iterator@V?$_List_val@U?$_List_simple_types@_J@std@@@std@@@std@@QEAA@PEAU?$_List_node@_JPEAX@1@PEBV?$_List_val@U?$_List_simple_types@_J@std@@@1@@Z 0000000180007c70 f i mexTrainDL_Memory.obj
 0001:00006cb0       ??0?$_List_unchecked_const_iterator@V?$_List_val@U?$_List_simple_types@_J@std@@@std@@U_Iterator_base0@2@@std@@QEAA@PEAU?$_List_node@_JPEAX@1@PEBV?$_List_val@U?$_List_simple_types@_J@std@@@1@@Z 0000000180007cb0 f i mexTrainDL_Memory.obj
 0001:00006cf0       ??0?$_String_alloc@$0A@U?$_String_base_types@DV?$allocator@D@std@@@std@@@std@@QEAA@AEBV?$allocator@D@1@@Z 0000000180007cf0 f i mexTrainDL_Memory.obj
 0001:00006d20       ??0?$_String_val@U?$_Simple_types@D@std@@@std@@QEAA@XZ 0000000180007d20 f i mexTrainDL_Memory.obj
 0001:00006d50       ??0?$_Wrap_alloc@V?$allocator@D@std@@@std@@QEAA@XZ 0000000180007d50 f i mexTrainDL_Memory.obj
 0001:00006d70       ??0?$basic_string@DU?$char_traits@D@std@@V?$allocator@D@2@@std@@QEAA@PEBD@Z 0000000180007d70 f i mexTrainDL_Memory.obj
 0001:00006dc0       ??0_Generic_error_category@std@@QEAA@XZ 0000000180007dc0 f i mexTrainDL_Memory.obj
 0001:00006df0       ??0_Iostream_error_category@std@@QEAA@XZ 0000000180007df0 f i mexTrainDL_Memory.obj
 0001:00006e20       ??0_Sentry_base@?$basic_ostream@DU?$char_traits@D@std@@@std@@QEAA@AEAV12@@Z 0000000180007e20 f i mexTrainDL_Memory.obj
 0001:00006ec0       ??0_System_error_category@std@@QEAA@XZ 0000000180007ec0 f i mexTrainDL_Memory.obj
 0001:00006ef0       ??0error_category@std@@QEAA@XZ 0000000180007ef0 f i mexTrainDL_Memory.obj
 0001:00006f10       ??0error_condition@std@@QEAA@HAEBVerror_category@1@@Z 0000000180007f10 f i mexTrainDL_Memory.obj
 0001:00006f40       ??0sentry@?$basic_ostream@DU?$char_traits@D@std@@@std@@QEAA@AEAV12@@Z 0000000180007f40 f i mexTrainDL_Memory.obj
 0001:00007010       ??1?$AbstractMatrix@M@@UEAA@XZ 0000000180008010 f i mexTrainDL_Memory.obj
 0001:00007030       ??1?$AbstractMatrix@N@@UEAA@XZ 0000000180008030 f i mexTrainDL_Memory.obj
 0001:00007050       ??1?$AbstractMatrixB@M@@UEAA@XZ 0000000180008050 f i mexTrainDL_Memory.obj
 0001:00007070       ??1?$AbstractMatrixB@N@@UEAA@XZ 0000000180008070 f i mexTrainDL_Memory.obj
 0001:00007090       ??1?$Data@M@@UEAA@XZ       0000000180008090 f i mexTrainDL_Memory.obj
 0001:000070b0       ??1?$Data@N@@UEAA@XZ       00000001800080b0 f i mexTrainDL_Memory.obj
 0001:000070d0       ??1?$Matrix@M@@UEAA@XZ     00000001800080d0 f i mexTrainDL_Memory.obj
 0001:00007150       ??1?$Matrix@N@@UEAA@XZ     0000000180008150 f i mexTrainDL_Memory.obj
 0001:000071d0       ??1?$ParamDictLearn@M@@QEAA@XZ 00000001800081d0 f i mexTrainDL_Memory.obj
 0001:00007200       ??1?$ParamDictLearn@N@@QEAA@XZ 0000000180008200 f i mexTrainDL_Memory.obj
 0001:00007230       ??1?$SpVector@N@@QEAA@XZ   0000000180008230 f i mexTrainDL_Memory.obj
 0001:00007230       ??1?$SpVector@M@@QEAA@XZ   0000000180008230 f i mexTrainDL_Memory.obj
 0001:00007250       ??1?$Trainer@M@@QEAA@XZ    0000000180008250 f i mexTrainDL_Memory.obj
 0001:000072a0       ??1?$Trainer@N@@QEAA@XZ    00000001800082a0 f i mexTrainDL_Memory.obj
 0001:000072f0       ??1?$Vector@H@@UEAA@XZ     00000001800082f0 f i mexTrainDL_Memory.obj
 0001:00007320       ??1?$Vector@M@@UEAA@XZ     0000000180008320 f i mexTrainDL_Memory.obj
 0001:00007350       ??1?$Vector@N@@UEAA@XZ     0000000180008350 f i mexTrainDL_Memory.obj
 0001:00007380       ??1?$Vector@_J@@UEAA@XZ    0000000180008380 f i mexTrainDL_Memory.obj
 0001:000073b0       ??1?$Vector@_N@@UEAA@XZ    00000001800083b0 f i mexTrainDL_Memory.obj
 0001:000073e0       ??1_Generic_error_category@std@@UEAA@XZ 00000001800083e0 f i mexTrainDL_Memory.obj
 0001:00007400       ??1_Sentry_base@?$basic_ostream@DU?$char_traits@D@std@@@std@@QEAA@XZ 0000000180008400 f i mexTrainDL_Memory.obj
 0001:00007490       ??1_Iostream_error_category@std@@UEAA@XZ 0000000180008490 f i mexTrainDL_Memory.obj
 0001:00007490       ??1_System_error_category@std@@UEAA@XZ 0000000180008490 f i mexTrainDL_Memory.obj
 0001:000074b0       ??1error_category@std@@UEAA@XZ 00000001800084b0 f i mexTrainDL_Memory.obj
 0001:000074d0       ??1sentry@?$basic_ostream@DU?$char_traits@D@std@@@std@@QEAA@XZ 00000001800084d0 f i mexTrainDL_Memory.obj
 0001:00007510       ??2@YAPEAX_KPEAX@Z         0000000180008510 f i mexTrainDL_Memory.obj
 0001:00007520       ??8?$_List_const_iterator@V?$_List_val@U?$_List_simple_types@_J@std@@@std@@@std@@QEBA_NAEBV01@@Z 0000000180008520 f i mexTrainDL_Memory.obj
 0001:00007560       ??8error_category@std@@QEBA_NAEBV01@@Z 0000000180008560 f i mexTrainDL_Memory.obj
 0001:000075a0       ??8error_condition@std@@QEBA_NAEBV01@@Z 00000001800085a0 f i mexTrainDL_Memory.obj
 0001:00007620       ??9?$_List_const_iterator@V?$_List_val@U?$_List_simple_types@_J@std@@@std@@@std@@QEBA_NAEBV01@@Z 0000000180008620 f i mexTrainDL_Memory.obj
 0001:00007660       ??A?$Matrix@M@@QEAAAEAM_J@Z 0000000180008660 f i mexTrainDL_Memory.obj
 0001:00007680       ??A?$Matrix@M@@UEBAM_J@Z   0000000180008680 f i mexTrainDL_Memory.obj
 0001:000076a0       ??A?$Matrix@N@@QEAAAEAN_J@Z 00000001800086a0 f i mexTrainDL_Memory.obj
 0001:000076c0       ??A?$Matrix@N@@UEBAN_J@Z   00000001800086c0 f i mexTrainDL_Memory.obj
 0001:000076e0       ??A?$Vector@H@@QEAAAEAH_J@Z 00000001800086e0 f i mexTrainDL_Memory.obj
 0001:000076e0       ??A?$Vector@M@@QEAAAEAM_J@Z 00000001800086e0 f i mexTrainDL_Memory.obj
 0001:00007700       ??A?$Vector@M@@QEBAM_J@Z   0000000180008700 f i mexTrainDL_Memory.obj
 0001:00007720       ??A?$Vector@N@@QEAAAEAN_J@Z 0000000180008720 f i mexTrainDL_Memory.obj
 0001:00007740       ??A?$Vector@N@@QEBAN_J@Z   0000000180008740 f i mexTrainDL_Memory.obj
 0001:00007760       ??A?$vector@V?$list@_JV?$allocator@_J@std@@@std@@V?$allocator@V?$list@_JV?$allocator@_J@std@@@std@@@2@@std@@QEBAAEBV?$list@_JV?$allocator@_J@std@@@1@_K@Z 0000000180008760 f i mexTrainDL_Memory.obj
 0001:00007780       ??Bsentry@?$basic_ostream@DU?$char_traits@D@std@@@std@@QEBAPEQ?$_Bool_struct@V?$basic_ostream@DU?$char_traits@D@std@@@std@@@2@HXZ 0000000180008780 f i mexTrainDL_Memory.obj
 0001:000077b0       ??D?$_List_const_iterator@V?$_List_val@U?$_List_simple_types@_J@std@@@std@@@std@@QEBAAEB_JXZ 00000001800087b0 f i mexTrainDL_Memory.obj
 0001:000077d0       ??E?$_List_const_iterator@V?$_List_val@U?$_List_simple_types@_J@std@@@std@@@std@@QEAAAEAV01@XZ 00000001800087d0 f i mexTrainDL_Memory.obj
 0001:00007800       ??R?$Matrix@M@@UEBAM_J0@Z  0000000180008800 f i mexTrainDL_Memory.obj
 0001:00007840       ??R?$Matrix@N@@UEBAN_J0@Z  0000000180008840 f i mexTrainDL_Memory.obj
 0001:00007880       ??_E?$Matrix@M@@UEAAPEAXI@Z 0000000180008880 f i mexTrainDL_Memory.obj
 0001:00007908       ??_E?$Matrix@M@@W7EAAPEAXI@Z 0000000180008908 f i mexTrainDL_Memory.obj
 0001:00007914       ??_E?$Matrix@M@@WBA@EAAPEAXI@Z 0000000180008914 f i mexTrainDL_Memory.obj
 0001:00007920       ??_E?$Matrix@N@@UEAAPEAXI@Z 0000000180008920 f i mexTrainDL_Memory.obj
 0001:000079a8       ??_E?$Matrix@N@@W7EAAPEAXI@Z 00000001800089a8 f i mexTrainDL_Memory.obj
 0001:000079b4       ??_E?$Matrix@N@@WBA@EAAPEAXI@Z 00000001800089b4 f i mexTrainDL_Memory.obj
 0001:000079c0       ??_E?$SpVector@M@@QEAAPEAXI@Z 00000001800089c0 f i mexTrainDL_Memory.obj
 0001:000079c0       ??_E?$SpVector@N@@QEAAPEAXI@Z 00000001800089c0 f i mexTrainDL_Memory.obj
 0001:00007a50       ??_E?$Vector@M@@UEAAPEAXI@Z 0000000180008a50 f i mexTrainDL_Memory.obj
 0001:00007ae0       ??_E?$Vector@N@@UEAAPEAXI@Z 0000000180008ae0 f i mexTrainDL_Memory.obj
 0001:00007b70       ??_G?$AbstractMatrix@M@@UEAAPEAXI@Z 0000000180008b70 f i mexTrainDL_Memory.obj
 0001:00007b70       ??_E?$AbstractMatrix@M@@UEAAPEAXI@Z 0000000180008b70 f i mexTrainDL_Memory.obj
 0001:00007bb0       ??_G?$AbstractMatrix@N@@UEAAPEAXI@Z 0000000180008bb0 f i mexTrainDL_Memory.obj
 0001:00007bb0       ??_E?$AbstractMatrix@N@@UEAAPEAXI@Z 0000000180008bb0 f i mexTrainDL_Memory.obj
 0001:00007bf0       ??_E?$AbstractMatrixB@M@@UEAAPEAXI@Z 0000000180008bf0 f i mexTrainDL_Memory.obj
 0001:00007bf0       ??_G?$AbstractMatrixB@M@@UEAAPEAXI@Z 0000000180008bf0 f i mexTrainDL_Memory.obj
 0001:00007c30       ??_G?$AbstractMatrixB@N@@UEAAPEAXI@Z 0000000180008c30 f i mexTrainDL_Memory.obj
 0001:00007c30       ??_E?$AbstractMatrixB@N@@UEAAPEAXI@Z 0000000180008c30 f i mexTrainDL_Memory.obj
 0001:00007c70       ??_E?$Data@M@@UEAAPEAXI@Z  0000000180008c70 f i mexTrainDL_Memory.obj
 0001:00007c70       ??_G?$Data@M@@UEAAPEAXI@Z  0000000180008c70 f i mexTrainDL_Memory.obj
 0001:00007cb0       ??_G?$Data@N@@UEAAPEAXI@Z  0000000180008cb0 f i mexTrainDL_Memory.obj
 0001:00007cb0       ??_E?$Data@N@@UEAAPEAXI@Z  0000000180008cb0 f i mexTrainDL_Memory.obj
 0001:00007cf0       ??_G?$Trainer@M@@QEAAPEAXI@Z 0000000180008cf0 f i mexTrainDL_Memory.obj
 0001:00007d30       ??_G?$Trainer@N@@QEAAPEAXI@Z 0000000180008d30 f i mexTrainDL_Memory.obj
 0001:00007d70       ??_E?$Vector@H@@UEAAPEAXI@Z 0000000180008d70 f i mexTrainDL_Memory.obj
 0001:00007d70       ??_G?$Vector@H@@UEAAPEAXI@Z 0000000180008d70 f i mexTrainDL_Memory.obj
 0001:00007db0       ??_G?$Vector@_J@@UEAAPEAXI@Z 0000000180008db0 f i mexTrainDL_Memory.obj
 0001:00007db0       ??_E?$Vector@_J@@UEAAPEAXI@Z 0000000180008db0 f i mexTrainDL_Memory.obj
 0001:00007df0       ??_G?$Vector@_N@@UEAAPEAXI@Z 0000000180008df0 f i mexTrainDL_Memory.obj
 0001:00007df0       ??_E?$Vector@_N@@UEAAPEAXI@Z 0000000180008df0 f i mexTrainDL_Memory.obj
 0001:00007e30       ??_E_Generic_error_category@std@@UEAAPEAXI@Z 0000000180008e30 f i mexTrainDL_Memory.obj
 0001:00007e30       ??_G_Generic_error_category@std@@UEAAPEAXI@Z 0000000180008e30 f i mexTrainDL_Memory.obj
 0001:00007e70       ??_E_System_error_category@std@@UEAAPEAXI@Z 0000000180008e70 f i mexTrainDL_Memory.obj
 0001:00007e70       ??_E_Iostream_error_category@std@@UEAAPEAXI@Z 0000000180008e70 f i mexTrainDL_Memory.obj
 0001:00007e70       ??_G_System_error_category@std@@UEAAPEAXI@Z 0000000180008e70 f i mexTrainDL_Memory.obj
 0001:00007e70       ??_G_Iostream_error_category@std@@UEAAPEAXI@Z 0000000180008e70 f i mexTrainDL_Memory.obj
 0001:00007eb0       ??_Eerror_category@std@@UEAAPEAXI@Z 0000000180008eb0 f i mexTrainDL_Memory.obj
 0001:00007eb0       ??_Gerror_category@std@@UEAAPEAXI@Z 0000000180008eb0 f i mexTrainDL_Memory.obj
 0001:00007ef0       ?V@?$Matrix@N@@UEBA_JXZ    0000000180008ef0 f i mexTrainDL_Memory.obj
 0001:00007ef0       ?V@?$Matrix@M@@UEBA_JXZ    0000000180008ef0 f i mexTrainDL_Memory.obj
 0001:00007f00       ?XtX@?$Matrix@M@@UEBAXAEAV1@@Z 0000000180008f00 f i mexTrainDL_Memory.obj
 0001:00007fc0       ?XtX@?$Matrix@N@@UEBAXAEAV1@@Z 0000000180008fc0 f i mexTrainDL_Memory.obj
 0001:00008080       ??3@YAXPEAX0@Z             0000000180009080 f i mexTrainDL_Memory.obj
 0001:00008080       ?norm_2sq_cols@?$Data@N@@UEBAXAEAV?$Vector@N@@@Z 0000000180009080 f i mexTrainDL_Memory.obj
 0001:00008080       ??$destroy@PEAD@?$allocator@D@std@@QEAAXPEAPEAD@Z 0000000180009080 f i mexTrainDL_Memory.obj
 0001:00008080       ?_Adopt@_Iterator_base0@std@@QEAAXPEBX@Z 0000000180009080 f i mexTrainDL_Memory.obj
 0001:00008080       ?norm_2sq_cols@?$Data@M@@UEBAXAEAV?$Vector@M@@@Z 0000000180009080 f i mexTrainDL_Memory.obj
 0001:00008090       ?_Copy@?$basic_string@DU?$char_traits@D@std@@V?$allocator@D@2@@std@@QEAAX_K0@Z 0000000180009090 f i mexTrainDL_Memory.obj
 0001:00008280       ?_Eos@?$basic_string@DU?$char_traits@D@std@@V?$allocator@D@2@@std@@QEAAX_K@Z 0000000180009280 f i mexTrainDL_Memory.obj
 0001:000082d0       ?_Getal@?$_String_alloc@$0A@U?$_String_base_types@DV?$allocator@D@std@@@std@@@std@@QEBA?AU?$_Wrap_alloc@V?$allocator@D@std@@@2@XZ 00000001800092d0 f i mexTrainDL_Memory.obj
 0001:00008300       ?_Grow@?$basic_string@DU?$char_traits@D@std@@V?$allocator@D@2@@std@@QEAA_N_K_N@Z 0000000180009300 f i mexTrainDL_Memory.obj
 0001:000083e0       ?_Inside@?$basic_string@DU?$char_traits@D@std@@V?$allocator@D@2@@std@@QEAA_NPEBD@Z 00000001800093e0 f i mexTrainDL_Memory.obj
 0001:00008430       ?_Myptr@?$_String_val@U?$_Simple_types@D@std@@@std@@QEAAPEADXZ 0000000180009430 f i mexTrainDL_Memory.obj
 0001:00008430       ?_Myptr@?$_String_val@U?$_Simple_types@D@std@@@std@@QEBAPEBDXZ 0000000180009430 f i mexTrainDL_Memory.obj
 0001:00008470       ?_Myval@?$_List_val@U?$_List_simple_types@_J@std@@@std@@SAAEA_JPEAU?$_List_node@_JPEAX@2@@Z 0000000180009470 f i mexTrainDL_Memory.obj
 0001:00008480       ?_Tidy@?$basic_string@DU?$char_traits@D@std@@V?$allocator@D@2@@std@@QEAAX_N_K@Z 0000000180009480 f i mexTrainDL_Memory.obj
 0001:00008560       ?_Xlen@?$basic_string@DU?$char_traits@D@std@@V?$allocator@D@2@@std@@QEBAXXZ 0000000180009560 f i mexTrainDL_Memory.obj
 0001:00008580       ?_Xran@?$basic_string@DU?$char_traits@D@std@@V?$allocator@D@2@@std@@QEBAXXZ 0000000180009580 f i mexTrainDL_Memory.obj
 0001:000085a0       ?add@?$Matrix@M@@QEAAXAEBV1@M@Z 00000001800095a0 f i mexTrainDL_Memory.obj
 0001:00008600       ?add@?$Matrix@N@@QEAAXAEBV1@N@Z 0000000180009600 f i mexTrainDL_Memory.obj
 0001:00008660       ?add@?$Vector@M@@QEAAXAEBV1@M@Z 0000000180009660 f i mexTrainDL_Memory.obj
 0001:000086c0       ?add@?$Vector@N@@QEAAXAEBV1@N@Z 00000001800096c0 f i mexTrainDL_Memory.obj
 0001:00008720       ?addRow@?$Matrix@M@@QEAAX_JAEBV?$Vector@M@@M@Z 0000000180009720 f i mexTrainDL_Memory.obj
 0001:000088b0       ?addRow@?$Matrix@N@@QEAAX_JAEBV?$Vector@N@@N@Z 00000001800098b0 f i mexTrainDL_Memory.obj
 0001:00008a40       ?add_rawCol@?$Matrix@M@@UEBAX_JPEAMM@Z 0000000180009a40 f i mexTrainDL_Memory.obj
 0001:00008ab0       ?add_rawCol@?$Matrix@N@@UEBAX_JPEANN@Z 0000000180009ab0 f i mexTrainDL_Memory.obj
 0001:00008b20       ?afused@?$Vector@M@@QEBAMXZ 0000000180009b20 f i mexTrainDL_Memory.obj
 0001:00008bb0       ?afused@?$Vector@N@@QEBANXZ 0000000180009bb0 f i mexTrainDL_Memory.obj
 0001:00008c40       ?allocate@?$_Wrap_alloc@V?$allocator@D@std@@@std@@QEAAPEAD_K@Z 0000000180009c40 f i mexTrainDL_Memory.obj
 0001:00008c70       ?allocate@?$allocator@D@std@@QEAAPEAD_K@Z 0000000180009c70 f i mexTrainDL_Memory.obj
 0001:00008c90       ?assign@?$basic_string@DU?$char_traits@D@std@@V?$allocator@D@2@@std@@QEAAAEAV12@AEBV12@_K1@Z 0000000180009c90 f i mexTrainDL_Memory.obj
 0001:00008d90       ?assign@?$basic_string@DU?$char_traits@D@std@@V?$allocator@D@2@@std@@QEAAAEAV12@PEBD@Z 0000000180009d90 f i mexTrainDL_Memory.obj
 0001:00008dc0       ?assign@?$basic_string@DU?$char_traits@D@std@@V?$allocator@D@2@@std@@QEAAAEAV12@PEBD_K@Z 0000000180009dc0 f i mexTrainDL_Memory.obj
 0001:00008e70       ?assign@?$char_traits@D@std@@SAXAEADAEBD@Z 0000000180009e70 f i mexTrainDL_Memory.obj
 0001:00008e90       ?asum@?$Vector@M@@QEBAMXZ  0000000180009e90 f i mexTrainDL_Memory.obj
 0001:00008ec0       ?asum@?$Vector@N@@QEBANXZ  0000000180009ec0 f i mexTrainDL_Memory.obj
 0001:00008ef0       ?begin@?$list@_JV?$allocator@_J@std@@@std@@QEBA?AV?$_List_const_iterator@V?$_List_val@U?$_List_simple_types@_J@std@@@std@@@2@XZ 0000000180009ef0 f i mexTrainDL_Memory.obj
 0001:00008f30       ?c_str@?$basic_string@DU?$char_traits@D@std@@V?$allocator@D@2@@std@@QEBAPEBDXZ 0000000180009f30 f i mexTrainDL_Memory.obj
 0001:00008f50       ?cleanDict@?$Trainer@M@@AEAAXAEBV?$Data@M@@AEAV?$Matrix@M@@_NW4constraint_type_D@@MMM@Z 0000000180009f50 f i mexTrainDL_Memory.obj
 0001:000093c0       ?cleanDict@?$Trainer@N@@AEAAXAEBV?$Data@N@@AEAV?$Matrix@N@@_NW4constraint_type_D@@NNN@Z 000000018000a3c0 f i mexTrainDL_Memory.obj
 0001:00009830       ?clear@?$Matrix@M@@QEAAXXZ 000000018000a830 f i mexTrainDL_Memory.obj
 0001:00009830       ?clear@?$Matrix@N@@QEAAXXZ 000000018000a830 f i mexTrainDL_Memory.obj
 0001:000098a0       ?clear@?$SpVector@M@@QEAAXXZ 000000018000a8a0 f i mexTrainDL_Memory.obj
 0001:000098a0       ?clear@?$SpVector@N@@QEAAXXZ 000000018000a8a0 f i mexTrainDL_Memory.obj
 0001:00009930       ?clear@?$Vector@_J@@QEAAXXZ 000000018000a930 f i mexTrainDL_Memory.obj
 0001:00009930       ?clear@?$Vector@M@@QEAAXXZ 000000018000a930 f i mexTrainDL_Memory.obj
 0001:00009930       ?clear@?$Vector@H@@QEAAXXZ 000000018000a930 f i mexTrainDL_Memory.obj
 0001:00009930       ?clear@?$Vector@_N@@QEAAXXZ 000000018000a930 f i mexTrainDL_Memory.obj
 0001:00009930       ?clear@?$Vector@N@@QEAAXXZ 000000018000a930 f i mexTrainDL_Memory.obj
 0001:00009990       ?copy@?$Matrix@M@@QEAAXAEBV1@@Z 000000018000a990 f i mexTrainDL_Memory.obj
 0001:00009a00       ?copy@?$Matrix@N@@QEAAXAEBV1@@Z 000000018000aa00 f i mexTrainDL_Memory.obj
 0001:00009a70       ?copy@?$Vector@M@@QEAAXAEBV1@@Z 000000018000aa70 f i mexTrainDL_Memory.obj
 0001:00009ad0       ?copy@?$Vector@N@@QEAAXAEBV1@@Z 000000018000aad0 f i mexTrainDL_Memory.obj
 0001:00009b30       ?copy@?$char_traits@D@std@@SAPEADPEADPEBD_K@Z 000000018000ab30 f i mexTrainDL_Memory.obj
 0001:00009b80       ?copyCol@?$Matrix@M@@UEBAX_JAEAV?$Vector@M@@@Z 000000018000ab80 f i mexTrainDL_Memory.obj
 0001:00009c00       ?copyCol@?$Matrix@N@@UEBAX_JAEAV?$Vector@N@@@Z 000000018000ac00 f i mexTrainDL_Memory.obj
 0001:00009c80       ?copyRow@?$Matrix@M@@UEBAX_JAEAV?$Vector@M@@@Z 000000018000ac80 f i mexTrainDL_Memory.obj
 0001:00009cf0       ?copyRow@?$Matrix@N@@UEBAX_JAEAV?$Vector@N@@@Z 000000018000acf0 f i mexTrainDL_Memory.obj
 0001:00009d60       ?copyTo@?$Matrix@M@@UEBAXAEAV1@@Z 000000018000ad60 f i mexTrainDL_Memory.obj
 0001:00009d90       ?copyTo@?$Matrix@N@@UEBAXAEAV1@@Z 000000018000ad90 f i mexTrainDL_Memory.obj
 0001:00009dc0       ?deallocate@?$_Wrap_alloc@V?$allocator@D@std@@@std@@QEAAXPEAD_K@Z 000000018000adc0 f i mexTrainDL_Memory.obj
 0001:00009df0       ?deallocate@?$allocator@D@std@@QEAAXPEAD_K@Z 000000018000adf0 f i mexTrainDL_Memory.obj
 0001:00009e20       ?default_error_condition@_System_error_category@std@@UEBA?AVerror_condition@2@H@Z 000000018000ae20 f i mexTrainDL_Memory.obj
 0001:00009e90       ?default_error_condition@error_category@std@@UEBA?AVerror_condition@2@H@Z 000000018000ae90 f i mexTrainDL_Memory.obj
 0001:00009ec0       ?diag@?$Matrix@M@@UEBAXAEAV?$Vector@M@@@Z 000000018000aec0 f i mexTrainDL_Memory.obj
 0001:00009f90       ?diag@?$Matrix@N@@UEBAXAEAV?$Vector@N@@@Z 000000018000af90 f i mexTrainDL_Memory.obj
 0001:0000a060       ?dot@?$Matrix@M@@UEBAMAEBV1@@Z 000000018000b060 f i mexTrainDL_Memory.obj
 0001:0000a0b0       ?dot@?$Matrix@N@@UEBANAEBV1@@Z 000000018000b0b0 f i mexTrainDL_Memory.obj
 0001:0000a100       ?dot@?$Vector@M@@QEBAMAEBV?$SpVector@M@@@Z 000000018000b100 f i mexTrainDL_Memory.obj
 0001:0000a1b0       ?dot@?$Vector@N@@QEBANAEBV?$SpVector@N@@@Z 000000018000b1b0 f i mexTrainDL_Memory.obj
 0001:0000a260       ?end@?$list@_JV?$allocator@_J@std@@@std@@QEBA?AV?$_List_const_iterator@V?$_List_val@U?$_List_simple_types@_J@std@@@std@@@2@XZ 000000018000b260 f i mexTrainDL_Memory.obj
 0001:0000a290       ?eof@?$char_traits@D@std@@SAHXZ 000000018000b290 f i mexTrainDL_Memory.obj
 0001:0000a2a0       ?eq_int_type@?$char_traits@D@std@@SA_NAEBH0@Z 000000018000b2a0 f i mexTrainDL_Memory.obj
 0001:0000a2e0       ?equivalent@error_category@std@@UEBA_NAEBVerror_code@2@H@Z 000000018000b2e0 f i mexTrainDL_Memory.obj
 0001:0000a340       ?equivalent@error_category@std@@UEBA_NHAEBVerror_condition@2@@Z 000000018000b340 f i mexTrainDL_Memory.obj
 0001:0000a380       ?erase@?$basic_string@DU?$char_traits@D@std@@V?$allocator@D@2@@std@@QEAAAEAV12@_K0@Z 000000018000b380 f i mexTrainDL_Memory.obj
 0001:0000a460       ?erase@?$basic_string@DU?$char_traits@D@std@@V?$allocator@D@2@@std@@QEAAAEAV12@_K@Z 000000018000b460 f i mexTrainDL_Memory.obj
 0001:0000a4b0       ?extract_rawCol@?$Matrix@M@@UEBAX_JPEAM@Z 000000018000b4b0 f i mexTrainDL_Memory.obj
 0001:0000a510       ?extract_rawCol@?$Matrix@N@@UEBAX_JPEAN@Z 000000018000b510 f i mexTrainDL_Memory.obj
 0001:0000a570       ?fillSymmetric@?$Matrix@M@@QEAAXXZ 000000018000b570 f i mexTrainDL_Memory.obj
 0001:0000a620       ?fillSymmetric@?$Matrix@N@@QEAAXXZ 000000018000b620 f i mexTrainDL_Memory.obj
 0001:0000a6d0       ?fmax@?$Vector@M@@QEBA_JXZ 000000018000b6d0 f i mexTrainDL_Memory.obj
 0001:0000a700       ?fmax@?$Vector@N@@QEBA_JXZ 000000018000b700 f i mexTrainDL_Memory.obj
 0001:0000a730       ?fmaxval@?$Vector@M@@QEBAMXZ 000000018000b730 f i mexTrainDL_Memory.obj
 0001:0000a760       ?fmaxval@?$Vector@N@@QEBANXZ 000000018000b760 f i mexTrainDL_Memory.obj
 0001:0000a790       ?fmin@?$Vector@M@@QEBA_JXZ 000000018000b790 f i mexTrainDL_Memory.obj
 0001:0000a7c0       ?fmin@?$Vector@N@@QEBA_JXZ 000000018000b7c0 f i mexTrainDL_Memory.obj
 0001:0000a7f0       ?fusedProjectHomotopy@?$Vector@M@@QEAAXAEAV1@MMM_N@Z 000000018000b7f0 f i mexTrainDL_Memory.obj
 0001:0000bd30       ?fusedProjectHomotopy@?$Vector@N@@QEAAXAEAV1@NNN_N@Z 000000018000cd30 f i mexTrainDL_Memory.obj
 0001:0000d240       ?generic_category@std@@YAAEBVerror_category@1@XZ 000000018000e240 f i mexTrainDL_Memory.obj
 0001:0000d250       ?getD@?$Trainer@M@@QEBAXAEAV?$Matrix@M@@@Z 000000018000e250 f i mexTrainDL_Memory.obj
 0001:0000d280       ?getD@?$Trainer@N@@QEBAXAEAV?$Matrix@N@@@Z 000000018000e280 f i mexTrainDL_Memory.obj
 0001:0000d2b0       ?getData@?$Matrix@M@@UEBAXAEAV?$Vector@M@@_J@Z 000000018000e2b0 f i mexTrainDL_Memory.obj
 0001:0000d2b0       ?getData@?$Matrix@N@@UEBAXAEAV?$Vector@N@@_J@Z 000000018000e2b0 f i mexTrainDL_Memory.obj
 0001:0000d300       ?getElapsed@Timer@@QEBANXZ 000000018000e300 f i mexTrainDL_Memory.obj
 0001:0000d390       ?getGroup@?$Matrix@M@@UEBAXAEAV1@AEBV?$vector@V?$list@_JV?$allocator@_J@std@@@std@@V?$allocator@V?$list@_JV?$allocator@_J@std@@@std@@@2@@std@@_J@Z 000000018000e390 f i mexTrainDL_Memory.obj
 0001:0000d4c0       ?getGroup@?$Matrix@N@@UEBAXAEAV1@AEBV?$vector@V?$list@_JV?$allocator@_J@std@@@std@@V?$allocator@V?$list@_JV?$allocator@_J@std@@@std@@@2@@std@@_J@Z 000000018000e4c0 f i mexTrainDL_Memory.obj
 0001:0000d5f0       ?l1l2project@?$Vector@M@@QEBAXAEAV1@MM_N@Z 000000018000e5f0 f i mexTrainDL_Memory.obj
 0001:0000dbb0       ?l1l2project@?$Vector@N@@QEBAXAEAV1@NN_N@Z 000000018000ebb0 f i mexTrainDL_Memory.obj
 0001:0000e140       ?l1project@?$Vector@M@@QEBAXAEAV1@M_N@Z 000000018000f140 f i mexTrainDL_Memory.obj
 0001:0000e450       ?l1project@?$Vector@N@@QEBAXAEAV1@N_N@Z 000000018000f450 f i mexTrainDL_Memory.obj
 0001:0000e770       ?length@?$char_traits@D@std@@SA_KPEBD@Z 000000018000f770 f i mexTrainDL_Memory.obj
 0001:0000e7b0       ?log@@YAMM@Z               000000018000f7b0 f i mexTrainDL_Memory.obj
 0001:0000e7d0       ?m@?$Matrix@M@@UEBA_JXZ    000000018000f7d0 f i mexTrainDL_Memory.obj
 0001:0000e7d0       ?m@?$Matrix@N@@UEBA_JXZ    000000018000f7d0 f i mexTrainDL_Memory.obj
 0001:0000e7e0       ?m@?$Matrix@N@@W7EBA_JXZ   000000018000f7e0 f i mexTrainDL_Memory.obj
 0001:0000e7e0       ?m@?$Matrix@M@@W7EBA_JXZ   000000018000f7e0 f i mexTrainDL_Memory.obj
 0001:0000e7ec       ?m@?$Matrix@M@@WBA@EBA_JXZ 000000018000f7ec f i mexTrainDL_Memory.obj
 0001:0000e7ec       ?m@?$Matrix@N@@WBA@EBA_JXZ 000000018000f7ec f i mexTrainDL_Memory.obj
 0001:0000e800       ?max_size@?$_Wrap_alloc@V?$allocator@D@std@@@std@@QEBA_KXZ 000000018000f800 f i mexTrainDL_Memory.obj
 0001:0000e820       ?max_size@?$allocator@D@std@@QEBA_KXZ 000000018000f820 f i mexTrainDL_Memory.obj
 0001:0000e830       ?max_size@?$allocator_traits@V?$allocator@D@std@@@std@@SA_KAEBV?$allocator@D@2@@Z 000000018000f830 f i mexTrainDL_Memory.obj
 0001:0000e850       ?max_size@?$basic_string@DU?$char_traits@D@std@@V?$allocator@D@2@@std@@QEBA_KXZ 000000018000f850 f i mexTrainDL_Memory.obj
 0001:0000e8a0       ?message@_Generic_error_category@std@@UEBA?AV?$basic_string@DU?$char_traits@D@std@@V?$allocator@D@2@@2@H@Z 000000018000f8a0 f i mexTrainDL_Memory.obj
 0001:0000e910       ?message@_Iostream_error_category@std@@UEBA?AV?$basic_string@DU?$char_traits@D@std@@V?$allocator@D@2@@2@H@Z 000000018000f910 f i mexTrainDL_Memory.obj
 0001:0000e980       ?message@_System_error_category@std@@UEBA?AV?$basic_string@DU?$char_traits@D@std@@V?$allocator@D@2@@2@H@Z 000000018000f980 f i mexTrainDL_Memory.obj
 0001:0000e9f0       ?move@?$char_traits@D@std@@SAPEADPEADPEBD_K@Z 000000018000f9f0 f i mexTrainDL_Memory.obj
 0001:0000ea40       ?mult@?$Matrix@M@@UEBAXAEBV1@AEAV1@_N2MM@Z 000000018000fa40 f i mexTrainDL_Memory.obj
 0001:0000ebf0       ?mult@?$Matrix@M@@UEBAXAEBV?$SpMatrix@M@@AEAV1@_N2MM@Z 000000018000fbf0 f i mexTrainDL_Memory.obj
 0001:0000f1c0       ?mult@?$Matrix@M@@UEBAXAEBV?$SpVector@M@@AEAV?$Vector@M@@MM@Z 00000001800101c0 f i mexTrainDL_Memory.obj
 0001:0000f380       ?mult@?$Matrix@M@@UEBAXAEBV?$Vector@M@@AEAV2@MM@Z 0000000180010380 f i mexTrainDL_Memory.obj
 0001:0000f440       ?mult@?$Matrix@N@@UEBAXAEBV1@AEAV1@_N2NN@Z 0000000180010440 f i mexTrainDL_Memory.obj
 0001:0000f5f0       ?mult@?$Matrix@N@@UEBAXAEBV?$SpMatrix@N@@AEAV1@_N2NN@Z 00000001800105f0 f i mexTrainDL_Memory.obj
 0001:0000fbc0       ?mult@?$Matrix@N@@UEBAXAEBV?$SpVector@N@@AEAV?$Vector@N@@NN@Z 0000000180010bc0 f i mexTrainDL_Memory.obj
 0001:0000fd80       ?mult@?$Matrix@N@@UEBAXAEBV?$Vector@N@@AEAV2@NN@Z 0000000180010d80 f i mexTrainDL_Memory.obj
 0001:0000fe40       ?multSwitch@?$Matrix@M@@UEBAXAEBV1@AEAV1@_N2MM@Z 0000000180010e40 f i mexTrainDL_Memory.obj
 0001:0000fec0       ?multSwitch@?$Matrix@N@@UEBAXAEBV1@AEAV1@_N2NN@Z 0000000180010ec0 f i mexTrainDL_Memory.obj
 0001:0000ff40       ?multTrans@?$Matrix@M@@QEBAXAEBV?$SpVector@M@@AEAV?$Vector@M@@MM@Z 0000000180010f40 f i mexTrainDL_Memory.obj
 0001:000100d0       ?multTrans@?$Matrix@M@@UEBAXAEBV?$Vector@M@@AEAV2@MM@Z 00000001800110d0 f i mexTrainDL_Memory.obj
 0001:00010190       ?multTrans@?$Matrix@N@@QEBAXAEBV?$SpVector@N@@AEAV?$Vector@N@@NN@Z 0000000180011190 f i mexTrainDL_Memory.obj
 0001:00010320       ?multTrans@?$Matrix@N@@UEBAXAEBV?$Vector@N@@AEAV2@NN@Z 0000000180011320 f i mexTrainDL_Memory.obj
 0001:000103e0       ?n@?$Matrix@N@@UEBA_JXZ    00000001800113e0 f i mexTrainDL_Memory.obj
 0001:000103e0       ?n@?$Matrix@M@@UEBA_JXZ    00000001800113e0 f i mexTrainDL_Memory.obj
 0001:000103f0       ?n@?$Matrix@N@@W7EBA_JXZ   00000001800113f0 f i mexTrainDL_Memory.obj
 0001:000103f0       ?n@?$Matrix@M@@W7EBA_JXZ   00000001800113f0 f i mexTrainDL_Memory.obj
 0001:000103fc       ?n@?$Matrix@N@@WBA@EBA_JXZ 00000001800113fc f i mexTrainDL_Memory.obj
 0001:000103fc       ?n@?$Matrix@M@@WBA@EBA_JXZ 00000001800113fc f i mexTrainDL_Memory.obj
 0001:00010410       ?n@?$Vector@M@@QEBA_JXZ    0000000180011410 f i mexTrainDL_Memory.obj
 0001:00010410       ?n@?$Vector@N@@QEBA_JXZ    0000000180011410 f i mexTrainDL_Memory.obj
 0001:00010420       ?name@_Generic_error_category@std@@UEBAPEBDXZ 0000000180011420 f i mexTrainDL_Memory.obj
 0001:00010430       ?name@_Iostream_error_category@std@@UEBAPEBDXZ 0000000180011430 f i mexTrainDL_Memory.obj
 0001:00010440       ?name@_System_error_category@std@@UEBAPEBDXZ 0000000180011440 f i mexTrainDL_Memory.obj
 0001:00010450       ?norm_2sq_cols@?$Matrix@M@@UEBAXAEAV?$Vector@M@@@Z 0000000180011450 f i mexTrainDL_Memory.obj
 0001:00010500       ?norm_2sq_cols@?$Matrix@N@@UEBAXAEAV?$Vector@N@@@Z 0000000180011500 f i mexTrainDL_Memory.obj
 0001:000105b0       ?normalize2@?$Vector@M@@QEAAXXZ 00000001800115b0 f i mexTrainDL_Memory.obj
 0001:00010610       ?normalize2@?$Vector@N@@QEAAXXZ 0000000180011610 f i mexTrainDL_Memory.obj
 0001:00010660       ?normalize@?$Matrix@M@@QEAAXXZ 0000000180011660 f i mexTrainDL_Memory.obj
 0001:00010790       ?normalize@?$Matrix@N@@QEAAXXZ 0000000180011790 f i mexTrainDL_Memory.obj
 0001:000108b0       ?normalize@?$Vector@M@@QEAAXXZ 00000001800118b0 f i mexTrainDL_Memory.obj
 0001:00010910       ?normalize@?$Vector@N@@QEAAXXZ 0000000180011910 f i mexTrainDL_Memory.obj
 0001:00010960       ?nrm2@?$Vector@M@@QEBAMXZ  0000000180011960 f i mexTrainDL_Memory.obj
 0001:00010990       ?nrm2@?$Vector@N@@QEBANXZ  0000000180011990 f i mexTrainDL_Memory.obj
 0001:000109c0       ?nrm2sq@?$Vector@M@@QEBAMXZ 00000001800119c0 f i mexTrainDL_Memory.obj
 0001:00010a00       ?nrm2sq@?$Vector@N@@QEBANXZ 0000000180011a00 f i mexTrainDL_Memory.obj
 0001:00010a40       ?pow@@YAMMM@Z              0000000180011a40 f i mexTrainDL_Memory.obj
 0001:00010a70       ?print@?$Matrix@M@@UEBAXAEBV?$basic_string@DU?$char_traits@D@std@@V?$allocator@D@2@@std@@@Z 0000000180011a70 f i mexTrainDL_Memory.obj
 0001:00010ba0       ?print@?$Matrix@N@@UEBAXAEBV?$basic_string@DU?$char_traits@D@std@@V?$allocator@D@2@@std@@@Z 0000000180011ba0 f i mexTrainDL_Memory.obj
 0001:00010cc0       ?printElapsed@Timer@@QEAAXXZ 0000000180011cc0 f i mexTrainDL_Memory.obj
 0001:00010dc0       ?randperm@?$Vector@H@@QEAAXH@Z 0000000180011dc0 f i mexTrainDL_Memory.obj
 0001:00010ef0       ?rank1Update@?$Matrix@M@@QEAAXAEBV?$SpVector@M@@M@Z 0000000180011ef0 f i mexTrainDL_Memory.obj
 0001:00011130       ?rank1Update@?$Matrix@M@@QEAAXAEBV?$Vector@M@@AEBV?$SpVector@M@@M@Z 0000000180012130 f i mexTrainDL_Memory.obj
 0001:00011210       ?rank1Update@?$Matrix@N@@QEAAXAEBV?$SpVector@N@@N@Z 0000000180012210 f i mexTrainDL_Memory.obj
 0001:00011450       ?rank1Update@?$Matrix@N@@QEAAXAEBV?$Vector@N@@AEBV?$SpVector@N@@N@Z 0000000180012450 f i mexTrainDL_Memory.obj
 0001:00011530       ?rawX@?$Matrix@N@@QEBAPEANXZ 0000000180012530 f i mexTrainDL_Memory.obj
 0001:00011530       ?rawX@?$Matrix@M@@QEBAPEAMXZ 0000000180012530 f i mexTrainDL_Memory.obj
 0001:00011540       ?rawX@?$SpVector@N@@QEBAPEANXZ 0000000180012540 f i mexTrainDL_Memory.obj
 0001:00011540       ?rawX@?$SpVector@M@@QEBAPEAMXZ 0000000180012540 f i mexTrainDL_Memory.obj
 0001:00011540       ?size@?$list@_JV?$allocator@_J@std@@@std@@QEBA_KXZ 0000000180012540 f i mexTrainDL_Memory.obj
 0001:00011540       ?category@error_code@std@@QEBAAEBVerror_category@2@XZ 0000000180012540 f i mexTrainDL_Memory.obj
 0001:00011540       ?category@error_condition@std@@QEBAAEBVerror_category@2@XZ 0000000180012540 f i mexTrainDL_Memory.obj
 0001:00011550       ?rawX@?$Vector@H@@QEBAPEAHXZ 0000000180012550 f i mexTrainDL_Memory.obj
 0001:00011550       ?rawX@?$Vector@M@@QEBAPEAMXZ 0000000180012550 f i mexTrainDL_Memory.obj
 0001:00011550       ?rawX@?$Vector@N@@QEBAPEANXZ 0000000180012550 f i mexTrainDL_Memory.obj
 0001:00011550       ?rawR@?$SpVector@N@@QEBAPEA_JXZ 0000000180012550 f i mexTrainDL_Memory.obj
 0001:00011550       ?rawX@?$Vector@_J@@QEBAPEA_JXZ 0000000180012550 f i mexTrainDL_Memory.obj
 0001:00011550       ?rawR@?$SpVector@M@@QEBAPEA_JXZ 0000000180012550 f i mexTrainDL_Memory.obj
 0001:00011550       ?size@?$basic_string@DU?$char_traits@D@std@@V?$allocator@D@2@@std@@QEBA_KXZ 0000000180012550 f i mexTrainDL_Memory.obj
 0001:00011550       ?rawX@?$Vector@_N@@QEBAPEA_NXZ 0000000180012550 f i mexTrainDL_Memory.obj
 0001:00011560       ?refCol@?$Matrix@M@@QEBAX_JAEAV?$Vector@M@@@Z 0000000180012560 f i mexTrainDL_Memory.obj
 0001:000115d0       ?refCol@?$Matrix@N@@QEBAX_JAEAV?$Vector@N@@@Z 00000001800125d0 f i mexTrainDL_Memory.obj
 0001:00011640       ?refCol@?$SpMatrix@M@@QEBAX_JAEAV?$SpVector@M@@@Z 0000000180012640 f i mexTrainDL_Memory.obj
 0001:00011710       ?refCol@?$SpMatrix@N@@QEBAX_JAEAV?$SpVector@N@@@Z 0000000180012710 f i mexTrainDL_Memory.obj
 0001:000117e0       ?resize@?$Matrix@M@@QEAAX_J0_N@Z 00000001800127e0 f i mexTrainDL_Memory.obj
 0001:000118b0       ?resize@?$Matrix@N@@QEAAX_J0_N@Z 00000001800128b0 f i mexTrainDL_Memory.obj
 0001:00011980       ?resize@?$SpVector@M@@QEAAX_J@Z 0000000180012980 f i mexTrainDL_Memory.obj
 0001:00011a40       ?resize@?$SpVector@N@@QEAAX_J@Z 0000000180012a40 f i mexTrainDL_Memory.obj
 0001:00011b00       ?resize@?$Vector@H@@QEAAX_J@Z 0000000180012b00 f i mexTrainDL_Memory.obj
 0001:00011b00       ?resize@?$Vector@M@@QEAAX_J@Z 0000000180012b00 f i mexTrainDL_Memory.obj
 0001:00011b80       ?resize@?$Vector@N@@QEAAX_J@Z 0000000180012b80 f i mexTrainDL_Memory.obj
 0001:00011c00       ?scal@?$Matrix@M@@QEAAXM@Z 0000000180012c00 f i mexTrainDL_Memory.obj
 0001:00011c50       ?scal@?$Matrix@N@@QEAAXN@Z 0000000180012c50 f i mexTrainDL_Memory.obj
 0001:00011ca0       ?scal@?$Vector@M@@QEAAXM@Z 0000000180012ca0 f i mexTrainDL_Memory.obj
 0001:00011ce0       ?scal@?$Vector@N@@QEAAXN@Z 0000000180012ce0 f i mexTrainDL_Memory.obj
 0001:00011d20       ?set@?$Vector@H@@QEAAXH@Z  0000000180012d20 f i mexTrainDL_Memory.obj
 0001:00011d70       ?set@?$Vector@M@@QEAAXM@Z  0000000180012d70 f i mexTrainDL_Memory.obj
 0001:00011dd0       ?set@?$Vector@N@@QEAAXN@Z  0000000180012dd0 f i mexTrainDL_Memory.obj
 0001:00011e30       ?set@?$Vector@_J@@QEAAX_J@Z 0000000180012e30 f i mexTrainDL_Memory.obj
 0001:00011e80       ?setAleat@?$Vector@M@@QEAAXXZ 0000000180012e80 f i mexTrainDL_Memory.obj
 0001:00011ed0       ?setAleat@?$Vector@N@@QEAAXXZ 0000000180012ed0 f i mexTrainDL_Memory.obj
 0001:00011f20       ?setZeros@?$Matrix@M@@QEAAXXZ 0000000180012f20 f i mexTrainDL_Memory.obj
 0001:00011f60       ?setZeros@?$Matrix@N@@QEAAXXZ 0000000180012f60 f i mexTrainDL_Memory.obj
 0001:00011fa0       ?setZeros@?$Vector@M@@QEAAXXZ 0000000180012fa0 f i mexTrainDL_Memory.obj
 0001:00011fa0       ?setZeros@?$Vector@H@@QEAAXXZ 0000000180012fa0 f i mexTrainDL_Memory.obj
 0001:00011fd0       ?setZeros@?$Vector@N@@QEAAXXZ 0000000180012fd0 f i mexTrainDL_Memory.obj
 0001:00012000       ?softThrshold@?$Vector@M@@QEAAXM@Z 0000000180013000 f i mexTrainDL_Memory.obj
 0001:000120f0       ?softThrshold@?$Vector@N@@QEAAXN@Z 00000001800130f0 f i mexTrainDL_Memory.obj
 0001:000121e0       ?sparseProject@?$Vector@M@@QEAAXAEAV1@MHMMM_N@Z 00000001800131e0 f i mexTrainDL_Memory.obj
 0001:000125a0       ?sparseProject@?$Vector@N@@QEAAXAEAV1@NHNNN_N@Z 00000001800135a0 f i mexTrainDL_Memory.obj
 0001:00012930       ?start@Timer@@QEAAXXZ      0000000180013930 f i mexTrainDL_Memory.obj
 0001:00012960       ?sub@?$Vector@M@@QEAAXAEBV1@@Z 0000000180013960 f i mexTrainDL_Memory.obj
 0001:000129a0       ?sub@?$Vector@N@@QEAAXAEBV1@@Z 00000001800139a0 f i mexTrainDL_Memory.obj
 0001:000129e0       ?sum@?$Vector@M@@QEBAMXZ   00000001800139e0 f i mexTrainDL_Memory.obj
 0001:00012a50       ?sum@?$Vector@N@@QEBANXZ   0000000180013a50 f i mexTrainDL_Memory.obj
 0001:00012ac0       ?system_category@std@@YAAEBVerror_category@1@XZ 0000000180013ac0 f i mexTrainDL_Memory.obj
 0001:00012ad0       ?thrsPos@?$Matrix@M@@QEAAXXZ 0000000180013ad0 f i mexTrainDL_Memory.obj
 0001:00012b20       ?thrsPos@?$Matrix@N@@QEAAXXZ 0000000180013b20 f i mexTrainDL_Memory.obj
 0001:00012b70       ?thrsPos@?$Vector@M@@QEAAXXZ 0000000180013b70 f i mexTrainDL_Memory.obj
 0001:00012bd0       ?thrsPos@?$Vector@N@@QEAAXXZ 0000000180013bd0 f i mexTrainDL_Memory.obj
 0001:00012c30       ?toSparse@?$Vector@M@@QEBAXAEAV?$SpVector@M@@@Z 0000000180013c30 f i mexTrainDL_Memory.obj
 0001:00012d00       ?toSparse@?$Vector@N@@QEBAXAEAV?$SpVector@N@@@Z 0000000180013d00 f i mexTrainDL_Memory.obj
 0001:00012dd0       ?toVect@?$Matrix@M@@QEBAXAEAV?$Vector@M@@@Z 0000000180013dd0 f i mexTrainDL_Memory.obj
 0001:00012dd0       ?toVect@?$Matrix@N@@QEBAXAEAV?$Vector@N@@@Z 0000000180013dd0 f i mexTrainDL_Memory.obj
 0001:00012e30       ?trainOffline@?$Trainer@M@@QEAAXAEBV?$Data@M@@AEBU?$ParamDictLearn@M@@@Z 0000000180013e30 f i mexTrainDL_Memory.obj
 0001:00014a00       ?trainOffline@?$Trainer@N@@QEAAXAEBV?$Data@N@@AEBU?$ParamDictLearn@N@@@Z 0000000180015a00 f i mexTrainDL_Memory.obj
 0001:000165f0       ?value@error_code@std@@QEBAHXZ 00000001800175f0 f i mexTrainDL_Memory.obj
 0001:000165f0       ?value@error_condition@std@@QEBAHXZ 00000001800175f0 f i mexTrainDL_Memory.obj
 0001:00016600       ?whiten@?$Vector@M@@QEAAXAEAV1@_N@Z 0000000180017600 f i mexTrainDL_Memory.obj
 0001:00016af0       ?whiten@?$Vector@M@@QEAAX_J@Z 0000000180017af0 f i mexTrainDL_Memory.obj
 0001:00016c20       ?whiten@?$Vector@N@@QEAAXAEAV1@_N@Z 0000000180017c20 f i mexTrainDL_Memory.obj
 0001:00017110       ?whiten@?$Vector@N@@QEAAX_J@Z 0000000180018110 f i mexTrainDL_Memory.obj
 0001:00017240       fabsf                      0000000180018240 f i mexTrainDL_Memory.obj
 0001:0001725e       mxGetClassID               000000018001825e f   libmx:libmx.dll
 0001:00017264       mxIsStruct                 0000000180018264 f   libmx:libmx.dll
 0001:0001726a       mxIsComplex                000000018001826a f   libmx:libmx.dll
 0001:00017270       mxIsSparse                 0000000180018270 f   libmx:libmx.dll
 0001:00017276       mxGetDimensions_730        0000000180018276 f   libmx:libmx.dll
 0001:0001727c       mxGetPr                    000000018001827c f   libmx:libmx.dll
 0001:00017282       mxGetScalar                0000000180018282 f   libmx:libmx.dll
 0001:00017288       mxGetField_730             0000000180018288 f   libmx:libmx.dll
 0001:0001728e       mxCreateNumericMatrix_730  000000018001828e f   libmx:libmx.dll
 0001:00017294       mexErrMsgTxt               0000000180018294 f   libmex:libmex.dll
 0001:0001729a       mexPrintf                  000000018001829a f   libmex:libmex.dll
 0001:000172a0       mexEvalString              00000001800182a0 f   libmex:libmex.dll
 0001:000172a6       dnrm2                      00000001800182a6 f   libmwblas:libmwblas.dll
 0001:000172ac       snrm2                      00000001800182ac f   libmwblas:libmwblas.dll
 0001:000172b2       dcopy                      00000001800182b2 f   libmwblas:libmwblas.dll
 0001:000172b8       scopy                      00000001800182b8 f   libmwblas:libmwblas.dll
 0001:000172be       daxpy                      00000001800182be f   libmwblas:libmwblas.dll
 0001:000172c4       saxpy                      00000001800182c4 f   libmwblas:libmwblas.dll
 0001:000172ca       dscal                      00000001800182ca f   libmwblas:libmwblas.dll
 0001:000172d0       sscal                      00000001800182d0 f   libmwblas:libmwblas.dll
 0001:000172d6       dasum                      00000001800182d6 f   libmwblas:libmwblas.dll
 0001:000172dc       sasum                      00000001800182dc f   libmwblas:libmwblas.dll
 0001:000172e2       ddot                       00000001800182e2 f   libmwblas:libmwblas.dll
 0001:000172e8       sdot                       00000001800182e8 f   libmwblas:libmwblas.dll
 0001:000172ee       dgemv                      00000001800182ee f   libmwblas:libmwblas.dll
 0001:000172f4       sgemv                      00000001800182f4 f   libmwblas:libmwblas.dll
 0001:000172fa       dgemm                      00000001800182fa f   libmwblas:libmwblas.dll
 0001:00017300       sgemm                      0000000180018300 f   libmwblas:libmwblas.dll
 0001:00017306       dsyrk                      0000000180018306 f   libmwblas:libmwblas.dll
 0001:0001730c       ssyrk                      000000018001830c f   libmwblas:libmwblas.dll
 0001:00017312       idamax                     0000000180018312 f   libmwblas:libmwblas.dll
 0001:00017318       isamax                     0000000180018318 f   libmwblas:libmwblas.dll
 0001:00017320       ??_U@YAPEAX_K@Z            0000000180018320 f   msvcprt:newaop_s.obj
 0001:00017328       ??_L@YAXPEAX_KHP6AX0@Z2@Z  0000000180018328 f   MSVCRT:ehvecctr.obj
 0001:0001738c       ??_M@YAXPEAX_KHP6AX0@Z@Z   000000018001838c f   MSVCRT:ehvecdtr.obj
 0001:000173ec       ?__ArrayUnwind@@YAXPEAX_KHP6AX0@Z@Z 00000001800183ec f   MSVCRT:ehvecdtr.obj
 0001:00017436       _purecall                  0000000180018436 f   MSVCRT:MSVCR110.dll
 0001:0001743c       ??2@YAPEAX_K@Z             000000018001843c f   MSVCRT:MSVCR110.dll
 0001:00017442       ??3@YAXPEAX@Z              0000000180018442 f   MSVCRT:MSVCR110.dll
 0001:00017448       __atonexitinit             0000000180018448 f   MSVCRT:atonexit.obj
 0001:00017498       _onexit                    0000000180018498 f   MSVCRT:atonexit.obj
 0001:00017548       atexit                     0000000180018548 f   MSVCRT:atonexit.obj
 0001:00017560       memcpy                     0000000180018560 f   MSVCRT:MSVCR110.dll
 0001:00017566       memset                     0000000180018566 f   MSVCRT:MSVCR110.dll
 0001:0001756c       strcmp                     000000018001856c f   MSVCRT:MSVCR110.dll
 0001:00017572       strlen                     0000000180018572 f   MSVCRT:MSVCR110.dll
 0001:00017578       fabs                       0000000180018578 f   MSVCRT:MSVCR110.dll
 0001:0001757e       log                        000000018001857e f   MSVCRT:MSVCR110.dll
 0001:00017584       pow                        0000000180018584 f   MSVCRT:MSVCR110.dll
 0001:0001758a       sqrt                       000000018001858a f   MSVCRT:MSVCR110.dll
 0001:00017590       ??_V@YAXPEAX@Z             0000000180018590 f   MSVCRT:MSVCR110.dll
 0001:00017596       _CxxThrowException         0000000180018596 f   MSVCRT:MSVCR110.dll
 0001:0001759c       __CxxFrameHandler3         000000018001859c f   MSVCRT:MSVCR110.dll
 0001:000175a4       __GSHandlerCheck           00000001800185a4 f   MSVCRT:gshandler.obj
 0001:000175c4       __GSHandlerCheckCommon     00000001800185c4 f   MSVCRT:gshandler.obj
 0001:00017640       __security_check_cookie    0000000180018640 f   MSVCRT:amdsecgs.obj
 0001:00017660       ??_Etype_info@@UEAAPEAXI@Z 0000000180018660 f i MSVCRT:ti_inst.obj
 0001:0001772c       _CRT_INIT                  000000018001872c f   MSVCRT:crtdll.obj
 0001:00017978       _DllMainCRTStartup         0000000180018978 f   MSVCRT:crtdll.obj
 0001:00017aee       __C_specific_handler       0000000180018aee f   MSVCRT:MSVCR110.dll
 0001:00017af4       ?terminate@@YAXXZ          0000000180018af4 f   MSVCRT:MSVCR110.dll
 0001:00017afa       _lock                      0000000180018afa f   MSVCRT:MSVCR110.dll
 0001:00017b00       _unlock                    0000000180018b00 f   MSVCRT:MSVCR110.dll
 0001:00017b06       __dllonexit                0000000180018b06 f   MSVCRT:MSVCR110.dll
 0001:00017b0c       __raise_securityfailure    0000000180018b0c f   MSVCRT:gs_report.obj
 0001:00017b58       __report_gsfailure         0000000180018b58 f   MSVCRT:gs_report.obj
 0001:00017c2a       __CppXcptFilter            0000000180018c2a f   MSVCRT:MSVCR110.dll
 0001:00017c30       _amsg_exit                 0000000180018c30 f   MSVCRT:MSVCR110.dll
 0001:00017c40       _FindPESection             0000000180018c40 f   MSVCRT:pesect.obj
 0001:00017c90       _IsNonwritableInCurrentImage 0000000180018c90 f   MSVCRT:pesect.obj
 0001:00017ce0       _ValidateImageBase         0000000180018ce0 f   MSVCRT:pesect.obj
 0001:00017d10       __security_init_cookie     0000000180018d10 f   MSVCRT:gs_support.obj
 0001:00017dbc       DllMain                    0000000180018dbc f   MSVCRT:dllmain.obj
 0001:00017de0       _RTC_Initialize            0000000180018de0 f   MSVCRT:initsect.obj
 0001:00017e18       _RTC_Terminate             0000000180018e18 f   MSVCRT:initsect.obj
 0001:00017e50       _initterm                  0000000180018e50 f   MSVCRT:MSVCR110.dll
 0001:00017e56       _initterm_e                0000000180018e56 f   MSVCRT:MSVCR110.dll
 0001:00017e5c       __clean_type_info_names    0000000180018e5c f   MSVCRT:tncleanup.obj
 0001:00017e68       __crt_debugger_hook        0000000180018e68 f   MSVCRT:MSVCR110.dll
 0001:00017e6e       __crtUnhandledException    0000000180018e6e f   MSVCRT:MSVCR110.dll
 0001:00017e74       __crtTerminateProcess      0000000180018e74 f   MSVCRT:MSVCR110.dll
 0001:00017e7a       __crtCapturePreviousContext 0000000180018e7a f   MSVCRT:MSVCR110.dll
 0001:00017e80       ??1type_info@@UEAA@XZ      0000000180018e80 f   MSVCRT:MSVCR110.dll
 0001:00017e80       ?_type_info_dtor_internal_method@type_info@@QEAAXXZ 0000000180018e80 f   MSVCRT:MSVCR110.dll
 0001:00017e86       __clean_type_info_names_internal 0000000180018e86 f   MSVCRT:MSVCR110.dll
 0001:00017e8c       IsProcessorFeaturePresent  0000000180018e8c f   kernel32:KERNEL32.dll
 0002:00000000       __imp_DisableThreadLibraryCalls 000000018001b000     kernel32:KERNEL32.dll
 0002:00000008       __imp_GetCurrentThreadId   000000018001b008     kernel32:KERNEL32.dll
 0002:00000010       __imp_GetCurrentProcessId  000000018001b010     kernel32:KERNEL32.dll
 0002:00000018       __imp_QueryPerformanceCounter 000000018001b018     kernel32:KERNEL32.dll
 0002:00000020       __imp_IsProcessorFeaturePresent 000000018001b020     kernel32:KERNEL32.dll
 0002:00000028       __imp_IsDebuggerPresent    000000018001b028     kernel32:KERNEL32.dll
 0002:00000030       __imp_DecodePointer        000000018001b030     kernel32:KERNEL32.dll
 0002:00000038       __imp_EncodePointer        000000018001b038     kernel32:KERNEL32.dll
 0002:00000040       __imp_GetSystemTimeAsFileTime 000000018001b040     kernel32:KERNEL32.dll
 0002:00000048       \177KERNEL32_NULL_THUNK_DATA 000000018001b048     kernel32:KERNEL32.dll
 0002:00000050       __imp_?flush@std@@YAAEAV?$basic_ostream@DU?$char_traits@D@std@@@1@AEAV21@@Z 000000018001b050     msvcprt:MSVCP110.dll
 0002:00000058       __imp_?endl@std@@YAAEAV?$basic_ostream@DU?$char_traits@D@std@@@1@AEAV21@@Z 000000018001b058     msvcprt:MSVCP110.dll
 0002:00000060       __imp_?flush@?$basic_ostream@DU?$char_traits@D@std@@@std@@QEAAAEAV12@XZ 000000018001b060     msvcprt:MSVCP110.dll
 0002:00000068       __imp_?cerr@std@@3V?$basic_ostream@DU?$char_traits@D@std@@@1@A 000000018001b068     msvcprt:MSVCP110.dll
 0002:00000070       __imp_?cout@std@@3V?$basic_ostream@DU?$char_traits@D@std@@@1@A 000000018001b070     msvcprt:MSVCP110.dll
 0002:00000078       __imp_??6?$basic_ostream@DU?$char_traits@D@std@@@std@@QEAAAEAV01@N@Z 000000018001b078     msvcprt:MSVCP110.dll
 0002:00000080       __imp_??6?$basic_ostream@DU?$char_traits@D@std@@@std@@QEAAAEAV01@M@Z 000000018001b080     msvcprt:MSVCP110.dll
 0002:00000088       __imp_??6?$basic_ostream@DU?$char_traits@D@std@@@std@@QEAAAEAV01@_J@Z 000000018001b088     msvcprt:MSVCP110.dll
 0002:00000090       __imp_??6?$basic_ostream@DU?$char_traits@D@std@@@std@@QEAAAEAV01@H@Z 000000018001b090     msvcprt:MSVCP110.dll
 0002:00000098       __imp_??6?$basic_ostream@DU?$char_traits@D@std@@@std@@QEAAAEAV01@P6AAEAV01@AEAV01@@Z@Z 000000018001b098     msvcprt:MSVCP110.dll
 0002:000000a0       __imp_?_Osfx@?$basic_ostream@DU?$char_traits@D@std@@@std@@QEAAXXZ 000000018001b0a0     msvcprt:MSVCP110.dll
 0002:000000a8       __imp_?fill@?$basic_ios@DU?$char_traits@D@std@@@std@@QEBADXZ 000000018001b0a8     msvcprt:MSVCP110.dll
 0002:000000b0       __imp_?rdbuf@?$basic_ios@DU?$char_traits@D@std@@@std@@QEBAPEAV?$basic_streambuf@DU?$char_traits@D@std@@@2@XZ 000000018001b0b0     msvcprt:MSVCP110.dll
 0002:000000b8       __imp_?tie@?$basic_ios@DU?$char_traits@D@std@@@std@@QEBAPEAV?$basic_ostream@DU?$char_traits@D@std@@@2@XZ 000000018001b0b8     msvcprt:MSVCP110.dll
 0002:000000c0       __imp_?setstate@?$basic_ios@DU?$char_traits@D@std@@@std@@QEAAXH_N@Z 000000018001b0c0     msvcprt:MSVCP110.dll
 0002:000000c8       __imp_?sputn@?$basic_streambuf@DU?$char_traits@D@std@@@std@@QEAA_JPEBD_J@Z 000000018001b0c8     msvcprt:MSVCP110.dll
 0002:000000d0       __imp_?sputc@?$basic_streambuf@DU?$char_traits@D@std@@@std@@QEAAHD@Z 000000018001b0d0     msvcprt:MSVCP110.dll
 0002:000000d8       __imp_?width@ios_base@std@@QEAA_J_J@Z 000000018001b0d8     msvcprt:MSVCP110.dll
 0002:000000e0       __imp_?width@ios_base@std@@QEBA_JXZ 000000018001b0e0     msvcprt:MSVCP110.dll
 0002:000000e8       __imp_?flags@ios_base@std@@QEBAHXZ 000000018001b0e8     msvcprt:MSVCP110.dll
 0002:000000f0       __imp_?good@ios_base@std@@QEBA_NXZ 000000018001b0f0     msvcprt:MSVCP110.dll
 0002:000000f8       __imp_?_Winerror_map@std@@YAPEBDH@Z 000000018001b0f8     msvcprt:MSVCP110.dll
 0002:00000100       __imp_?_Syserror_map@std@@YAPEBDH@Z 000000018001b100     msvcprt:MSVCP110.dll
 0002:00000108       __imp_??0id@locale@std@@QEAA@_K@Z 000000018001b108     msvcprt:MSVCP110.dll
 0002:00000110       __imp_?_Xout_of_range@std@@YAXPEBD@Z 000000018001b110     msvcprt:MSVCP110.dll
 0002:00000118       __imp_?_Xlength_error@std@@YAXPEBD@Z 000000018001b118     msvcprt:MSVCP110.dll
 0002:00000120       __imp_?uncaught_exception@std@@YA_NXZ 000000018001b120     msvcprt:MSVCP110.dll
 0002:00000128       __imp_?_Xbad_alloc@std@@YAXXZ 000000018001b128     msvcprt:MSVCP110.dll
 0002:00000130       \177MSVCP110_NULL_THUNK_DATA 000000018001b130     msvcprt:MSVCP110.dll
 0002:00000138       __imp_strncpy              000000018001b138     MSVCRT:MSVCR110.dll
 0002:00000140       __imp___crtTerminateProcess 000000018001b140     MSVCRT:MSVCR110.dll
 0002:00000148       __imp___crtUnhandledException 000000018001b148     MSVCRT:MSVCR110.dll
 0002:00000150       __imp___crt_debugger_hook  000000018001b150     MSVCRT:MSVCR110.dll
 0002:00000158       __imp__initterm_e          000000018001b158     MSVCRT:MSVCR110.dll
 0002:00000160       __imp__initterm            000000018001b160     MSVCRT:MSVCR110.dll
 0002:00000168       __imp__malloc_crt          000000018001b168     MSVCRT:MSVCR110.dll
 0002:00000170       __imp__amsg_exit           000000018001b170     MSVCRT:MSVCR110.dll
 0002:00000178       __imp___CppXcptFilter      000000018001b178     MSVCRT:MSVCR110.dll
 0002:00000180       __imp__onexit              000000018001b180     MSVCRT:MSVCR110.dll
 0002:00000188       __imp___dllonexit          000000018001b188     MSVCRT:MSVCR110.dll
 0002:00000190       __imp__calloc_crt          000000018001b190     MSVCRT:MSVCR110.dll
 0002:00000198       __imp__unlock              000000018001b198     MSVCRT:MSVCR110.dll
 0002:000001a0       __imp__lock                000000018001b1a0     MSVCRT:MSVCR110.dll
 0002:000001a8       __imp_?terminate@@YAXXZ    000000018001b1a8     MSVCRT:MSVCR110.dll
 0002:000001b0       __imp___C_specific_handler 000000018001b1b0     MSVCRT:MSVCR110.dll
 0002:000001b8       __imp___CxxFrameHandler3   000000018001b1b8     MSVCRT:MSVCR110.dll
 0002:000001c0       __imp__CxxThrowException   000000018001b1c0     MSVCRT:MSVCR110.dll
 0002:000001c8       __imp__tzset               000000018001b1c8     MSVCRT:MSVCR110.dll
 0002:000001d0       __imp___timezone           000000018001b1d0     MSVCRT:MSVCR110.dll
 0002:000001d8       __imp___daylight           000000018001b1d8     MSVCRT:MSVCR110.dll
 0002:000001e0       __imp_??_V@YAXPEAX@Z       000000018001b1e0     MSVCRT:MSVCR110.dll
 0002:000001e8       __imp_sqrtf                000000018001b1e8     MSVCRT:MSVCR110.dll
 0002:000001f0       __imp___clean_type_info_names_internal 000000018001b1f0     MSVCRT:MSVCR110.dll
 0002:000001f8       __imp_?_type_info_dtor_internal_method@type_info@@QEAAXXZ 000000018001b1f8     MSVCRT:MSVCR110.dll
 0002:00000200       __imp__purecall            000000018001b200     MSVCRT:MSVCR110.dll
 0002:00000208       __imp_??2@YAPEAX_K@Z       000000018001b208     MSVCRT:MSVCR110.dll
 0002:00000210       __imp_??3@YAXPEAX@Z        000000018001b210     MSVCRT:MSVCR110.dll
 0002:00000218       __imp_rand                 000000018001b218     MSVCRT:MSVCR110.dll
 0002:00000220       __imp_srand                000000018001b220     MSVCRT:MSVCR110.dll
 0002:00000228       __imp_free                 000000018001b228     MSVCRT:MSVCR110.dll
 0002:00000230       __imp_malloc               000000018001b230     MSVCRT:MSVCR110.dll
 0002:00000238       __imp___iob_func           000000018001b238     MSVCRT:MSVCR110.dll
 0002:00000240       __imp_fprintf              000000018001b240     MSVCRT:MSVCR110.dll
 0002:00000248       __imp_memcpy               000000018001b248     MSVCRT:MSVCR110.dll
 0002:00000250       __imp_memset               000000018001b250     MSVCRT:MSVCR110.dll
 0002:00000258       __imp_strcmp               000000018001b258     MSVCRT:MSVCR110.dll
 0002:00000260       __imp_strlen               000000018001b260     MSVCRT:MSVCR110.dll
 0002:00000268       __imp_memmove              000000018001b268     MSVCRT:MSVCR110.dll
 0002:00000270       __imp_powf                 000000018001b270     MSVCRT:MSVCR110.dll
 0002:00000278       __imp_fabs                 000000018001b278     MSVCRT:MSVCR110.dll
 0002:00000280       __imp_log                  000000018001b280     MSVCRT:MSVCR110.dll
 0002:00000288       __imp_pow                  000000018001b288     MSVCRT:MSVCR110.dll
 0002:00000290       __imp_sqrt                 000000018001b290     MSVCRT:MSVCR110.dll
 0002:00000298       __imp_logf                 000000018001b298     MSVCRT:MSVCR110.dll
 0002:000002a0       __imp___crtCapturePreviousContext 000000018001b2a0     MSVCRT:MSVCR110.dll
 0002:000002a8       \177MSVCR110_NULL_THUNK_DATA 000000018001b2a8     MSVCRT:MSVCR110.dll
 0002:000002b0       __imp_mexPrintf            000000018001b2b0     libmex:libmex.dll
 0002:000002b8       __imp_mexEvalString        000000018001b2b8     libmex:libmex.dll
 0002:000002c0       __imp_mexErrMsgTxt         000000018001b2c0     libmex:libmex.dll
 0002:000002c8       \177libmex_NULL_THUNK_DATA 000000018001b2c8     libmex:libmex.dll
 0002:000002d0       __imp_dnrm2                000000018001b2d0     libmwblas:libmwblas.dll
 0002:000002d8       __imp_snrm2                000000018001b2d8     libmwblas:libmwblas.dll
 0002:000002e0       __imp_dcopy                000000018001b2e0     libmwblas:libmwblas.dll
 0002:000002e8       __imp_scopy                000000018001b2e8     libmwblas:libmwblas.dll
 0002:000002f0       __imp_daxpy                000000018001b2f0     libmwblas:libmwblas.dll
 0002:000002f8       __imp_saxpy                000000018001b2f8     libmwblas:libmwblas.dll
 0002:00000300       __imp_dscal                000000018001b300     libmwblas:libmwblas.dll
 0002:00000308       __imp_sscal                000000018001b308     libmwblas:libmwblas.dll
 0002:00000310       __imp_dasum                000000018001b310     libmwblas:libmwblas.dll
 0002:00000318       __imp_sasum                000000018001b318     libmwblas:libmwblas.dll
 0002:00000320       __imp_ddot                 000000018001b320     libmwblas:libmwblas.dll
 0002:00000328       __imp_sdot                 000000018001b328     libmwblas:libmwblas.dll
 0002:00000330       __imp_dgemv                000000018001b330     libmwblas:libmwblas.dll
 0002:00000338       __imp_sgemv                000000018001b338     libmwblas:libmwblas.dll
 0002:00000340       __imp_dgemm                000000018001b340     libmwblas:libmwblas.dll
 0002:00000348       __imp_sgemm                000000018001b348     libmwblas:libmwblas.dll
 0002:00000350       __imp_dsyrk                000000018001b350     libmwblas:libmwblas.dll
 0002:00000358       __imp_ssyrk                000000018001b358     libmwblas:libmwblas.dll
 0002:00000360       __imp_idamax               000000018001b360     libmwblas:libmwblas.dll
 0002:00000368       __imp_isamax               000000018001b368     libmwblas:libmwblas.dll
 0002:00000370       \177libmwblas_NULL_THUNK_DATA 000000018001b370     libmwblas:libmwblas.dll
 0002:00000378       __imp_mxCreateNumericMatrix_730 000000018001b378     libmx:libmx.dll
 0002:00000380       __imp_mxGetField_730       000000018001b380     libmx:libmx.dll
 0002:00000388       __imp_mxGetScalar          000000018001b388     libmx:libmx.dll
 0002:00000390       __imp_mxGetPr              000000018001b390     libmx:libmx.dll
 0002:00000398       __imp_mxGetDimensions_730  000000018001b398     libmx:libmx.dll
 0002:000003a0       __imp_mxIsSparse           000000018001b3a0     libmx:libmx.dll
 0002:000003a8       __imp_mxIsComplex          000000018001b3a8     libmx:libmx.dll
 0002:000003b0       __imp_mxIsStruct           000000018001b3b0     libmx:libmx.dll
 0002:000003b8       __imp_mxGetClassID         000000018001b3b8     libmx:libmx.dll
 0002:000003c0       \177libmx_NULL_THUNK_DATA  000000018001b3c0     libmx:libmx.dll
 0002:000003c8       __xc_a                     000000018001b3c8     MSVCRT:cinitexe.obj
 0002:00000420       __xc_z                     000000018001b420     MSVCRT:cinitexe.obj
 0002:00000428       __xi_a                     000000018001b428     MSVCRT:cinitexe.obj
 0002:00000440       __xi_z                     000000018001b440     MSVCRT:cinitexe.obj
 0002:000012d8       ??_7error_category@std@@6B@ 000000018001c2d8     mexTrainDL_Memory.obj
 0002:00001310       ??_7_Generic_error_category@std@@6B@ 000000018001c310     mexTrainDL_Memory.obj
 0002:00001340       ??_C@_07DCLBNMLN@generic?$AA@ 000000018001c340     mexTrainDL_Memory.obj
 0002:00001348       ??_C@_0O@BFJCFAAK@unknown?5error?$AA@ 000000018001c348     mexTrainDL_Memory.obj
 0002:00001360       ??_7_Iostream_error_category@std@@6B@ 000000018001c360     mexTrainDL_Memory.obj
 0002:00001390       ??_C@_08LLGCOLLL@iostream?$AA@ 000000018001c390     mexTrainDL_Memory.obj
 0002:000013a0       ??_C@_0BG@PADBLCHM@iostream?5stream?5error?$AA@ 000000018001c3a0     mexTrainDL_Memory.obj
 0002:000013c0       ??_7_System_error_category@std@@6B@ 000000018001c3c0     mexTrainDL_Memory.obj
 0002:000013f0       ??_C@_06FHFOAHML@system?$AA@ 000000018001c3f0     mexTrainDL_Memory.obj
 0002:00001400       ??_7?$Vector@N@@6B@        000000018001c400     mexTrainDL_Memory.obj
 0002:00001410       ??_7?$Vector@M@@6B@        000000018001c410     mexTrainDL_Memory.obj
 0002:00001420       ??_7?$Vector@H@@6B@        000000018001c420     mexTrainDL_Memory.obj
 0002:00001430       ??_7?$Vector@_N@@6B@       000000018001c430     mexTrainDL_Memory.obj
 0002:00001440       ??_7?$Vector@_J@@6B@       000000018001c440     mexTrainDL_Memory.obj
 0002:00001448       ??_C@_0BA@PDPLJLPJ@Time?5elapsed?5?3?5?$AA@ 000000018001c448     mexTrainDL_Memory.obj
 0002:00001458       ??_C@_0BA@JDPCCCED@Missing?5field?3?5?$AA@ 000000018001c458     mexTrainDL_Memory.obj
 0002:00001468       ??_C@_0BI@CFPLBAOH@invalid?5string?5position?$AA@ 000000018001c468     mexTrainDL_Memory.obj
 0002:00001480       ??_C@_0BA@JFNIOLAK@string?5too?5long?$AA@ 000000018001c480     mexTrainDL_Memory.obj
 0002:00001490       ??_C@_0CF@DFCBOHLK@type?5of?5argument?51?5is?5not?5consis@ 000000018001c490     mexTrainDL_Memory.obj
 0002:000014b8       ??_C@_0BK@PFHDMLCH@argument?51?5should?5be?5full?$AA@ 000000018001c4b8     mexTrainDL_Memory.obj
 0002:000014d8       ??_C@_0BM@HIJMECDG@argument?52?5should?5be?5struct?$AA@ 000000018001c4d8     mexTrainDL_Memory.obj
 0002:00001508       ??_7?$Data@N@@6B@          000000018001c508     mexTrainDL_Memory.obj
 0002:00001558       ??_7?$AbstractMatrix@N@@6B@ 000000018001c558     mexTrainDL_Memory.obj
 0002:000015a8       ??_7?$AbstractMatrixB@N@@6B@ 000000018001c5a8     mexTrainDL_Memory.obj
 0002:00001628       ??_7?$Matrix@N@@6B?$Data@N@@@ 000000018001c628     mexTrainDL_Memory.obj
 0002:00001678       ??_7?$Matrix@N@@6B?$AbstractMatrix@N@@@ 000000018001c678     mexTrainDL_Memory.obj
 0002:000016c8       ??_7?$Matrix@N@@6B?$AbstractMatrixB@N@@@ 000000018001c6c8     mexTrainDL_Memory.obj
 0002:00001738       ??_C@_0L@JNMNKJOE@numThreads?$AA@ 000000018001c738     mexTrainDL_Memory.obj
 0002:00001748       ??_C@_09ENCMMCPE@batchsize?$AA@ 000000018001c748     mexTrainDL_Memory.obj
 0002:00001754       ??_C@_01CKDDGHAB@D?$AA@    000000018001c754     mexTrainDL_Memory.obj
 0002:00001758       ??_C@_01KNKLHLMO@K?$AA@    000000018001c758     mexTrainDL_Memory.obj
 0002:00001760       ??_C@_0BO@DEAOIOAL@sizes?5of?5D?5are?5not?5consistent?$AA@ 000000018001c760     mexTrainDL_Memory.obj
 0002:00001780       ??_C@_06COJIGPIB@lambda?$AA@ 000000018001c780     mexTrainDL_Memory.obj
 0002:00001788       ??_C@_04BKLHDIKK@iter?$AA@ 000000018001c788     mexTrainDL_Memory.obj
 0002:00001790       ??_C@_04GMGOKAFF@mode?$AA@ 000000018001c790     mexTrainDL_Memory.obj
 0002:00001798       ??_C@_0DG@JIFJKNML@param?4mode?5is?5not?5compatible?5wit@ 000000018001c798     mexTrainDL_Memory.obj
 0002:000017d0       ??_C@_04GBOIFDHA@posD?$AA@ 000000018001c7d0     mexTrainDL_Memory.obj
 0002:000017d8       ??_C@_05IPHIEBNK@modeD?$AA@ 000000018001c7d8     mexTrainDL_Memory.obj
 0002:000017e0       ??_C@_06GKOGCOAG@whiten?$AA@ 000000018001c7e0     mexTrainDL_Memory.obj
 0002:000017e8       ??_C@_09MGDFBBNP@modeParam?$AA@ 000000018001c7e8     mexTrainDL_Memory.obj
 0002:000017f4       ??_C@_05CCAMFJOL@clean?$AA@ 000000018001c7f4     mexTrainDL_Memory.obj
 0002:000017fc       ??_C@_06MIIMLEJC@gamma1?$AA@ 000000018001c7fc     mexTrainDL_Memory.obj
 0002:00001804       ??_C@_06ODKBOHFB@gamma2?$AA@ 000000018001c804     mexTrainDL_Memory.obj
 0002:0000180c       ??_C@_03LLCMKFAE@rho?$AA@  000000018001c80c     mexTrainDL_Memory.obj
 0002:00001810       ??_C@_0N@CKBICCAH@iter_udpateD?$AA@ 000000018001c810     mexTrainDL_Memory.obj
 0002:00001828       ??_7?$Data@M@@6B@          000000018001c828     mexTrainDL_Memory.obj
 0002:00001878       ??_7?$AbstractMatrix@M@@6B@ 000000018001c878     mexTrainDL_Memory.obj
 0002:000018c8       ??_7?$AbstractMatrixB@M@@6B@ 000000018001c8c8     mexTrainDL_Memory.obj
 0002:00001948       ??_7?$Matrix@M@@6B?$Data@M@@@ 000000018001c948     mexTrainDL_Memory.obj
 0002:00001998       ??_7?$Matrix@M@@6B?$AbstractMatrix@M@@@ 000000018001c998     mexTrainDL_Memory.obj
 0002:000019e8       ??_7?$Matrix@M@@6B?$AbstractMatrixB@M@@@ 000000018001c9e8     mexTrainDL_Memory.obj
 0002:00001a58       ??_C@_03LBOPJCJH@?5x?5?$AA@ 000000018001ca58     mexTrainDL_Memory.obj
 0002:00001a60       ??_C@_07EADNIFBO@?$CF10?45g?5?$AA@ 000000018001ca60     mexTrainDL_Memory.obj
 0002:00001a68       ??_C@_02JIKNIHJJ@?6?5?$AA@ 000000018001ca68     mexTrainDL_Memory.obj
 0002:00001a6c       __real@00000000            000000018001ca6c     mexTrainDL_Memory.obj
 0002:00001a70       __real@0000000000000000    000000018001ca70     mexTrainDL_Memory.obj
 0002:00001a78       __real@25acf030            000000018001ca78     mexTrainDL_Memory.obj
 0002:00001a7c       __real@30000000            000000018001ca7c     mexTrainDL_Memory.obj
 0002:00001a80       __real@3727c5ac            000000018001ca80     mexTrainDL_Memory.obj
 0002:00001a84       __real@38d1b717            000000018001ca84     mexTrainDL_Memory.obj
 0002:00001a88       __real@3a83126f            000000018001ca88     mexTrainDL_Memory.obj
 0002:00001a90       __real@3cb59e05f1e2674d    000000018001ca90     mexTrainDL_Memory.obj
 0002:00001a98       __real@3ddb7cdfd9d7bdbb    000000018001ca98     mexTrainDL_Memory.obj
 0002:00001aa0       __real@3e00000000200000    000000018001caa0     mexTrainDL_Memory.obj
 0002:00001aa8       __real@3e112e0be826d695    000000018001caa8     mexTrainDL_Memory.obj
 0002:00001ab0       __real@3eb0c6f7a0b5ed8d    000000018001cab0     mexTrainDL_Memory.obj
 0002:00001ab8       __real@3ee4f8b588e368f1    000000018001cab8     mexTrainDL_Memory.obj
 0002:00001ac0       __real@3f1a36e2eb1c432d    000000018001cac0     mexTrainDL_Memory.obj
 0002:00001ac8       __real@3f50624dd2f1a9fc    000000018001cac8     mexTrainDL_Memory.obj
 0002:00001ad0       __real@3f7fffef            000000018001cad0     mexTrainDL_Memory.obj
 0002:00001ad4       __real@3f800000            000000018001cad4     mexTrainDL_Memory.obj
 0002:00001ad8       __real@3fe0000000000000    000000018001cad8     mexTrainDL_Memory.obj
 0002:00001ae0       __real@3fee666666666666    000000018001cae0     mexTrainDL_Memory.obj
 0002:00001ae8       __real@3feffffde7210be9    000000018001cae8     mexTrainDL_Memory.obj
 0002:00001af0       __real@3ff0000000000000    000000018001caf0     mexTrainDL_Memory.obj
 0002:00001af8       __real@40000000            000000018001caf8     mexTrainDL_Memory.obj
 0002:00001b00       __real@4000000000000000    000000018001cb00     mexTrainDL_Memory.obj
 0002:00001b08       __real@4010000000000000    000000018001cb08     mexTrainDL_Memory.obj
 0002:00001b10       __real@4014000000000000    000000018001cb10     mexTrainDL_Memory.obj
 0002:00001b18       __real@4024000000000000    000000018001cb18     mexTrainDL_Memory.obj
 0002:00001b20       __real@40800000            000000018001cb20     mexTrainDL_Memory.obj
 0002:00001b24       __real@40a00000            000000018001cb24     mexTrainDL_Memory.obj
 0002:00001b28       __real@412e848000000000    000000018001cb28     mexTrainDL_Memory.obj
 0002:00001b30       __real@444b1ae4d6e2ef50    000000018001cb30     mexTrainDL_Memory.obj
 0002:00001b38       __real@6258d727            000000018001cb38     mexTrainDL_Memory.obj
 0002:00001b3c       __real@bf800000            000000018001cb3c     mexTrainDL_Memory.obj
 0002:00001b40       __real@bff0000000000000    000000018001cb40     mexTrainDL_Memory.obj
 0002:00001b48       __real@c000000000000000    000000018001cb48     mexTrainDL_Memory.obj
 0002:00001b50       __xmm@80000000000000008000000000000000 000000018001cb50     mexTrainDL_Memory.obj
 0002:00001b60       __xmm@80000000800000008000000080000000 000000018001cb60     mexTrainDL_Memory.obj
 0002:00001b78       ??_7type_info@@6B@         000000018001cb78     MSVCRT:ti_inst.obj
 0002:00001b80       _pRawDllMain               000000018001cb80     MSVCRT:crtdll.obj
 0002:00001b80       _pDefaultRawDllMain        000000018001cb80     MSVCRT:crtdll.obj
 0002:00001ba0       _load_config_used          000000018001cba0     MSVCRT:loadcfg.obj
 0002:00001c10       ??_R4error_category@std@@6B@ 000000018001cc10     mexTrainDL_Memory.obj
 0002:00001c38       ??_R3error_category@std@@8 000000018001cc38     mexTrainDL_Memory.obj
 0002:00001c50       ??_R2error_category@std@@8 000000018001cc50     mexTrainDL_Memory.obj
 0002:00001c60       ??_R1A@?0A@EA@error_category@std@@8 000000018001cc60     mexTrainDL_Memory.obj
 0002:00001c88       ??_R4_Generic_error_category@std@@6B@ 000000018001cc88     mexTrainDL_Memory.obj
 0002:00001cb0       ??_R3_Generic_error_category@std@@8 000000018001ccb0     mexTrainDL_Memory.obj
 0002:00001cc8       ??_R2_Generic_error_category@std@@8 000000018001ccc8     mexTrainDL_Memory.obj
 0002:00001ce0       ??_R1A@?0A@EA@_Generic_error_category@std@@8 000000018001cce0     mexTrainDL_Memory.obj
 0002:00001d08       ??_R4_Iostream_error_category@std@@6B@ 000000018001cd08     mexTrainDL_Memory.obj
 0002:00001d30       ??_R3_Iostream_error_category@std@@8 000000018001cd30     mexTrainDL_Memory.obj
 0002:00001d48       ??_R2_Iostream_error_category@std@@8 000000018001cd48     mexTrainDL_Memory.obj
[...]
 0004:000011ac       $pdata$?dtor$0@?0???0?$Trainer@N@@QEAA@AEBV?$Matrix@N@@HH@Z@4HA 00000001800221ac     mexTrainDL_Memory.obj
 0004:000011b8       $pdata$?dtor$1@?0???0?$Trainer@N@@QEAA@AEBV?$Matrix@N@@HH@Z@4HA 00000001800221b8     mexTrainDL_Memory.obj
 0004:000011c4       $pdata$?dtor$2@?0???0?$Trainer@N@@QEAA@AEBV?$Matrix@N@@HH@Z@4HA 00000001800221c4     mexTrainDL_Memory.obj
 0004:000011d0       $pdata$?dtor$0@?0???0?$Trainer@N@@QEAA@HHH@Z@4HA 00000001800221d0     mexTrainDL_Memory.obj
 0004:000011d0       $pdata$?dtor$0@?0???1?$Trainer@N@@QEAA@XZ@4HA 00000001800221d0     mexTrainDL_Memory.obj
 0004:000011dc       $pdata$?dtor$1@?0???0?$Trainer@N@@QEAA@HHH@Z@4HA 00000001800221dc     mexTrainDL_Memory.obj
 0004:000011dc       $pdata$?dtor$1@?0???1?$Trainer@N@@QEAA@XZ@4HA 00000001800221dc     mexTrainDL_Memory.obj
 0004:000011e8       $pdata$?dtor$0@?0???0sentry@?$basic_ostream@DU?$char_traits@D@std@@@std@@QEAA@AEAV12@@Z@4HA 00000001800221e8     mexTrainDL_Memory.obj
 0004:000011f4       $pdata$?dtor$0@?0???1?$Matrix@M@@UEAA@XZ@4HA 00000001800221f4     mexTrainDL_Memory.obj
 0004:00001200       $pdata$?dtor$1@?0???1?$Matrix@M@@UEAA@XZ@4HA 0000000180022200     mexTrainDL_Memory.obj
 0004:0000120c       $pdata$?dtor$2@?0???1?$Matrix@M@@UEAA@XZ@4HA 000000018002220c     mexTrainDL_Memory.obj
 0004:00001218       $pdata$?dtor$0@?0???1?$Matrix@N@@UEAA@XZ@4HA 0000000180022218     mexTrainDL_Memory.obj
 0004:00001224       $pdata$?dtor$1@?0???1?$Matrix@N@@UEAA@XZ@4HA 0000000180022224     mexTrainDL_Memory.obj
 0004:00001230       $pdata$?dtor$2@?0???1?$Matrix@N@@UEAA@XZ@4HA 0000000180022230     mexTrainDL_Memory.obj
 0004:0000123c       $pdata$?dtor$0@?0???0?$Trainer@M@@QEAA@HHH@Z@4HA 000000018002223c     mexTrainDL_Memory.obj
 0004:0000123c       $pdata$?dtor$0@?0???1?$Trainer@M@@QEAA@XZ@4HA 000000018002223c     mexTrainDL_Memory.obj
 0004:00001248       $pdata$?dtor$1@?0???1?$Trainer@M@@QEAA@XZ@4HA 0000000180022248     mexTrainDL_Memory.obj
 0004:00001248       $pdata$?dtor$1@?0???0?$Trainer@M@@QEAA@HHH@Z@4HA 0000000180022248     mexTrainDL_Memory.obj
 0004:00001254       $pdata$?catch$1@?0??_Copy@?$basic_string@DU?$char_traits@D@std@@V?$allocator@D@2@@std@@QEAAX_K0@Z@4HA 0000000180022254     mexTrainDL_Memory.obj
 0004:00001260       $pdata$?catch$0@?0??_Copy@?$basic_string@DU?$char_traits@D@std@@V?$allocator@D@2@@std@@QEAAX_K0@Z@4HA 0000000180022260     mexTrainDL_Memory.obj
 0004:0000126c       $pdata$?dtor$0@?0??cleanDict@?$Trainer@M@@AEAAXAEBV?$Data@M@@AEAV?$Matrix@M@@_NW4constraint_type_D@@MMM@Z@4HA 000000018002226c     mexTrainDL_Memory.obj
 0004:00001278       $pdata$?dtor$1@?0??cleanDict@?$Trainer@M@@AEAAXAEBV?$Data@M@@AEAV?$Matrix@M@@_NW4constraint_type_D@@MMM@Z@4HA 0000000180022278     mexTrainDL_Memory.obj
 0004:00001284       $pdata$?dtor$2@?0??cleanDict@?$Trainer@M@@AEAAXAEBV?$Data@M@@AEAV?$Matrix@M@@_NW4constraint_type_D@@MMM@Z@4HA 0000000180022284     mexTrainDL_Memory.obj
 0004:00001290       $pdata$?dtor$3@?0??cleanDict@?$Trainer@M@@AEAAXAEBV?$Data@M@@AEAV?$Matrix@M@@_NW4constraint_type_D@@MMM@Z@4HA 0000000180022290     mexTrainDL_Memory.obj
 0004:0000129c       $pdata$?dtor$0@?0??cleanDict@?$Trainer@N@@AEAAXAEBV?$Data@N@@AEAV?$Matrix@N@@_NW4constraint_type_D@@NNN@Z@4HA 000000018002229c     mexTrainDL_Memory.obj
 0004:000012a8       $pdata$?dtor$1@?0??cleanDict@?$Trainer@N@@AEAAXAEBV?$Data@N@@AEAV?$Matrix@N@@_NW4constraint_type_D@@NNN@Z@4HA 00000001800222a8     mexTrainDL_Memory.obj
 0004:000012b4       $pdata$?dtor$2@?0??cleanDict@?$Trainer@N@@AEAAXAEBV?$Data@N@@AEAV?$Matrix@N@@_NW4constraint_type_D@@NNN@Z@4HA 00000001800222b4     mexTrainDL_Memory.obj
 0004:000012c0       $pdata$?dtor$3@?0??cleanDict@?$Trainer@N@@AEAAXAEBV?$Data@N@@AEAV?$Matrix@N@@_NW4constraint_type_D@@NNN@Z@4HA 00000001800222c0     mexTrainDL_Memory.obj
 0004:000012cc       $pdata$?dtor$0@?0??fusedProjectHomotopy@?$Vector@M@@QEAAXAEAV1@MMM_N@Z@4HA 00000001800222cc     mexTrainDL_Memory.obj
 0004:000012d8       $pdata$?dtor$1@?0??fusedProjectHomotopy@?$Vector@M@@QEAAXAEAV1@MMM_N@Z@4HA 00000001800222d8     mexTrainDL_Memory.obj
 0004:000012e4       $pdata$?dtor$2@?0??fusedProjectHomotopy@?$Vector@M@@QEAAXAEAV1@MMM_N@Z@4HA 00000001800222e4     mexTrainDL_Memory.obj
 0004:000012f0       $pdata$?dtor$3@?0??fusedProjectHomotopy@?$Vector@M@@QEAAXAEAV1@MMM_N@Z@4HA 00000001800222f0     mexTrainDL_Memory.obj
 0004:000012fc       $pdata$?dtor$4@?0??fusedProjectHomotopy@?$Vector@M@@QEAAXAEAV1@MMM_N@Z@4HA 00000001800222fc     mexTrainDL_Memory.obj
 0004:00001308       $pdata$?dtor$5@?0??fusedProjectHomotopy@?$Vector@M@@QEAAXAEAV1@MMM_N@Z@4HA 0000000180022308     mexTrainDL_Memory.obj
 0004:00001314       $pdata$?dtor$6@?0??fusedProjectHomotopy@?$Vector@M@@QEAAXAEAV1@MMM_N@Z@4HA 0000000180022314     mexTrainDL_Memory.obj
 0004:00001320       $pdata$?dtor$7@?0??fusedProjectHomotopy@?$Vector@M@@QEAAXAEAV1@MMM_N@Z@4HA 0000000180022320     mexTrainDL_Memory.obj
 0004:0000132c       $pdata$?dtor$0@?0??fusedProjectHomotopy@?$Vector@N@@QEAAXAEAV1@NNN_N@Z@4HA 000000018002232c     mexTrainDL_Memory.obj
 0004:00001338       $pdata$?dtor$1@?0??fusedProjectHomotopy@?$Vector@N@@QEAAXAEAV1@NNN_N@Z@4HA 0000000180022338     mexTrainDL_Memory.obj
 0004:00001344       $pdata$?dtor$2@?0??fusedProjectHomotopy@?$Vector@N@@QEAAXAEAV1@NNN_N@Z@4HA 0000000180022344     mexTrainDL_Memory.obj
 0004:00001350       $pdata$?dtor$3@?0??fusedProjectHomotopy@?$Vector@N@@QEAAXAEAV1@NNN_N@Z@4HA 0000000180022350     mexTrainDL_Memory.obj
 0004:0000135c       $pdata$?dtor$4@?0??fusedProjectHomotopy@?$Vector@N@@QEAAXAEAV1@NNN_N@Z@4HA 000000018002235c     mexTrainDL_Memory.obj
 0004:00001368       $pdata$?dtor$5@?0??fusedProjectHomotopy@?$Vector@N@@QEAAXAEAV1@NNN_N@Z@4HA 0000000180022368     mexTrainDL_Memory.obj
 0004:00001374       $pdata$?dtor$6@?0??fusedProjectHomotopy@?$Vector@N@@QEAAXAEAV1@NNN_N@Z@4HA 0000000180022374     mexTrainDL_Memory.obj
 0004:00001380       $pdata$?dtor$7@?0??fusedProjectHomotopy@?$Vector@N@@QEAAXAEAV1@NNN_N@Z@4HA 0000000180022380     mexTrainDL_Memory.obj
 0004:0000138c       $pdata$?dtor$0@?0??mult@?$Matrix@M@@UEBAXAEBV?$SpMatrix@M@@AEAV1@_N2MM@Z@4HA 000000018002238c     mexTrainDL_Memory.obj
 0004:00001398       $pdata$?dtor$1@?0??mult@?$Matrix@M@@UEBAXAEBV?$SpMatrix@M@@AEAV1@_N2MM@Z@4HA 0000000180022398     mexTrainDL_Memory.obj
 0004:000013a4       $pdata$?dtor$2@?0??mult@?$Matrix@M@@UEBAXAEBV?$SpMatrix@M@@AEAV1@_N2MM@Z@4HA 00000001800223a4     mexTrainDL_Memory.obj
 0004:000013b0       $pdata$?dtor$3@?0??mult@?$Matrix@M@@UEBAXAEBV?$SpMatrix@M@@AEAV1@_N2MM@Z@4HA 00000001800223b0     mexTrainDL_Memory.obj
 0004:000013bc       $pdata$?dtor$4@?0??mult@?$Matrix@M@@UEBAXAEBV?$SpMatrix@M@@AEAV1@_N2MM@Z@4HA 00000001800223bc     mexTrainDL_Memory.obj
 0004:000013c8       $pdata$?dtor$5@?0??mult@?$Matrix@M@@UEBAXAEBV?$SpMatrix@M@@AEAV1@_N2MM@Z@4HA 00000001800223c8     mexTrainDL_Memory.obj
 0004:000013d4       $pdata$?dtor$6@?0??mult@?$Matrix@M@@UEBAXAEBV?$SpMatrix@M@@AEAV1@_N2MM@Z@4HA 00000001800223d4     mexTrainDL_Memory.obj
 0004:000013e0       $pdata$?dtor$7@?0??mult@?$Matrix@M@@UEBAXAEBV?$SpMatrix@M@@AEAV1@_N2MM@Z@4HA 00000001800223e0     mexTrainDL_Memory.obj
 0004:000013ec       $pdata$?dtor$0@?0??mult@?$Matrix@N@@UEBAXAEBV?$SpMatrix@N@@AEAV1@_N2NN@Z@4HA 00000001800223ec     mexTrainDL_Memory.obj
 0004:000013f8       $pdata$?dtor$1@?0??mult@?$Matrix@N@@UEBAXAEBV?$SpMatrix@N@@AEAV1@_N2NN@Z@4HA 00000001800223f8     mexTrainDL_Memory.obj
 0004:00001404       $pdata$?dtor$2@?0??mult@?$Matrix@N@@UEBAXAEBV?$SpMatrix@N@@AEAV1@_N2NN@Z@4HA 0000000180022404     mexTrainDL_Memory.obj
 0004:00001410       $pdata$?dtor$3@?0??mult@?$Matrix@N@@UEBAXAEBV?$SpMatrix@N@@AEAV1@_N2NN@Z@4HA 0000000180022410     mexTrainDL_Memory.obj
 0004:0000141c       $pdata$?dtor$4@?0??mult@?$Matrix@N@@UEBAXAEBV?$SpMatrix@N@@AEAV1@_N2NN@Z@4HA 000000018002241c     mexTrainDL_Memory.obj
 0004:00001428       $pdata$?dtor$5@?0??mult@?$Matrix@N@@UEBAXAEBV?$SpMatrix@N@@AEAV1@_N2NN@Z@4HA 0000000180022428     mexTrainDL_Memory.obj
 0004:00001434       $pdata$?dtor$6@?0??mult@?$Matrix@N@@UEBAXAEBV?$SpMatrix@N@@AEAV1@_N2NN@Z@4HA 0000000180022434     mexTrainDL_Memory.obj
 0004:00001440       $pdata$?dtor$7@?0??mult@?$Matrix@N@@UEBAXAEBV?$SpMatrix@N@@AEAV1@_N2NN@Z@4HA 0000000180022440     mexTrainDL_Memory.obj
 0004:0000144c       $pdata$?dtor$0@?0??rank1Update@?$Matrix@M@@QEAAXAEBV?$Vector@M@@AEBV?$SpVector@M@@M@Z@4HA 000000018002244c     mexTrainDL_Memory.obj
 0004:0000144c       $pdata$?dtor$0@?0??multTrans@?$Matrix@M@@QEBAXAEBV?$SpVector@M@@AEAV?$Vector@M@@MM@Z@4HA 000000018002244c     mexTrainDL_Memory.obj
 0004:00001458       $pdata$?dtor$0@?0??norm_2sq_cols@?$Matrix@M@@UEBAXAEAV?$Vector@M@@@Z@4HA 0000000180022458     mexTrainDL_Memory.obj
 0004:00001458       $pdata$?dtor$0@?0??normalize@?$Matrix@M@@QEAAXXZ@4HA 0000000180022458     mexTrainDL_Memory.obj
 0004:00001464       $pdata$?dtor$0@?0??norm_2sq_cols@?$Matrix@N@@UEBAXAEAV?$Vector@N@@@Z@4HA 0000000180022464     mexTrainDL_Memory.obj
 0004:00001470       $pdata$?dtor$0@?0??randperm@?$Vector@H@@QEAAXH@Z@4HA 0000000180022470     mexTrainDL_Memory.obj
 0004:0000147c       $pdata$?dtor$0@?0??rank1Update@?$Matrix@N@@QEAAXAEBV?$Vector@N@@AEBV?$SpVector@N@@N@Z@4HA 000000018002247c     mexTrainDL_Memory.obj
 0004:0000147c       $pdata$?dtor$0@?0??normalize@?$Matrix@N@@QEAAXXZ@4HA 000000018002247c     mexTrainDL_Memory.obj
 0004:0000147c       $pdata$?dtor$0@?0??multTrans@?$Matrix@N@@QEBAXAEBV?$SpVector@N@@AEAV?$Vector@N@@NN@Z@4HA 000000018002247c     mexTrainDL_Memory.obj
 0004:00001488       $pdata$?dtor$0@?0??thrsPos@?$Matrix@M@@QEAAXXZ@4HA 0000000180022488     mexTrainDL_Memory.obj
 0004:00001494       $pdata$?dtor$0@?0??thrsPos@?$Matrix@N@@QEAAXXZ@4HA 0000000180022494     mexTrainDL_Memory.obj
 0004:000014a0       $pdata$?dtor$0@?0??trainOffline@?$Trainer@M@@QEAAXAEBV?$Data@M@@AEBU?$ParamDictLearn@M@@@Z@4HA 00000001800224a0     mexTrainDL_Memory.obj
 0004:000014ac       $pdata$?dtor$1@?0??trainOffline@?$Trainer@M@@QEAAXAEBV?$Data@M@@AEBU?$ParamDictLearn@M@@@Z@4HA 00000001800224ac     mexTrainDL_Memory.obj
 0004:000014b8       $pdata$?dtor$2@?0??trainOffline@?$Trainer@M@@QEAAXAEBV?$Data@M@@AEBU?$ParamDictLearn@M@@@Z@4HA 00000001800224b8     mexTrainDL_Memory.obj
 0004:000014c4       $pdata$?dtor$3@?0??trainOffline@?$Trainer@M@@QEAAXAEBV?$Data@M@@AEBU?$ParamDictLearn@M@@@Z@4HA 00000001800224c4     mexTrainDL_Memory.obj
 0004:000014d0       $pdata$?dtor$4@?0??trainOffline@?$Trainer@M@@QEAAXAEBV?$Data@M@@AEBU?$ParamDictLearn@M@@@Z@4HA 00000001800224d0     mexTrainDL_Memory.obj
 0004:000014dc       $pdata$?dtor$5@?0??trainOffline@?$Trainer@M@@QEAAXAEBV?$Data@M@@AEBU?$ParamDictLearn@M@@@Z@4HA 00000001800224dc     mexTrainDL_Memory.obj
 0004:000014e8       $pdata$?dtor$6@?0??trainOffline@?$Trainer@M@@QEAAXAEBV?$Data@M@@AEBU?$ParamDictLearn@M@@@Z@4HA 00000001800224e8     mexTrainDL_Memory.obj
 0004:000014f4       $pdata$?dtor$7@?0??trainOffline@?$Trainer@M@@QEAAXAEBV?$Data@M@@AEBU?$ParamDictLearn@M@@@Z@4HA 00000001800224f4     mexTrainDL_Memory.obj
 0004:00001500       $pdata$?dtor$8@?0??trainOffline@?$Trainer@M@@QEAAXAEBV?$Data@M@@AEBU?$ParamDictLearn@M@@@Z@4HA 0000000180022500     mexTrainDL_Memory.obj
 0004:0000150c       $pdata$?dtor$9@?0??trainOffline@?$Trainer@M@@QEAAXAEBV?$Data@M@@AEBU?$ParamDictLearn@M@@@Z@4HA 000000018002250c     mexTrainDL_Memory.obj
 0004:00001518       $pdata$?dtor$10@?0??trainOffline@?$Trainer@M@@QEAAXAEBV?$Data@M@@AEBU?$ParamDictLearn@M@@@Z@4HA 0000000180022518     mexTrainDL_Memory.obj
 0004:00001524       $pdata$?dtor$11@?0??trainOffline@?$Trainer@M@@QEAAXAEBV?$Data@M@@AEBU?$ParamDictLearn@M@@@Z@4HA 0000000180022524     mexTrainDL_Memory.obj
 0004:00001530       $pdata$?dtor$12@?0??trainOffline@?$Trainer@M@@QEAAXAEBV?$Data@M@@AEBU?$ParamDictLearn@M@@@Z@4HA 0000000180022530     mexTrainDL_Memory.obj
 0004:0000153c       $pdata$?dtor$13@?0??trainOffline@?$Trainer@M@@QEAAXAEBV?$Data@M@@AEBU?$ParamDictLearn@M@@@Z@4HA 000000018002253c     mexTrainDL_Memory.obj
 0004:00001548       $pdata$?dtor$14@?0??trainOffline@?$Trainer@M@@QEAAXAEBV?$Data@M@@AEBU?$ParamDictLearn@M@@@Z@4HA 0000000180022548     mexTrainDL_Memory.obj
 0004:00001554       $pdata$?dtor$15@?0??trainOffline@?$Trainer@M@@QEAAXAEBV?$Data@M@@AEBU?$ParamDictLearn@M@@@Z@4HA 0000000180022554     mexTrainDL_Memory.obj
 0004:00001560       $pdata$?dtor$16@?0??trainOffline@?$Trainer@M@@QEAAXAEBV?$Data@M@@AEBU?$ParamDictLearn@M@@@Z@4HA 0000000180022560     mexTrainDL_Memory.obj
 0004:0000156c       $pdata$?dtor$17@?0??trainOffline@?$Trainer@M@@QEAAXAEBV?$Data@M@@AEBU?$ParamDictLearn@M@@@Z@4HA 000000018002256c     mexTrainDL_Memory.obj
 0004:00001578       $pdata$?dtor$18@?0??trainOffline@?$Trainer@M@@QEAAXAEBV?$Data@M@@AEBU?$ParamDictLearn@M@@@Z@4HA 0000000180022578     mexTrainDL_Memory.obj
 0004:00001584       $pdata$?dtor$19@?0??trainOffline@?$Trainer@M@@QEAAXAEBV?$Data@M@@AEBU?$ParamDictLearn@M@@@Z@4HA 0000000180022584     mexTrainDL_Memory.obj
 0004:00001590       $pdata$?dtor$20@?0??trainOffline@?$Trainer@M@@QEAAXAEBV?$Data@M@@AEBU?$ParamDictLearn@M@@@Z@4HA 0000000180022590     mexTrainDL_Memory.obj
 0004:0000159c       $pdata$?dtor$21@?0??trainOffline@?$Trainer@M@@QEAAXAEBV?$Data@M@@AEBU?$ParamDictLearn@M@@@Z@4HA 000000018002259c     mexTrainDL_Memory.obj
 0004:000015a8       $pdata$?dtor$22@?0??trainOffline@?$Trainer@M@@QEAAXAEBV?$Data@M@@AEBU?$ParamDictLearn@M@@@Z@4HA 00000001800225a8     mexTrainDL_Memory.obj
 0004:000015b4       $pdata$?dtor$0@?0??trainOffline@?$Trainer@N@@QEAAXAEBV?$Data@N@@AEBU?$ParamDictLearn@N@@@Z@4HA 00000001800225b4     mexTrainDL_Memory.obj
 0004:000015c0       $pdata$?dtor$1@?0??trainOffline@?$Trainer@N@@QEAAXAEBV?$Data@N@@AEBU?$ParamDictLearn@N@@@Z@4HA 00000001800225c0     mexTrainDL_Memory.obj
 0004:000015cc       $pdata$?dtor$2@?0??trainOffline@?$Trainer@N@@QEAAXAEBV?$Data@N@@AEBU?$ParamDictLearn@N@@@Z@4HA 00000001800225cc     mexTrainDL_Memory.obj
 0004:000015d8       $pdata$?dtor$3@?0??trainOffline@?$Trainer@N@@QEAAXAEBV?$Data@N@@AEBU?$ParamDictLearn@N@@@Z@4HA 00000001800225d8     mexTrainDL_Memory.obj
 0004:000015e4       $pdata$?dtor$4@?0??trainOffline@?$Trainer@N@@QEAAXAEBV?$Data@N@@AEBU?$ParamDictLearn@N@@@Z@4HA 00000001800225e4     mexTrainDL_Memory.obj
 0004:000015f0       $pdata$?dtor$5@?0??trainOffline@?$Trainer@N@@QEAAXAEBV?$Data@N@@AEBU?$ParamDictLearn@N@@@Z@4HA 00000001800225f0     mexTrainDL_Memory.obj
 0004:000015fc       $pdata$?dtor$6@?0??trainOffline@?$Trainer@N@@QEAAXAEBV?$Data@N@@AEBU?$ParamDictLearn@N@@@Z@4HA 00000001800225fc     mexTrainDL_Memory.obj
 0004:00001608       $pdata$?dtor$7@?0??trainOffline@?$Trainer@N@@QEAAXAEBV?$Data@N@@AEBU?$ParamDictLearn@N@@@Z@4HA 0000000180022608     mexTrainDL_Memory.obj
 0004:00001614       $pdata$?dtor$8@?0??trainOffline@?$Trainer@N@@QEAAXAEBV?$Data@N@@AEBU?$ParamDictLearn@N@@@Z@4HA 0000000180022614     mexTrainDL_Memory.obj
 0004:00001620       $pdata$?dtor$9@?0??trainOffline@?$Trainer@N@@QEAAXAEBV?$Data@N@@AEBU?$ParamDictLearn@N@@@Z@4HA 0000000180022620     mexTrainDL_Memory.obj
 0004:0000162c       $pdata$?dtor$10@?0??trainOffline@?$Trainer@N@@QEAAXAEBV?$Data@N@@AEBU?$ParamDictLearn@N@@@Z@4HA 000000018002262c     mexTrainDL_Memory.obj
 0004:00001638       $pdata$?dtor$11@?0??trainOffline@?$Trainer@N@@QEAAXAEBV?$Data@N@@AEBU?$ParamDictLearn@N@@@Z@4HA 0000000180022638     mexTrainDL_Memory.obj
 0004:00001644       $pdata$?dtor$12@?0??trainOffline@?$Trainer@N@@QEAAXAEBV?$Data@N@@AEBU?$ParamDictLearn@N@@@Z@4HA 0000000180022644     mexTrainDL_Memory.obj
 0004:00001650       $pdata$?dtor$13@?0??trainOffline@?$Trainer@N@@QEAAXAEBV?$Data@N@@AEBU?$ParamDictLearn@N@@@Z@4HA 0000000180022650     mexTrainDL_Memory.obj
 0004:0000165c       $pdata$?dtor$14@?0??trainOffline@?$Trainer@N@@QEAAXAEBV?$Data@N@@AEBU?$ParamDictLearn@N@@@Z@4HA 000000018002265c     mexTrainDL_Memory.obj
 0004:00001668       $pdata$?dtor$15@?0??trainOffline@?$Trainer@N@@QEAAXAEBV?$Data@N@@AEBU?$ParamDictLearn@N@@@Z@4HA 0000000180022668     mexTrainDL_Memory.obj
 0004:00001674       $pdata$?dtor$16@?0??trainOffline@?$Trainer@N@@QEAAXAEBV?$Data@N@@AEBU?$ParamDictLearn@N@@@Z@4HA 0000000180022674     mexTrainDL_Memory.obj
 0004:00001680       $pdata$?dtor$17@?0??trainOffline@?$Trainer@N@@QEAAXAEBV?$Data@N@@AEBU?$ParamDictLearn@N@@@Z@4HA 0000000180022680     mexTrainDL_Memory.obj
 0004:0000168c       $pdata$?dtor$18@?0??trainOffline@?$Trainer@N@@QEAAXAEBV?$Data@N@@AEBU?$ParamDictLearn@N@@@Z@4HA 000000018002268c     mexTrainDL_Memory.obj
 0004:00001698       $pdata$?dtor$19@?0??trainOffline@?$Trainer@N@@QEAAXAEBV?$Data@N@@AEBU?$ParamDictLearn@N@@@Z@4HA 0000000180022698     mexTrainDL_Memory.obj
 0004:000016a4       $pdata$?dtor$20@?0??trainOffline@?$Trainer@N@@QEAAXAEBV?$Data@N@@AEBU?$ParamDictLearn@N@@@Z@4HA 00000001800226a4     mexTrainDL_Memory.obj
 0004:000016b0       $pdata$?dtor$21@?0??trainOffline@?$Trainer@N@@QEAAXAEBV?$Data@N@@AEBU?$ParamDictLearn@N@@@Z@4HA 00000001800226b0     mexTrainDL_Memory.obj
 0004:000016bc       $pdata$?dtor$22@?0??trainOffline@?$Trainer@N@@QEAAXAEBV?$Data@N@@AEBU?$ParamDictLearn@N@@@Z@4HA 00000001800226bc     mexTrainDL_Memory.obj
 0004:000016c8       $pdata$?fin$0@?0???_L@YAXPEAX_KHP6AX0@Z2@Z@4HA 00000001800226c8     MSVCRT:ehvecctr.obj
 0004:000016d4       $pdata$?fin$0@?0???_M@YAXPEAX_KHP6AX0@Z@Z@4HA 00000001800226d4     MSVCRT:ehvecdtr.obj
 0004:000016e0       $pdata$?filt$0@?0??__ArrayUnwind@@YAXPEAX_KHP6AX0@Z@Z@4HA 00000001800226e0     MSVCRT:ehvecdtr.obj
 0004:000016ec       $pdata$_onexit$fin$0       00000001800226ec     MSVCRT:atonexit.obj
 0004:000016f8       $pdata$__DllMainCRTStartup$filt$0 00000001800226f8     MSVCRT:crtdll.obj
 0004:00001704       $pdata$__DllMainCRTStartup$fin$1 0000000180022704     MSVCRT:crtdll.obj
 0004:00001710       $pdata$_IsNonwritableInCurrentImage$filt$0 0000000180022710     MSVCRT:pesect.obj
 0004:0000171c       $pdata$??__E?_Generic_object@?$_Error_objects@H@std@@2V_Generic_error_category@2@A@@YAXXZ 000000018002271c     mexTrainDL_Memory.obj
 0004:00001728       $pdata$??__E?_Iostream_object@?$_Error_objects@H@std@@2V_Iostream_error_category@2@A@@YAXXZ 0000000180022728     mexTrainDL_Memory.obj
 0004:00001734       $pdata$??__E?_System_object@?$_Error_objects@H@std@@2V_System_error_category@2@A@@YAXXZ 0000000180022734     mexTrainDL_Memory.obj
 0004:00001740       $pdata$??__E?id@?$num_put@DV?$back_insert_iterator@V?$basic_string@DU?$char_traits@D@std@@V?$allocator@D@2@@std@@@std@@@std@@2V0locale@2@A@@YAXXZ 0000000180022740     mexTrainDL_Memory.obj
 0004:0000174c       $pdata$??__E?id@?$num_put@_WV?$back_insert_iterator@V?$basic_string@_WU?$char_traits@_W@std@@V?$allocator@_W@2@@std@@@std@@@std@@2V0locale@2@A@@YAXXZ 000000018002274c     mexTrainDL_Memory.obj
 0004:00001758       $pdata$??__Eallocator_arg@std@@YAXXZ 0000000180022758     mexTrainDL_Memory.obj
 0004:00001764       $pdata$??__Epiecewise_construct@std@@YAXXZ 0000000180022764     mexTrainDL_Memory.obj
 0004:00001770       $pdata$??__Etglobal1@@YAXXZ 0000000180022770     mexTrainDL_Memory.obj
 0004:0000177c       $pdata$??__Etglobal2@@YAXXZ 000000018002277c     mexTrainDL_Memory.obj
 0004:00001788       $pdata$??__Etglobal3@@YAXXZ 0000000180022788     mexTrainDL_Memory.obj
 0004:00001794       $pdata$??__F?_Generic_object@?$_Error_objects@H@std@@2V_Generic_error_category@2@A@@YAXXZ 0000000180022794     mexTrainDL_Memory.obj
 0004:000017a0       $pdata$??__F?_Iostream_object@?$_Error_objects@H@std@@2V_Iostream_error_category@2@A@@YAXXZ 00000001800227a0     mexTrainDL_Memory.obj
 0004:000017ac       $pdata$??__F?_System_object@?$_Error_objects@H@std@@2V_System_error_category@2@A@@YAXXZ 00000001800227ac     mexTrainDL_Memory.obj
 0004:000017b8       $pdata$??__Ftglobal1@@YAXXZ 00000001800227b8     mexTrainDL_Memory.obj
 0004:000017c4       $pdata$??__Ftglobal2@@YAXXZ 00000001800227c4     mexTrainDL_Memory.obj
 0004:000017d0       $pdata$??__Ftglobal3@@YAXXZ 00000001800227d0     mexTrainDL_Memory.obj
